<?xml version="1.0"?>
<link_info>
   <banner>TMS320C2000 Linker Unix v15.12.3.LTS</banner>
   <copyright>Copyright (c) 1996-2015 Texas Instruments Incorporated</copyright>
   <link_time>0x581d0cdc</link_time>
   <link_errors>0x0</link_errors>
   <output_file>proj_lab02a.out</output_file>
   <entry_point>
      <name>_c_int00</name>
      <address>0xa8ca</address>
   </entry_point>
   <input_file_list>
      <input_file id="fl-5">
         <path>./</path>
         <kind>object</kind>
         <file>CodeStartBranch.obj</file>
         <name>CodeStartBranch.obj</name>
      </input_file>
      <input_file id="fl-6">
         <path>./</path>
         <kind>object</kind>
         <file>adc.obj</file>
         <name>adc.obj</name>
      </input_file>
      <input_file id="fl-7">
         <path>./</path>
         <kind>object</kind>
         <file>clk.obj</file>
         <name>clk.obj</name>
      </input_file>
      <input_file id="fl-8">
         <path>./</path>
         <kind>object</kind>
         <file>cpu.obj</file>
         <name>cpu.obj</name>
      </input_file>
      <input_file id="fl-9">
         <path>./</path>
         <kind>object</kind>
         <file>drv8301.obj</file>
         <name>drv8301.obj</name>
      </input_file>
      <input_file id="fl-a">
         <path>./</path>
         <kind>object</kind>
         <file>flash.obj</file>
         <name>flash.obj</name>
      </input_file>
      <input_file id="fl-b">
         <path>./</path>
         <kind>object</kind>
         <file>gpio.obj</file>
         <name>gpio.obj</name>
      </input_file>
      <input_file id="fl-c">
         <path>./</path>
         <kind>object</kind>
         <file>hal.obj</file>
         <name>hal.obj</name>
      </input_file>
      <input_file id="fl-d">
         <path>./</path>
         <kind>object</kind>
         <file>osc.obj</file>
         <name>osc.obj</name>
      </input_file>
      <input_file id="fl-e">
         <path>./</path>
         <kind>object</kind>
         <file>pie.obj</file>
         <name>pie.obj</name>
      </input_file>
      <input_file id="fl-f">
         <path>./</path>
         <kind>object</kind>
         <file>pll.obj</file>
         <name>pll.obj</name>
      </input_file>
      <input_file id="fl-10">
         <path>./</path>
         <kind>object</kind>
         <file>proj_lab02a.obj</file>
         <name>proj_lab02a.obj</name>
      </input_file>
      <input_file id="fl-11">
         <path>./</path>
         <kind>object</kind>
         <file>pwm.obj</file>
         <name>pwm.obj</name>
      </input_file>
      <input_file id="fl-12">
         <path>./</path>
         <kind>object</kind>
         <file>pwr.obj</file>
         <name>pwr.obj</name>
      </input_file>
      <input_file id="fl-13">
         <path>./</path>
         <kind>object</kind>
         <file>spi.obj</file>
         <name>spi.obj</name>
      </input_file>
      <input_file id="fl-14">
         <path>./</path>
         <kind>object</kind>
         <file>timer.obj</file>
         <name>timer.obj</name>
      </input_file>
      <input_file id="fl-15">
         <path>./</path>
         <kind>object</kind>
         <file>usDelay.obj</file>
         <name>usDelay.obj</name>
      </input_file>
      <input_file id="fl-16">
         <path>./</path>
         <kind>object</kind>
         <file>user.obj</file>
         <name>user.obj</name>
      </input_file>
      <input_file id="fl-17">
         <path>./</path>
         <kind>object</kind>
         <file>wdog.obj</file>
         <name>wdog.obj</name>
      </input_file>
      <input_file id="fl-1b">
         <path>/home/scottm/ti/ccsv6/tools/compiler/c2000_15.12.3.LTS/lib/</path>
         <kind>archive</kind>
         <file>rts2800_ml.lib</file>
         <name>fd_mpy.obj</name>
      </input_file>
      <input_file id="fl-1c">
         <path>/home/scottm/ti/ccsv6/tools/compiler/c2000_15.12.3.LTS/lib/</path>
         <kind>archive</kind>
         <file>rts2800_ml.lib</file>
         <name>fd_tol.obj</name>
      </input_file>
      <input_file id="fl-1d">
         <path>/home/scottm/ti/ccsv6/tools/compiler/c2000_15.12.3.LTS/lib/</path>
         <kind>archive</kind>
         <file>rts2800_ml.lib</file>
         <name>fs_div.obj</name>
      </input_file>
      <input_file id="fl-1e">
         <path>/home/scottm/ti/ccsv6/tools/compiler/c2000_15.12.3.LTS/lib/</path>
         <kind>archive</kind>
         <file>rts2800_ml.lib</file>
         <name>fs_mpy.obj</name>
      </input_file>
      <input_file id="fl-1f">
         <path>/home/scottm/ti/ccsv6/tools/compiler/c2000_15.12.3.LTS/lib/</path>
         <kind>archive</kind>
         <file>rts2800_ml.lib</file>
         <name>fs_neg.obj</name>
      </input_file>
      <input_file id="fl-20">
         <path>/home/scottm/ti/ccsv6/tools/compiler/c2000_15.12.3.LTS/lib/</path>
         <kind>archive</kind>
         <file>rts2800_ml.lib</file>
         <name>fs_tofd.obj</name>
      </input_file>
      <input_file id="fl-21">
         <path>/home/scottm/ti/ccsv6/tools/compiler/c2000_15.12.3.LTS/lib/</path>
         <kind>archive</kind>
         <file>rts2800_ml.lib</file>
         <name>fs_toi.obj</name>
      </input_file>
      <input_file id="fl-22">
         <path>/home/scottm/ti/ccsv6/tools/compiler/c2000_15.12.3.LTS/lib/</path>
         <kind>archive</kind>
         <file>rts2800_ml.lib</file>
         <name>fs_tou.obj</name>
      </input_file>
      <input_file id="fl-23">
         <path>/home/scottm/ti/ccsv6/tools/compiler/c2000_15.12.3.LTS/lib/</path>
         <kind>archive</kind>
         <file>rts2800_ml.lib</file>
         <name>fs_toul.obj</name>
      </input_file>
      <input_file id="fl-24">
         <path>/home/scottm/ti/ccsv6/tools/compiler/c2000_15.12.3.LTS/lib/</path>
         <kind>archive</kind>
         <file>rts2800_ml.lib</file>
         <name>i_tofs.obj</name>
      </input_file>
      <input_file id="fl-25">
         <path>/home/scottm/ti/ccsv6/tools/compiler/c2000_15.12.3.LTS/lib/</path>
         <kind>archive</kind>
         <file>rts2800_ml.lib</file>
         <name>u_tofs.obj</name>
      </input_file>
      <input_file id="fl-26">
         <path>/home/scottm/ti/ccsv6/tools/compiler/c2000_15.12.3.LTS/lib/</path>
         <kind>archive</kind>
         <file>rts2800_ml.lib</file>
         <name>ul_tofs.obj</name>
      </input_file>
      <input_file id="fl-27">
         <path>/home/scottm/Projects/instaspin/MotorWare_1_01_00_17/sw/modules/fast/lib/32b/f28x/f2806x/</path>
         <kind>archive</kind>
         <file>2806xRevB_FastSpinROMSymbols.lib</file>
         <name>TMS320x2806x_REVB_boot_rom_out__CTRL_getVersion_tmp.obj</name>
      </input_file>
      <input_file id="fl-28">
         <path>/home/scottm/Projects/instaspin/MotorWare_1_01_00_17/sw/modules/fast/lib/32b/f28x/f2806x/</path>
         <kind>archive</kind>
         <file>2806xRevB_FastSpinROMSymbols.lib</file>
         <name>TMS320x2806x_REVB_boot_rom_out__CTRL_initCtrl_tmp.obj</name>
      </input_file>
      <input_file id="fl-29">
         <path>/home/scottm/Projects/instaspin/MotorWare_1_01_00_17/sw/modules/fast/lib/32b/f28x/f2806x/</path>
         <kind>archive</kind>
         <file>2806xRevB_FastSpinROMSymbols.lib</file>
         <name>TMS320x2806x_REVB_boot_rom_out__CTRL_run_tmp.obj</name>
      </input_file>
      <input_file id="fl-2a">
         <path>/home/scottm/Projects/instaspin/MotorWare_1_01_00_17/sw/modules/fast/lib/32b/f28x/f2806x/</path>
         <kind>archive</kind>
         <file>2806xRevB_FastSpinROMSymbols.lib</file>
         <name>TMS320x2806x_REVB_boot_rom_out__CTRL_setGains_tmp.obj</name>
      </input_file>
      <input_file id="fl-2b">
         <path>/home/scottm/Projects/instaspin/MotorWare_1_01_00_17/sw/modules/fast/lib/32b/f28x/f2806x/</path>
         <kind>archive</kind>
         <file>2806xRevB_FastSpinROMSymbols.lib</file>
         <name>TMS320x2806x_REVB_boot_rom_out__CTRL_setParams_tmp.obj</name>
      </input_file>
      <input_file id="fl-2c">
         <path>/home/scottm/Projects/instaspin/MotorWare_1_01_00_17/sw/modules/fast/lib/32b/f28x/f2806x/</path>
         <kind>archive</kind>
         <file>2806xRevB_FastSpinROMSymbols.lib</file>
         <name>TMS320x2806x_REVB_boot_rom_out__CTRL_setSpd_ref_krpm_tmp.obj</name>
      </input_file>
      <input_file id="fl-2d">
         <path>/home/scottm/Projects/instaspin/MotorWare_1_01_00_17/sw/modules/fast/lib/32b/f28x/f2806x/</path>
         <kind>archive</kind>
         <file>2806xRevB_FastSpinROMSymbols.lib</file>
         <name>TMS320x2806x_REVB_boot_rom_out__CTRL_setup_tmp.obj</name>
      </input_file>
      <input_file id="fl-2e">
         <path>/home/scottm/Projects/instaspin/MotorWare_1_01_00_17/sw/modules/fast/lib/32b/f28x/f2806x/</path>
         <kind>archive</kind>
         <file>2806xRevB_FastSpinROMSymbols.lib</file>
         <name>TMS320x2806x_REVB_boot_rom_out__CTRL_updateState_tmp.obj</name>
      </input_file>
      <input_file id="fl-2f">
         <path>/home/scottm/Projects/instaspin/MotorWare_1_01_00_17/sw/modules/fast/lib/32b/f28x/f2806x/</path>
         <kind>archive</kind>
         <file>2806xRevB_FastSpinROMSymbols.lib</file>
         <name>TMS320x2806x_REVB_boot_rom_out__EST_computeDirection_qFmt_tmp.obj</name>
      </input_file>
      <input_file id="fl-30">
         <path>/home/scottm/Projects/instaspin/MotorWare_1_01_00_17/sw/modules/fast/lib/32b/f28x/f2806x/</path>
         <kind>archive</kind>
         <file>2806xRevB_FastSpinROMSymbols.lib</file>
         <name>TMS320x2806x_REVB_boot_rom_out__EST_getFlux_VpHz_tmp.obj</name>
      </input_file>
      <input_file id="fl-31">
         <path>/home/scottm/Projects/instaspin/MotorWare_1_01_00_17/sw/modules/fast/lib/32b/f28x/f2806x/</path>
         <kind>archive</kind>
         <file>2806xRevB_FastSpinROMSymbols.lib</file>
         <name>TMS320x2806x_REVB_boot_rom_out__EST_getFlux_pu_tmp.obj</name>
      </input_file>
      <input_file id="fl-32">
         <path>/home/scottm/Projects/instaspin/MotorWare_1_01_00_17/sw/modules/fast/lib/32b/f28x/f2806x/</path>
         <kind>archive</kind>
         <file>2806xRevB_FastSpinROMSymbols.lib</file>
         <name>TMS320x2806x_REVB_boot_rom_out__EST_getIdRated_tmp.obj</name>
      </input_file>
      <input_file id="fl-33">
         <path>/home/scottm/Projects/instaspin/MotorWare_1_01_00_17/sw/modules/fast/lib/32b/f28x/f2806x/</path>
         <kind>archive</kind>
         <file>2806xRevB_FastSpinROMSymbols.lib</file>
         <name>TMS320x2806x_REVB_boot_rom_out__EST_getLs_coarse_max_pu_tmp.obj</name>
      </input_file>
      <input_file id="fl-34">
         <path>/home/scottm/Projects/instaspin/MotorWare_1_01_00_17/sw/modules/fast/lib/32b/f28x/f2806x/</path>
         <kind>archive</kind>
         <file>2806xRevB_FastSpinROMSymbols.lib</file>
         <name>TMS320x2806x_REVB_boot_rom_out__EST_getLs_d_H_tmp.obj</name>
      </input_file>
      <input_file id="fl-35">
         <path>/home/scottm/Projects/instaspin/MotorWare_1_01_00_17/sw/modules/fast/lib/32b/f28x/f2806x/</path>
         <kind>archive</kind>
         <file>2806xRevB_FastSpinROMSymbols.lib</file>
         <name>TMS320x2806x_REVB_boot_rom_out__EST_getLs_d_pu_tmp.obj</name>
      </input_file>
      <input_file id="fl-36">
         <path>/home/scottm/Projects/instaspin/MotorWare_1_01_00_17/sw/modules/fast/lib/32b/f28x/f2806x/</path>
         <kind>archive</kind>
         <file>2806xRevB_FastSpinROMSymbols.lib</file>
         <name>TMS320x2806x_REVB_boot_rom_out__EST_getLs_q_H_tmp.obj</name>
      </input_file>
      <input_file id="fl-37">
         <path>/home/scottm/Projects/instaspin/MotorWare_1_01_00_17/sw/modules/fast/lib/32b/f28x/f2806x/</path>
         <kind>archive</kind>
         <file>2806xRevB_FastSpinROMSymbols.lib</file>
         <name>TMS320x2806x_REVB_boot_rom_out__EST_getLs_q_pu_tmp.obj</name>
      </input_file>
      <input_file id="fl-38">
         <path>/home/scottm/Projects/instaspin/MotorWare_1_01_00_17/sw/modules/fast/lib/32b/f28x/f2806x/</path>
         <kind>archive</kind>
         <file>2806xRevB_FastSpinROMSymbols.lib</file>
         <name>TMS320x2806x_REVB_boot_rom_out__EST_getMaxCurrentSlope_pu_tmp.obj</name>
      </input_file>
      <input_file id="fl-39">
         <path>/home/scottm/Projects/instaspin/MotorWare_1_01_00_17/sw/modules/fast/lib/32b/f28x/f2806x/</path>
         <kind>archive</kind>
         <file>2806xRevB_FastSpinROMSymbols.lib</file>
         <name>TMS320x2806x_REVB_boot_rom_out__EST_getRr_Ohm_tmp.obj</name>
      </input_file>
      <input_file id="fl-3a">
         <path>/home/scottm/Projects/instaspin/MotorWare_1_01_00_17/sw/modules/fast/lib/32b/f28x/f2806x/</path>
         <kind>archive</kind>
         <file>2806xRevB_FastSpinROMSymbols.lib</file>
         <name>TMS320x2806x_REVB_boot_rom_out__EST_getRs_Ohm_tmp.obj</name>
      </input_file>
      <input_file id="fl-3b">
         <path>/home/scottm/Projects/instaspin/MotorWare_1_01_00_17/sw/modules/fast/lib/32b/f28x/f2806x/</path>
         <kind>archive</kind>
         <file>2806xRevB_FastSpinROMSymbols.lib</file>
         <name>TMS320x2806x_REVB_boot_rom_out__EST_getSpeed_krpm_tmp.obj</name>
      </input_file>
      <input_file id="fl-3c">
         <path>/home/scottm/Projects/instaspin/MotorWare_1_01_00_17/sw/modules/fast/lib/32b/f28x/f2806x/</path>
         <kind>archive</kind>
         <file>2806xRevB_FastSpinROMSymbols.lib</file>
         <name>TMS320x2806x_REVB_boot_rom_out__EST_getState_tmp.obj</name>
      </input_file>
      <input_file id="fl-3d">
         <path>/home/scottm/Projects/instaspin/MotorWare_1_01_00_17/sw/modules/fast/lib/32b/f28x/f2806x/</path>
         <kind>archive</kind>
         <file>2806xRevB_FastSpinROMSymbols.lib</file>
         <name>TMS320x2806x_REVB_boot_rom_out__EST_get_pu_to_krpm_sf_tmp.obj</name>
      </input_file>
      <input_file id="fl-3e">
         <path>/home/scottm/Projects/instaspin/MotorWare_1_01_00_17/sw/modules/fast/lib/32b/f28x/f2806x/</path>
         <kind>archive</kind>
         <file>2806xRevB_FastSpinROMSymbols.lib</file>
         <name>TMS320x2806x_REVB_boot_rom_out__EST_isMotorIdentified_tmp.obj</name>
      </input_file>
      <input_file id="fl-3f">
         <path>/home/scottm/Projects/instaspin/MotorWare_1_01_00_17/sw/modules/fast/lib/32b/f28x/f2806x/</path>
         <kind>archive</kind>
         <file>2806xRevB_FastSpinROMSymbols.lib</file>
         <name>TMS320x2806x_REVB_boot_rom_out__EST_setDir_qFmt_tmp.obj</name>
      </input_file>
      <input_file id="fl-40">
         <path>/home/scottm/Projects/instaspin/MotorWare_1_01_00_17/sw/modules/fast/lib/32b/f28x/f2806x/</path>
         <kind>archive</kind>
         <file>2806xRevB_FastSpinROMSymbols.lib</file>
         <name>TMS320x2806x_REVB_boot_rom_out__EST_setFe_neg_max_pu_tmp.obj</name>
      </input_file>
      <input_file id="fl-41">
         <path>/home/scottm/Projects/instaspin/MotorWare_1_01_00_17/sw/modules/fast/lib/32b/f28x/f2806x/</path>
         <kind>archive</kind>
         <file>2806xRevB_FastSpinROMSymbols.lib</file>
         <name>TMS320x2806x_REVB_boot_rom_out__EST_setFe_pos_min_pu_tmp.obj</name>
      </input_file>
      <input_file id="fl-42">
         <path>/home/scottm/Projects/instaspin/MotorWare_1_01_00_17/sw/modules/fast/lib/32b/f28x/f2806x/</path>
         <kind>archive</kind>
         <file>2806xRevB_FastSpinROMSymbols.lib</file>
         <name>TMS320x2806x_REVB_boot_rom_out__EST_setFlag_enableForceAngle_tmp.obj</name>
      </input_file>
      <input_file id="fl-43">
         <path>/home/scottm/Projects/instaspin/MotorWare_1_01_00_17/sw/modules/fast/lib/32b/f28x/f2806x/</path>
         <kind>archive</kind>
         <file>2806xRevB_FastSpinROMSymbols.lib</file>
         <name>TMS320x2806x_REVB_boot_rom_out__EST_setLs_d_pu_tmp.obj</name>
      </input_file>
      <input_file id="fl-44">
         <path>/home/scottm/Projects/instaspin/MotorWare_1_01_00_17/sw/modules/fast/lib/32b/f28x/f2806x/</path>
         <kind>archive</kind>
         <file>2806xRevB_FastSpinROMSymbols.lib</file>
         <name>TMS320x2806x_REVB_boot_rom_out__EST_setLs_qFmt_tmp.obj</name>
      </input_file>
      <input_file id="fl-45">
         <path>/home/scottm/Projects/instaspin/MotorWare_1_01_00_17/sw/modules/fast/lib/32b/f28x/f2806x/</path>
         <kind>archive</kind>
         <file>2806xRevB_FastSpinROMSymbols.lib</file>
         <name>TMS320x2806x_REVB_boot_rom_out__EST_setLs_q_pu_tmp.obj</name>
      </input_file>
      <input_file id="fl-46">
         <path>/home/scottm/Projects/instaspin/MotorWare_1_01_00_17/sw/modules/fast/lib/32b/f28x/f2806x/</path>
         <kind>archive</kind>
         <file>2806xRevB_FastSpinROMSymbols.lib</file>
         <name>TMS320x2806x_REVB_boot_rom_out__EST_setMaxCurrentSlope_pu_tmp.obj</name>
      </input_file>
      <input_file id="fl-47">
         <path>/home/scottm/Projects/instaspin/MotorWare_1_01_00_17/sw/modules/fast/lib/32b/f28x/f2806x/</path>
         <kind>archive</kind>
         <file>2806xRevB_FastSpinROMSymbols.lib</file>
         <name>TMS320x2806x_REVB_boot_rom_out__OFFSET_init_tmp.obj</name>
      </input_file>
      <input_file id="fl-48">
         <path>/home/scottm/Projects/instaspin/MotorWare_1_01_00_17/sw/modules/fast/lib/32b/f28x/f2806x/</path>
         <kind>archive</kind>
         <file>2806xRevB_FastSpinROMSymbols.lib</file>
         <name>TMS320x2806x_REVB_boot_rom_out__OFFSET_setBeta_tmp.obj</name>
      </input_file>
      <input_file id="fl-49">
         <path>/home/scottm/Projects/instaspin/MotorWare_1_01_00_17/sw/modules/fast/lib/32b/f28x/f2806x/</path>
         <kind>archive</kind>
         <file>2806xRevB_FastSpinROMSymbols.lib</file>
         <name>TMS320x2806x_REVB_boot_rom_out__OFFSET_setInitCond_tmp.obj</name>
      </input_file>
      <input_file id="fl-4a">
         <path>/home/scottm/Projects/instaspin/MotorWare_1_01_00_17/sw/modules/fast/lib/32b/f28x/f2806x/</path>
         <kind>archive</kind>
         <file>2806xRevB_FastSpinROMSymbols.lib</file>
         <name>TMS320x2806x_REVB_boot_rom_out__OFFSET_setOffset_tmp.obj</name>
      </input_file>
      <input_file id="fl-4b">
         <path>/home/scottm/Projects/instaspin/MotorWare_1_01_00_17/sw/modules/iqmath/lib/f28x/32b/</path>
         <kind>archive</kind>
         <file>IQmath.lib</file>
         <name>IQ30toF.obj</name>
      </input_file>
      <input_file id="fl-4c">
         <path>/home/scottm/ti/ccsv6/tools/compiler/c2000_15.12.3.LTS/lib/</path>
         <kind>archive</kind>
         <file>rts2800_ml.lib</file>
         <name>boot.obj</name>
      </input_file>
      <input_file id="fl-4d">
         <path>/home/scottm/ti/ccsv6/tools/compiler/c2000_15.12.3.LTS/lib/</path>
         <kind>archive</kind>
         <file>rts2800_ml.lib</file>
         <name>args_main.obj</name>
      </input_file>
      <input_file id="fl-4e">
         <path>/home/scottm/ti/ccsv6/tools/compiler/c2000_15.12.3.LTS/lib/</path>
         <kind>archive</kind>
         <file>rts2800_ml.lib</file>
         <name>startup.obj</name>
      </input_file>
      <input_file id="fl-4f">
         <path>/home/scottm/ti/ccsv6/tools/compiler/c2000_15.12.3.LTS/lib/</path>
         <kind>archive</kind>
         <file>rts2800_ml.lib</file>
         <name>pre_init.obj</name>
      </input_file>
      <input_file id="fl-50">
         <path>/home/scottm/ti/ccsv6/tools/compiler/c2000_15.12.3.LTS/lib/</path>
         <kind>archive</kind>
         <file>rts2800_ml.lib</file>
         <name>s_ceilf.obj</name>
      </input_file>
      <input_file id="fl-51">
         <path>/home/scottm/ti/ccsv6/tools/compiler/c2000_15.12.3.LTS/lib/</path>
         <kind>archive</kind>
         <file>rts2800_ml.lib</file>
         <name>fs_add.obj</name>
      </input_file>
      <input_file id="fl-52">
         <path>/home/scottm/ti/ccsv6/tools/compiler/c2000_15.12.3.LTS/lib/</path>
         <kind>archive</kind>
         <file>rts2800_ml.lib</file>
         <name>fs_cmp.obj</name>
      </input_file>
      <input_file id="fl-53">
         <path>/home/scottm/ti/ccsv6/tools/compiler/c2000_15.12.3.LTS/lib/</path>
         <kind>archive</kind>
         <file>rts2800_ml.lib</file>
         <name>cpy_tbl.obj</name>
      </input_file>
      <input_file id="fl-54">
         <path>/home/scottm/ti/ccsv6/tools/compiler/c2000_15.12.3.LTS/lib/</path>
         <kind>archive</kind>
         <file>rts2800_ml.lib</file>
         <name>cpy_utils.obj</name>
      </input_file>
      <input_file id="fl-55">
         <path>/home/scottm/ti/ccsv6/tools/compiler/c2000_15.12.3.LTS/lib/</path>
         <kind>archive</kind>
         <file>rts2800_ml.lib</file>
         <name>exit.obj</name>
      </input_file>
      <input_file id="fl-56">
         <path>/home/scottm/ti/ccsv6/tools/compiler/c2000_15.12.3.LTS/lib/</path>
         <kind>archive</kind>
         <file>rts2800_ml.lib</file>
         <name>_lock.obj</name>
      </input_file>
      <input_file id="fl-57">
         <path>/home/scottm/ti/ccsv6/tools/compiler/c2000_15.12.3.LTS/lib/</path>
         <kind>archive</kind>
         <file>rts2800_ml.lib</file>
         <name>e_logf.obj</name>
      </input_file>
      <input_file id="fl-58">
         <path>/home/scottm/ti/ccsv6/tools/compiler/c2000_15.12.3.LTS/lib/</path>
         <kind>archive</kind>
         <file>rts2800_ml.lib</file>
         <name>l_tofs.obj</name>
      </input_file>
      <input_file id="fl-59">
         <path>/home/scottm/ti/ccsv6/tools/compiler/c2000_15.12.3.LTS/lib/</path>
         <kind>archive</kind>
         <file>rts2800_ml.lib</file>
         <name>errno.obj</name>
      </input_file>
      <input_file id="fl-5a">
         <path>/home/scottm/ti/ccsv6/tools/compiler/c2000_15.12.3.LTS/lib/</path>
         <kind>archive</kind>
         <file>rts2800_ml.lib</file>
         <name>e_powf.obj</name>
      </input_file>
      <input_file id="fl-5b">
         <path>/home/scottm/ti/ccsv6/tools/compiler/c2000_15.12.3.LTS/lib/</path>
         <kind>archive</kind>
         <file>rts2800_ml.lib</file>
         <name>s_scalbnf.obj</name>
      </input_file>
      <input_file id="fl-5c">
         <path>/home/scottm/ti/ccsv6/tools/compiler/c2000_15.12.3.LTS/lib/</path>
         <kind>archive</kind>
         <file>rts2800_ml.lib</file>
         <name>s_copysignf.obj</name>
      </input_file>
      <input_file id="fl-5d">
         <path>/home/scottm/ti/ccsv6/tools/compiler/c2000_15.12.3.LTS/lib/</path>
         <kind>archive</kind>
         <file>rts2800_ml.lib</file>
         <name>e_sqrtf.obj</name>
      </input_file>
   </input_file_list>
   <object_component_list>
      <object_component id="oc-3a">
         <name>codestart</name>
         <load_address>0x0</load_address>
         <run_address>0x0</run_address>
         <size>0x2</size>
         <input_file_ref idref="fl-5"/>
      </object_component>
      <object_component id="oc-157">
         <name>ramfuncs</name>
         <load_address>0x107</load_address>
         <run_address>0x107</run_address>
         <size>0x32</size>
         <input_file_ref idref="fl-a"/>
      </object_component>
      <object_component id="oc-94">
         <name>ramfuncs</name>
         <load_address>0x139</load_address>
         <run_address>0x139</run_address>
         <size>0x4</size>
         <input_file_ref idref="fl-15"/>
      </object_component>
      <object_component id="oc-14c">
         <name>.text</name>
         <load_address>0x8000</load_address>
         <run_address>0x8000</run_address>
         <size>0xacf</size>
         <input_file_ref idref="fl-c"/>
      </object_component>
      <object_component id="oc-14d">
         <name>.text</name>
         <load_address>0x8acf</load_address>
         <run_address>0x8acf</run_address>
         <size>0x438</size>
         <input_file_ref idref="fl-16"/>
      </object_component>
      <object_component id="oc-160">
         <name>.text</name>
         <load_address>0x8f07</load_address>
         <run_address>0x8f07</run_address>
         <size>0x432</size>
         <input_file_ref idref="fl-5a"/>
      </object_component>
      <object_component id="oc-149">
         <name>.text</name>
         <load_address>0x9339</load_address>
         <run_address>0x9339</run_address>
         <size>0x338</size>
         <input_file_ref idref="fl-10"/>
      </object_component>
      <object_component id="oc-153">
         <name>.text</name>
         <load_address>0x9671</load_address>
         <run_address>0x9671</run_address>
         <size>0x2f6</size>
         <input_file_ref idref="fl-11"/>
      </object_component>
      <object_component id="oc-150">
         <name>.text</name>
         <load_address>0x9967</load_address>
         <run_address>0x9967</run_address>
         <size>0x2d1</size>
         <input_file_ref idref="fl-9"/>
      </object_component>
      <object_component id="oc-158">
         <name>.text</name>
         <load_address>0x9c38</load_address>
         <run_address>0x9c38</run_address>
         <size>0x1f8</size>
         <input_file_ref idref="fl-6"/>
      </object_component>
      <object_component id="oc-154">
         <name>.text</name>
         <load_address>0x9e30</load_address>
         <run_address>0x9e30</run_address>
         <size>0x18a</size>
         <input_file_ref idref="fl-7"/>
      </object_component>
      <object_component id="oc-15e">
         <name>.text</name>
         <load_address>0x9fba</load_address>
         <run_address>0x9fba</run_address>
         <size>0x188</size>
         <input_file_ref idref="fl-57"/>
      </object_component>
      <object_component id="oc-148">
         <name>.text</name>
         <load_address>0xa142</load_address>
         <run_address>0xa142</run_address>
         <size>0x181</size>
         <input_file_ref idref="fl-b"/>
      </object_component>
      <object_component id="oc-156">
         <name>.text</name>
         <load_address>0xa2c3</load_address>
         <run_address>0xa2c3</run_address>
         <size>0xff</size>
         <input_file_ref idref="fl-e"/>
      </object_component>
      <object_component id="oc-7a">
         <name>.text:retain</name>
         <load_address>0xa3c2</load_address>
         <run_address>0xa3c2</run_address>
         <size>0xe5</size>
         <input_file_ref idref="fl-10"/>
      </object_component>
      <object_component id="oc-152">
         <name>.text</name>
         <load_address>0xa4a7</load_address>
         <run_address>0xa4a7</run_address>
         <size>0xa9</size>
         <input_file_ref idref="fl-13"/>
      </object_component>
      <object_component id="oc-a4">
         <name>.text</name>
         <load_address>0xa550</load_address>
         <run_address>0xa550</run_address>
         <size>0x83</size>
         <input_file_ref idref="fl-1b"/>
      </object_component>
      <object_component id="oc-ae">
         <name>.text</name>
         <load_address>0xa5d3</load_address>
         <run_address>0xa5d3</run_address>
         <size>0x83</size>
         <input_file_ref idref="fl-1d"/>
      </object_component>
      <object_component id="oc-fc">
         <name>.text</name>
         <load_address>0xa656</load_address>
         <run_address>0xa656</run_address>
         <size>0x78</size>
         <input_file_ref idref="fl-51"/>
      </object_component>
      <object_component id="oc-162">
         <name>.text</name>
         <load_address>0xa6ce</load_address>
         <run_address>0xa6ce</run_address>
         <size>0x73</size>
         <input_file_ref idref="fl-5d"/>
      </object_component>
      <object_component id="oc-15f">
         <name>.text</name>
         <load_address>0xa741</load_address>
         <run_address>0xa741</run_address>
         <size>0x6b</size>
         <input_file_ref idref="fl-50"/>
      </object_component>
      <object_component id="oc-166">
         <name>.text</name>
         <load_address>0xa7ac</load_address>
         <run_address>0xa7ac</run_address>
         <size>0x69</size>
         <input_file_ref idref="fl-5b"/>
      </object_component>
      <object_component id="oc-155">
         <name>.text</name>
         <load_address>0xa815</load_address>
         <run_address>0xa815</run_address>
         <size>0x5b</size>
         <input_file_ref idref="fl-f"/>
      </object_component>
      <object_component id="oc-b3">
         <name>.text</name>
         <load_address>0xa870</load_address>
         <run_address>0xa870</run_address>
         <size>0x5a</size>
         <input_file_ref idref="fl-1e"/>
      </object_component>
      <object_component id="oc-14">
         <name>.text</name>
         <load_address>0xa8ca</load_address>
         <run_address>0xa8ca</run_address>
         <size>0x54</size>
         <input_file_ref idref="fl-4c"/>
      </object_component>
      <object_component id="oc-143">
         <name>.text</name>
         <load_address>0xa91e</load_address>
         <run_address>0xa91e</run_address>
         <size>0x46</size>
         <input_file_ref idref="fl-53"/>
      </object_component>
      <object_component id="oc-15b">
         <name>.text</name>
         <load_address>0xa964</load_address>
         <run_address>0xa964</run_address>
         <size>0x46</size>
         <input_file_ref idref="fl-17"/>
      </object_component>
      <object_component id="oc-15d">
         <name>.text</name>
         <load_address>0xa9aa</load_address>
         <run_address>0xa9aa</run_address>
         <size>0x44</size>
         <input_file_ref idref="fl-12"/>
      </object_component>
      <object_component id="oc-151">
         <name>.text</name>
         <load_address>0xa9ee</load_address>
         <run_address>0xa9ee</run_address>
         <size>0x32</size>
         <input_file_ref idref="fl-14"/>
      </object_component>
      <object_component id="oc-159">
         <name>.text</name>
         <load_address>0xaa20</load_address>
         <run_address>0xaa20</run_address>
         <size>0x2d</size>
         <input_file_ref idref="fl-d"/>
      </object_component>
      <object_component id="oc-146">
         <name>.text</name>
         <load_address>0xaa4d</load_address>
         <run_address>0xaa4d</run_address>
         <size>0x29</size>
         <input_file_ref idref="fl-55"/>
      </object_component>
      <object_component id="oc-15a">
         <name>.text</name>
         <load_address>0xaa76</load_address>
         <run_address>0xaa76</run_address>
         <size>0x25</size>
         <input_file_ref idref="fl-8"/>
      </object_component>
      <object_component id="oc-c2">
         <name>.text</name>
         <load_address>0xaa9b</load_address>
         <run_address>0xaa9b</run_address>
         <size>0x25</size>
         <input_file_ref idref="fl-21"/>
      </object_component>
      <object_component id="oc-cc">
         <name>.text</name>
         <load_address>0xaac0</load_address>
         <run_address>0xaac0</run_address>
         <size>0x21</size>
         <input_file_ref idref="fl-23"/>
      </object_component>
      <object_component id="oc-15c">
         <name>.text</name>
         <load_address>0xaae1</load_address>
         <run_address>0xaae1</run_address>
         <size>0x20</size>
         <input_file_ref idref="fl-a"/>
      </object_component>
      <object_component id="oc-a9">
         <name>.text</name>
         <load_address>0xab01</load_address>
         <run_address>0xab01</run_address>
         <size>0x1f</size>
         <input_file_ref idref="fl-1c"/>
      </object_component>
      <object_component id="oc-c7">
         <name>.text</name>
         <load_address>0xab20</load_address>
         <run_address>0xab20</run_address>
         <size>0x1d</size>
         <input_file_ref idref="fl-22"/>
      </object_component>
      <object_component id="oc-bd">
         <name>.text</name>
         <load_address>0xab3d</load_address>
         <run_address>0xab3d</run_address>
         <size>0x1c</size>
         <input_file_ref idref="fl-20"/>
      </object_component>
      <object_component id="oc-10b">
         <name>.text</name>
         <load_address>0xab59</load_address>
         <run_address>0xab59</run_address>
         <size>0x1a</size>
         <input_file_ref idref="fl-54"/>
      </object_component>
      <object_component id="oc-d1">
         <name>.text</name>
         <load_address>0xab73</load_address>
         <run_address>0xab73</run_address>
         <size>0x1a</size>
         <input_file_ref idref="fl-24"/>
      </object_component>
      <object_component id="oc-122">
         <name>.text</name>
         <load_address>0xab8d</load_address>
         <run_address>0xab8d</run_address>
         <size>0x1a</size>
         <input_file_ref idref="fl-58"/>
      </object_component>
      <object_component id="oc-145">
         <name>.text</name>
         <load_address>0xaba7</load_address>
         <run_address>0xaba7</run_address>
         <size>0x19</size>
         <input_file_ref idref="fl-4d"/>
      </object_component>
      <object_component id="oc-101">
         <name>.text</name>
         <load_address>0xabc0</load_address>
         <run_address>0xabc0</run_address>
         <size>0x17</size>
         <input_file_ref idref="fl-52"/>
      </object_component>
      <object_component id="oc-db">
         <name>.text</name>
         <load_address>0xabd7</load_address>
         <run_address>0xabd7</run_address>
         <size>0x13</size>
         <input_file_ref idref="fl-26"/>
      </object_component>
      <object_component id="oc-d6">
         <name>.text</name>
         <load_address>0xabea</load_address>
         <run_address>0xabea</run_address>
         <size>0x10</size>
         <input_file_ref idref="fl-25"/>
      </object_component>
      <object_component id="oc-14e">
         <name>.text</name>
         <load_address>0xabfa</load_address>
         <run_address>0xabfa</run_address>
         <size>0x9</size>
         <input_file_ref idref="fl-56"/>
      </object_component>
      <object_component id="oc-167">
         <name>.text</name>
         <load_address>0xac03</load_address>
         <run_address>0xac03</run_address>
         <size>0x9</size>
         <input_file_ref idref="fl-5c"/>
      </object_component>
      <object_component id="oc-39">
         <name>.text</name>
         <load_address>0xac0c</load_address>
         <run_address>0xac0c</run_address>
         <size>0x8</size>
         <input_file_ref idref="fl-5"/>
      </object_component>
      <object_component id="oc-6d">
         <name>.text:retain</name>
         <load_address>0xac14</load_address>
         <run_address>0xac14</run_address>
         <size>0x5</size>
         <input_file_ref idref="fl-e"/>
      </object_component>
      <object_component id="oc-b8">
         <name>.text</name>
         <load_address>0xac19</load_address>
         <run_address>0xac19</run_address>
         <size>0x5</size>
         <input_file_ref idref="fl-1f"/>
      </object_component>
      <object_component id="oc-142">
         <name>.text</name>
         <load_address>0xac1e</load_address>
         <run_address>0xac1e</run_address>
         <size>0x2</size>
         <input_file_ref idref="fl-4f"/>
      </object_component>
      <object_component id="oc-144">
         <name>.text</name>
         <load_address>0xac20</load_address>
         <run_address>0xac20</run_address>
         <size>0x1</size>
         <input_file_ref idref="fl-4e"/>
      </object_component>
      <object_component id="oc-78">
         <name>.cinit</name>
         <load_address>0x50</load_address>
         <run_address>0x50</run_address>
         <size>0x95</size>
         <input_file_ref idref="fl-10"/>
      </object_component>
      <object_component id="oc-111">
         <name>.cinit</name>
         <load_address>0xe5</load_address>
         <run_address>0xe5</run_address>
         <size>0xe</size>
         <input_file_ref idref="fl-55"/>
      </object_component>
      <object_component id="oc-14b">
         <name>.cinit:__lock</name>
         <load_address>0xf3</load_address>
         <run_address>0xf3</run_address>
         <size>0x5</size>
         <input_file_ref idref="fl-56"/>
      </object_component>
      <object_component id="oc-14f">
         <name>.cinit:__unlock</name>
         <load_address>0xf8</load_address>
         <run_address>0xf8</run_address>
         <size>0x5</size>
         <input_file_ref idref="fl-56"/>
      </object_component>
      <object_component id="oc-50">
         <name>.cinit</name>
         <load_address>0xfd</load_address>
         <run_address>0xfd</run_address>
         <size>0x4</size>
         <input_file_ref idref="fl-9"/>
      </object_component>
      <object_component id="oc-128">
         <name>.cinit</name>
         <load_address>0x101</load_address>
         <run_address>0x101</run_address>
         <size>0x4</size>
         <input_file_ref idref="fl-59"/>
      </object_component>
      <object_component id="oc-e2">
         <name>.reset</name>
         <load_address>0x3fffc0</load_address>
         <run_address>0x3fffc0</run_address>
         <size>0x2</size>
         <input_file_ref idref="fl-4c"/>
      </object_component>
      <object_component id="oc-e1">
         <name>.stack</name>
         <uninitialized>true</uninitialized>
         <run_address>0x400</run_address>
         <size>0x0</size>
         <input_file_ref idref="fl-4c"/>
      </object_component>
      <object_component id="oc-186">
         <name>.stack</name>
         <uninitialized>true</uninitialized>
         <run_address>0x400</run_address>
         <size>0x0</size>
      </object_component>
      <object_component id="oc-4a">
         <name>.ebss</name>
         <uninitialized>true</uninitialized>
         <run_address>0xac2e</run_address>
         <size>0x1</size>
         <input_file_ref idref="fl-8"/>
      </object_component>
      <object_component id="oc-51">
         <name>.ebss</name>
         <uninitialized>true</uninitialized>
         <run_address>0xac2c</run_address>
         <size>0x2</size>
         <input_file_ref idref="fl-9"/>
      </object_component>
      <object_component id="oc-61">
         <name>.ebss</name>
         <uninitialized>true</uninitialized>
         <run_address>0xadc0</run_address>
         <size>0xa8</size>
         <input_file_ref idref="fl-c"/>
      </object_component>
      <object_component id="oc-79">
         <name>.ebss</name>
         <uninitialized>true</uninitialized>
         <run_address>0xac40</run_address>
         <size>0x16c</size>
         <input_file_ref idref="fl-10"/>
      </object_component>
      <object_component id="oc-112">
         <name>.ebss</name>
         <uninitialized>true</uninitialized>
         <run_address>0xac22</run_address>
         <size>0x6</size>
         <input_file_ref idref="fl-55"/>
      </object_component>
      <object_component id="oc-161">
         <name>.ebss:__unlock</name>
         <uninitialized>true</uninitialized>
         <run_address>0xac2a</run_address>
         <size>0x2</size>
         <input_file_ref idref="fl-56"/>
      </object_component>
      <object_component id="oc-14a">
         <name>.ebss:__lock</name>
         <uninitialized>true</uninitialized>
         <run_address>0xac28</run_address>
         <size>0x2</size>
         <input_file_ref idref="fl-56"/>
      </object_component>
      <object_component id="oc-129">
         <name>.ebss</name>
         <uninitialized>true</uninitialized>
         <run_address>0xac2f</run_address>
         <size>0x1</size>
         <input_file_ref idref="fl-59"/>
      </object_component>
      <object_component id="oc-12c">
         <name>.econst</name>
         <load_address>0xae68</load_address>
         <run_address>0xae68</run_address>
         <size>0x32</size>
         <input_file_ref idref="fl-5a"/>
      </object_component>
      <object_component id="oc-11d">
         <name>.econst</name>
         <load_address>0xae9a</load_address>
         <run_address>0xae9a</run_address>
         <size>0x10</size>
         <input_file_ref idref="fl-57"/>
      </object_component>
      <object_component id="oc-9a">
         <name>.econst</name>
         <load_address>0xaeaa</load_address>
         <run_address>0xaeaa</run_address>
         <size>0x8</size>
         <input_file_ref idref="fl-16"/>
      </object_component>
      <object_component id="oc-147">
         <name>.econst:_$P$T0$1</name>
         <load_address>0xaeb2</load_address>
         <run_address>0xaeb2</run_address>
         <size>0x6</size>
         <input_file_ref idref="fl-10"/>
      </object_component>
      <object_component id="oc-132">
         <name>.econst</name>
         <load_address>0xaeb8</load_address>
         <run_address>0xaeb8</run_address>
         <size>0x6</size>
         <input_file_ref idref="fl-5b"/>
      </object_component>
      <object_component id="oc-163">
         <name>.econst:_bp</name>
         <load_address>0xaebe</load_address>
         <run_address>0xaebe</run_address>
         <size>0x4</size>
         <input_file_ref idref="fl-5a"/>
      </object_component>
      <object_component id="oc-164">
         <name>.econst:_dp_h</name>
         <load_address>0xaec2</load_address>
         <run_address>0xaec2</run_address>
         <size>0x4</size>
         <input_file_ref idref="fl-5a"/>
      </object_component>
      <object_component id="oc-165">
         <name>.econst:_dp_l</name>
         <load_address>0xaec6</load_address>
         <run_address>0xaec6</run_address>
         <size>0x4</size>
         <input_file_ref idref="fl-5a"/>
      </object_component>
      <object_component id="oc-62">
         <name>.econst</name>
         <load_address>0xaeca</load_address>
         <run_address>0xaeca</run_address>
         <size>0x4</size>
         <input_file_ref idref="fl-c"/>
      </object_component>
      <object_component id="oc-7b">
         <name>.econst</name>
         <load_address>0xaece</load_address>
         <run_address>0xaece</run_address>
         <size>0x4</size>
         <input_file_ref idref="fl-10"/>
      </object_component>
      <object_component id="oc-13d">
         <name>.econst</name>
         <load_address>0xaed2</load_address>
         <run_address>0xaed2</run_address>
         <size>0x4</size>
         <input_file_ref idref="fl-5d"/>
      </object_component>
      <object_component id="oc-f7">
         <name>.econst</name>
         <load_address>0xaed6</load_address>
         <run_address>0xaed6</run_address>
         <size>0x2</size>
         <input_file_ref idref="fl-50"/>
      </object_component>
      <object_component id="oc-e0">
         <name>IQmath</name>
         <load_address>0xaed8</load_address>
         <run_address>0xaed8</run_address>
         <size>0x14</size>
         <input_file_ref idref="fl-4b"/>
      </object_component>
      <object_component id="oc-3b">
         <name>.debug_info</name>
         <load_address>0x0</load_address>
         <run_address>0x0</run_address>
         <size>0x273</size>
         <input_file_ref idref="fl-5"/>
      </object_component>
      <object_component id="oc-3f">
         <name>.debug_info</name>
         <load_address>0x273</load_address>
         <run_address>0x273</run_address>
         <size>0x47ee</size>
         <input_file_ref idref="fl-6"/>
      </object_component>
      <object_component id="oc-44">
         <name>.debug_info</name>
         <load_address>0x4a61</load_address>
         <run_address>0x4a61</run_address>
         <size>0x51c5</size>
         <input_file_ref idref="fl-7"/>
      </object_component>
      <object_component id="oc-49">
         <name>.debug_info</name>
         <load_address>0x9c26</load_address>
         <run_address>0x9c26</run_address>
         <size>0x11dc</size>
         <input_file_ref idref="fl-8"/>
      </object_component>
      <object_component id="oc-4f">
         <name>.debug_info</name>
         <load_address>0xae02</load_address>
         <run_address>0xae02</run_address>
         <size>0x5134</size>
         <input_file_ref idref="fl-9"/>
      </object_component>
      <object_component id="oc-56">
         <name>.debug_info</name>
         <load_address>0xff36</load_address>
         <run_address>0xff36</run_address>
         <size>0x226b</size>
         <input_file_ref idref="fl-a"/>
      </object_component>
      <object_component id="oc-5b">
         <name>.debug_info</name>
         <load_address>0x121a1</load_address>
         <run_address>0x121a1</run_address>
         <size>0x391b</size>
         <input_file_ref idref="fl-b"/>
      </object_component>
      <object_component id="oc-60">
         <name>.debug_info</name>
         <load_address>0x15abc</load_address>
         <run_address>0x15abc</run_address>
         <size>0x122c4</size>
         <input_file_ref idref="fl-c"/>
      </object_component>
      <object_component id="oc-67">
         <name>.debug_info</name>
         <load_address>0x27d80</load_address>
         <run_address>0x27d80</run_address>
         <size>0xaac</size>
         <input_file_ref idref="fl-d"/>
      </object_component>
      <object_component id="oc-6c">
         <name>.debug_info</name>
         <load_address>0x2882c</load_address>
         <run_address>0x2882c</run_address>
         <size>0x4901</size>
         <input_file_ref idref="fl-e"/>
      </object_component>
      <object_component id="oc-72">
         <name>.debug_info</name>
         <load_address>0x2d12d</load_address>
         <run_address>0x2d12d</run_address>
         <size>0x1c8b</size>
         <input_file_ref idref="fl-f"/>
      </object_component>
      <object_component id="oc-77">
         <name>.debug_info</name>
         <load_address>0x2edb8</load_address>
         <run_address>0x2edb8</run_address>
         <size>0x92ae</size>
         <input_file_ref idref="fl-10"/>
      </object_component>
      <object_component id="oc-80">
         <name>.debug_info</name>
         <load_address>0x38066</load_address>
         <run_address>0x38066</run_address>
         <size>0xbc16</size>
         <input_file_ref idref="fl-11"/>
      </object_component>
      <object_component id="oc-85">
         <name>.debug_info</name>
         <load_address>0x43c7c</load_address>
         <run_address>0x43c7c</run_address>
         <size>0x1479</size>
         <input_file_ref idref="fl-12"/>
      </object_component>
      <object_component id="oc-8a">
         <name>.debug_info</name>
         <load_address>0x450f5</load_address>
         <run_address>0x450f5</run_address>
         <size>0x3fae</size>
         <input_file_ref idref="fl-13"/>
      </object_component>
      <object_component id="oc-8f">
         <name>.debug_info</name>
         <load_address>0x490a3</load_address>
         <run_address>0x490a3</run_address>
         <size>0x1027</size>
         <input_file_ref idref="fl-14"/>
      </object_component>
      <object_component id="oc-95">
         <name>.debug_info</name>
         <load_address>0x4a0ca</load_address>
         <run_address>0x4a0ca</run_address>
         <size>0x1e9</size>
         <input_file_ref idref="fl-15"/>
      </object_component>
      <object_component id="oc-99">
         <name>.debug_info</name>
         <load_address>0x4a2b3</load_address>
         <run_address>0x4a2b3</run_address>
         <size>0x4b6d</size>
         <input_file_ref idref="fl-16"/>
      </object_component>
      <object_component id="oc-9f">
         <name>.debug_info</name>
         <load_address>0x4ee20</load_address>
         <run_address>0x4ee20</run_address>
         <size>0x1439</size>
         <input_file_ref idref="fl-17"/>
      </object_component>
      <object_component id="oc-a5">
         <name>.debug_info</name>
         <load_address>0x50259</load_address>
         <run_address>0x50259</run_address>
         <size>0x10d</size>
         <input_file_ref idref="fl-1b"/>
      </object_component>
      <object_component id="oc-aa">
         <name>.debug_info</name>
         <load_address>0x50366</load_address>
         <run_address>0x50366</run_address>
         <size>0x10d</size>
         <input_file_ref idref="fl-1c"/>
      </object_component>
      <object_component id="oc-af">
         <name>.debug_info</name>
         <load_address>0x50473</load_address>
         <run_address>0x50473</run_address>
         <size>0x10d</size>
         <input_file_ref idref="fl-1d"/>
      </object_component>
      <object_component id="oc-b4">
         <name>.debug_info</name>
         <load_address>0x50580</load_address>
         <run_address>0x50580</run_address>
         <size>0x10d</size>
         <input_file_ref idref="fl-1e"/>
      </object_component>
      <object_component id="oc-b9">
         <name>.debug_info</name>
         <load_address>0x5068d</load_address>
         <run_address>0x5068d</run_address>
         <size>0x10d</size>
         <input_file_ref idref="fl-1f"/>
      </object_component>
      <object_component id="oc-be">
         <name>.debug_info</name>
         <load_address>0x5079a</load_address>
         <run_address>0x5079a</run_address>
         <size>0x110</size>
         <input_file_ref idref="fl-20"/>
      </object_component>
      <object_component id="oc-c3">
         <name>.debug_info</name>
         <load_address>0x508aa</load_address>
         <run_address>0x508aa</run_address>
         <size>0x119</size>
         <input_file_ref idref="fl-21"/>
      </object_component>
      <object_component id="oc-c8">
         <name>.debug_info</name>
         <load_address>0x509c3</load_address>
         <run_address>0x509c3</run_address>
         <size>0x119</size>
         <input_file_ref idref="fl-22"/>
      </object_component>
      <object_component id="oc-cd">
         <name>.debug_info</name>
         <load_address>0x50adc</load_address>
         <run_address>0x50adc</run_address>
         <size>0x11c</size>
         <input_file_ref idref="fl-23"/>
      </object_component>
      <object_component id="oc-d2">
         <name>.debug_info</name>
         <load_address>0x50bf8</load_address>
         <run_address>0x50bf8</run_address>
         <size>0x117</size>
         <input_file_ref idref="fl-24"/>
      </object_component>
      <object_component id="oc-d7">
         <name>.debug_info</name>
         <load_address>0x50d0f</load_address>
         <run_address>0x50d0f</run_address>
         <size>0x111</size>
         <input_file_ref idref="fl-25"/>
      </object_component>
      <object_component id="oc-dc">
         <name>.debug_info</name>
         <load_address>0x50e20</load_address>
         <run_address>0x50e20</run_address>
         <size>0x114</size>
         <input_file_ref idref="fl-26"/>
      </object_component>
      <object_component id="oc-e3">
         <name>.debug_info</name>
         <load_address>0x50f34</load_address>
         <run_address>0x50f34</run_address>
         <size>0x16c</size>
         <input_file_ref idref="fl-4c"/>
      </object_component>
      <object_component id="oc-e7">
         <name>.debug_info</name>
         <load_address>0x510a0</load_address>
         <run_address>0x510a0</run_address>
         <size>0x41d</size>
         <input_file_ref idref="fl-4d"/>
      </object_component>
      <object_component id="oc-ec">
         <name>.debug_info</name>
         <load_address>0x514bd</load_address>
         <run_address>0x514bd</run_address>
         <size>0x32e</size>
         <input_file_ref idref="fl-4e"/>
      </object_component>
      <object_component id="oc-f1">
         <name>.debug_info</name>
         <load_address>0x517eb</load_address>
         <run_address>0x517eb</run_address>
         <size>0x331</size>
         <input_file_ref idref="fl-4f"/>
      </object_component>
      <object_component id="oc-f6">
         <name>.debug_info</name>
         <load_address>0x51b1c</load_address>
         <run_address>0x51b1c</run_address>
         <size>0x448</size>
         <input_file_ref idref="fl-50"/>
      </object_component>
      <object_component id="oc-fd">
         <name>.debug_info</name>
         <load_address>0x51f64</load_address>
         <run_address>0x51f64</run_address>
         <size>0x10d</size>
         <input_file_ref idref="fl-51"/>
      </object_component>
      <object_component id="oc-102">
         <name>.debug_info</name>
         <load_address>0x52071</load_address>
         <run_address>0x52071</run_address>
         <size>0x10d</size>
         <input_file_ref idref="fl-52"/>
      </object_component>
      <object_component id="oc-106">
         <name>.debug_info</name>
         <load_address>0x5217e</load_address>
         <run_address>0x5217e</run_address>
         <size>0x576</size>
         <input_file_ref idref="fl-53"/>
      </object_component>
      <object_component id="oc-10c">
         <name>.debug_info</name>
         <load_address>0x526f4</load_address>
         <run_address>0x526f4</run_address>
         <size>0x113</size>
         <input_file_ref idref="fl-54"/>
      </object_component>
      <object_component id="oc-110">
         <name>.debug_info</name>
         <load_address>0x52807</load_address>
         <run_address>0x52807</run_address>
         <size>0x4fa</size>
         <input_file_ref idref="fl-55"/>
      </object_component>
      <object_component id="oc-117">
         <name>.debug_info</name>
         <load_address>0x52d01</load_address>
         <run_address>0x52d01</run_address>
         <size>0x450</size>
         <input_file_ref idref="fl-56"/>
      </object_component>
      <object_component id="oc-11c">
         <name>.debug_info</name>
         <load_address>0x53151</load_address>
         <run_address>0x53151</run_address>
         <size>0x781</size>
         <input_file_ref idref="fl-57"/>
      </object_component>
      <object_component id="oc-123">
         <name>.debug_info</name>
         <load_address>0x538d2</load_address>
         <run_address>0x538d2</run_address>
         <size>0x117</size>
         <input_file_ref idref="fl-58"/>
      </object_component>
      <object_component id="oc-127">
         <name>.debug_info</name>
         <load_address>0x539e9</load_address>
         <run_address>0x539e9</run_address>
         <size>0x1bc</size>
         <input_file_ref idref="fl-59"/>
      </object_component>
      <object_component id="oc-12b">
         <name>.debug_info</name>
         <load_address>0x53ba5</load_address>
         <run_address>0x53ba5</run_address>
         <size>0xe8c</size>
         <input_file_ref idref="fl-5a"/>
      </object_component>
      <object_component id="oc-131">
         <name>.debug_info</name>
         <load_address>0x54a31</load_address>
         <run_address>0x54a31</run_address>
         <size>0x4bf</size>
         <input_file_ref idref="fl-5b"/>
      </object_component>
      <object_component id="oc-137">
         <name>.debug_info</name>
         <load_address>0x54ef0</load_address>
         <run_address>0x54ef0</run_address>
         <size>0x3cc</size>
         <input_file_ref idref="fl-5c"/>
      </object_component>
      <object_component id="oc-13c">
         <name>.debug_info</name>
         <load_address>0x552bc</load_address>
         <run_address>0x552bc</run_address>
         <size>0x474</size>
         <input_file_ref idref="fl-5d"/>
      </object_component>
      <object_component id="oc-187">
         <name>.debug_info</name>
         <load_address>0x55730</load_address>
         <run_address>0x55730</run_address>
         <size>0x110</size>
      </object_component>
      <object_component id="oc-3c">
         <name>.debug_line</name>
         <load_address>0x0</load_address>
         <run_address>0x0</run_address>
         <size>0xb0</size>
         <input_file_ref idref="fl-5"/>
      </object_component>
      <object_component id="oc-41">
         <name>.debug_line</name>
         <load_address>0xb0</load_address>
         <run_address>0xb0</run_address>
         <size>0x380</size>
         <input_file_ref idref="fl-6"/>
      </object_component>
      <object_component id="oc-46">
         <name>.debug_line</name>
         <load_address>0x430</load_address>
         <run_address>0x430</run_address>
         <size>0x596</size>
         <input_file_ref idref="fl-7"/>
      </object_component>
      <object_component id="oc-4c">
         <name>.debug_line</name>
         <load_address>0x9c6</load_address>
         <run_address>0x9c6</run_address>
         <size>0x15d</size>
         <input_file_ref idref="fl-8"/>
      </object_component>
      <object_component id="oc-53">
         <name>.debug_line</name>
         <load_address>0xb23</load_address>
         <run_address>0xb23</run_address>
         <size>0x5c2</size>
         <input_file_ref idref="fl-9"/>
      </object_component>
      <object_component id="oc-58">
         <name>.debug_line</name>
         <load_address>0x10e5</load_address>
         <run_address>0x10e5</run_address>
         <size>0x1e5</size>
         <input_file_ref idref="fl-a"/>
      </object_component>
      <object_component id="oc-5d">
         <name>.debug_line</name>
         <load_address>0x12ca</load_address>
         <run_address>0x12ca</run_address>
         <size>0x2bf</size>
         <input_file_ref idref="fl-b"/>
      </object_component>
      <object_component id="oc-64">
         <name>.debug_line</name>
         <load_address>0x1589</load_address>
         <run_address>0x1589</run_address>
         <size>0xdc3</size>
         <input_file_ref idref="fl-c"/>
      </object_component>
      <object_component id="oc-69">
         <name>.debug_line</name>
         <load_address>0x234c</load_address>
         <run_address>0x234c</run_address>
         <size>0xe5</size>
         <input_file_ref idref="fl-d"/>
      </object_component>
      <object_component id="oc-6f">
         <name>.debug_line</name>
         <load_address>0x2431</load_address>
         <run_address>0x2431</run_address>
         <size>0x31f</size>
         <input_file_ref idref="fl-e"/>
      </object_component>
      <object_component id="oc-74">
         <name>.debug_line</name>
         <load_address>0x2750</load_address>
         <run_address>0x2750</run_address>
         <size>0x1f4</size>
         <input_file_ref idref="fl-f"/>
      </object_component>
      <object_component id="oc-7d">
         <name>.debug_line</name>
         <load_address>0x2944</load_address>
         <run_address>0x2944</run_address>
         <size>0x8fb</size>
         <input_file_ref idref="fl-10"/>
      </object_component>
      <object_component id="oc-82">
         <name>.debug_line</name>
         <load_address>0x323f</load_address>
         <run_address>0x323f</run_address>
         <size>0xa44</size>
         <input_file_ref idref="fl-11"/>
      </object_component>
      <object_component id="oc-87">
         <name>.debug_line</name>
         <load_address>0x3c83</load_address>
         <run_address>0x3c83</run_address>
         <size>0x11d</size>
         <input_file_ref idref="fl-12"/>
      </object_component>
      <object_component id="oc-8c">
         <name>.debug_line</name>
         <load_address>0x3da0</load_address>
         <run_address>0x3da0</run_address>
         <size>0x421</size>
         <input_file_ref idref="fl-13"/>
      </object_component>
      <object_component id="oc-91">
         <name>.debug_line</name>
         <load_address>0x41c1</load_address>
         <run_address>0x41c1</run_address>
         <size>0x132</size>
         <input_file_ref idref="fl-14"/>
      </object_component>
      <object_component id="oc-96">
         <name>.debug_line</name>
         <load_address>0x42f3</load_address>
         <run_address>0x42f3</run_address>
         <size>0x91</size>
         <input_file_ref idref="fl-15"/>
      </object_component>
      <object_component id="oc-9c">
         <name>.debug_line</name>
         <load_address>0x4384</load_address>
         <run_address>0x4384</run_address>
         <size>0x473</size>
         <input_file_ref idref="fl-16"/>
      </object_component>
      <object_component id="oc-a1">
         <name>.debug_line</name>
         <load_address>0x47f7</load_address>
         <run_address>0x47f7</run_address>
         <size>0x17c</size>
         <input_file_ref idref="fl-17"/>
      </object_component>
      <object_component id="oc-a6">
         <name>.debug_line</name>
         <load_address>0x4973</load_address>
         <run_address>0x4973</run_address>
         <size>0xa2</size>
         <input_file_ref idref="fl-1b"/>
      </object_component>
      <object_component id="oc-ab">
         <name>.debug_line</name>
         <load_address>0x4a15</load_address>
         <run_address>0x4a15</run_address>
         <size>0x58</size>
         <input_file_ref idref="fl-1c"/>
      </object_component>
      <object_component id="oc-b0">
         <name>.debug_line</name>
         <load_address>0x4a6d</load_address>
         <run_address>0x4a6d</run_address>
         <size>0xab</size>
         <input_file_ref idref="fl-1d"/>
      </object_component>
      <object_component id="oc-b5">
         <name>.debug_line</name>
         <load_address>0x4b18</load_address>
         <run_address>0x4b18</run_address>
         <size>0x8d</size>
         <input_file_ref idref="fl-1e"/>
      </object_component>
      <object_component id="oc-ba">
         <name>.debug_line</name>
         <load_address>0x4ba5</load_address>
         <run_address>0x4ba5</run_address>
         <size>0x41</size>
         <input_file_ref idref="fl-1f"/>
      </object_component>
      <object_component id="oc-bf">
         <name>.debug_line</name>
         <load_address>0x4be6</load_address>
         <run_address>0x4be6</run_address>
         <size>0x56</size>
         <input_file_ref idref="fl-20"/>
      </object_component>
      <object_component id="oc-c4">
         <name>.debug_line</name>
         <load_address>0x4c3c</load_address>
         <run_address>0x4c3c</run_address>
         <size>0x5e</size>
         <input_file_ref idref="fl-21"/>
      </object_component>
      <object_component id="oc-c9">
         <name>.debug_line</name>
         <load_address>0x4c9a</load_address>
         <run_address>0x4c9a</run_address>
         <size>0x56</size>
         <input_file_ref idref="fl-22"/>
      </object_component>
      <object_component id="oc-ce">
         <name>.debug_line</name>
         <load_address>0x4cf0</load_address>
         <run_address>0x4cf0</run_address>
         <size>0x59</size>
         <input_file_ref idref="fl-23"/>
      </object_component>
      <object_component id="oc-d3">
         <name>.debug_line</name>
         <load_address>0x4d49</load_address>
         <run_address>0x4d49</run_address>
         <size>0x52</size>
         <input_file_ref idref="fl-24"/>
      </object_component>
      <object_component id="oc-d8">
         <name>.debug_line</name>
         <load_address>0x4d9b</load_address>
         <run_address>0x4d9b</run_address>
         <size>0x49</size>
         <input_file_ref idref="fl-25"/>
      </object_component>
      <object_component id="oc-dd">
         <name>.debug_line</name>
         <load_address>0x4de4</load_address>
         <run_address>0x4de4</run_address>
         <size>0x4f</size>
         <input_file_ref idref="fl-26"/>
      </object_component>
      <object_component id="oc-e4">
         <name>.debug_line</name>
         <load_address>0x4e33</load_address>
         <run_address>0x4e33</run_address>
         <size>0x7d</size>
         <input_file_ref idref="fl-4c"/>
      </object_component>
      <object_component id="oc-e9">
         <name>.debug_line</name>
         <load_address>0x4eb0</load_address>
         <run_address>0x4eb0</run_address>
         <size>0x55</size>
         <input_file_ref idref="fl-4d"/>
      </object_component>
      <object_component id="oc-ee">
         <name>.debug_line</name>
         <load_address>0x4f05</load_address>
         <run_address>0x4f05</run_address>
         <size>0x3a</size>
         <input_file_ref idref="fl-4e"/>
      </object_component>
      <object_component id="oc-f3">
         <name>.debug_line</name>
         <load_address>0x4f3f</load_address>
         <run_address>0x4f3f</run_address>
         <size>0x3e</size>
         <input_file_ref idref="fl-4f"/>
      </object_component>
      <object_component id="oc-f9">
         <name>.debug_line</name>
         <load_address>0x4f7d</load_address>
         <run_address>0x4f7d</run_address>
         <size>0x78</size>
         <input_file_ref idref="fl-50"/>
      </object_component>
      <object_component id="oc-fe">
         <name>.debug_line</name>
         <load_address>0x4ff5</load_address>
         <run_address>0x4ff5</run_address>
         <size>0xa9</size>
         <input_file_ref idref="fl-51"/>
      </object_component>
      <object_component id="oc-103">
         <name>.debug_line</name>
         <load_address>0x509e</load_address>
         <run_address>0x509e</run_address>
         <size>0x52</size>
         <input_file_ref idref="fl-52"/>
      </object_component>
      <object_component id="oc-108">
         <name>.debug_line</name>
         <load_address>0x50f0</load_address>
         <run_address>0x50f0</run_address>
         <size>0x64</size>
         <input_file_ref idref="fl-53"/>
      </object_component>
      <object_component id="oc-10d">
         <name>.debug_line</name>
         <load_address>0x5154</load_address>
         <run_address>0x5154</run_address>
         <size>0x50</size>
         <input_file_ref idref="fl-54"/>
      </object_component>
      <object_component id="oc-114">
         <name>.debug_line</name>
         <load_address>0x51a4</load_address>
         <run_address>0x51a4</run_address>
         <size>0x65</size>
         <input_file_ref idref="fl-55"/>
      </object_component>
      <object_component id="oc-119">
         <name>.debug_line</name>
         <load_address>0x5209</load_address>
         <run_address>0x5209</run_address>
         <size>0x5e</size>
         <input_file_ref idref="fl-56"/>
      </object_component>
      <object_component id="oc-11f">
         <name>.debug_line</name>
         <load_address>0x5267</load_address>
         <run_address>0x5267</run_address>
         <size>0xbd</size>
         <input_file_ref idref="fl-57"/>
      </object_component>
      <object_component id="oc-124">
         <name>.debug_line</name>
         <load_address>0x5324</load_address>
         <run_address>0x5324</run_address>
         <size>0x53</size>
         <input_file_ref idref="fl-58"/>
      </object_component>
      <object_component id="oc-12e">
         <name>.debug_line</name>
         <load_address>0x5377</load_address>
         <run_address>0x5377</run_address>
         <size>0x1e2</size>
         <input_file_ref idref="fl-5a"/>
      </object_component>
      <object_component id="oc-134">
         <name>.debug_line</name>
         <load_address>0x5559</load_address>
         <run_address>0x5559</run_address>
         <size>0x73</size>
         <input_file_ref idref="fl-5b"/>
      </object_component>
      <object_component id="oc-139">
         <name>.debug_line</name>
         <load_address>0x55cc</load_address>
         <run_address>0x55cc</run_address>
         <size>0x49</size>
         <input_file_ref idref="fl-5c"/>
      </object_component>
      <object_component id="oc-13f">
         <name>.debug_line</name>
         <load_address>0x5615</load_address>
         <run_address>0x5615</run_address>
         <size>0xae</size>
         <input_file_ref idref="fl-5d"/>
      </object_component>
      <object_component id="oc-3d">
         <name>.debug_abbrev</name>
         <load_address>0x0</load_address>
         <run_address>0x0</run_address>
         <size>0x21</size>
         <input_file_ref idref="fl-5"/>
      </object_component>
      <object_component id="oc-42">
         <name>.debug_abbrev</name>
         <load_address>0x21</load_address>
         <run_address>0x21</run_address>
         <size>0x18a</size>
         <input_file_ref idref="fl-6"/>
      </object_component>
      <object_component id="oc-47">
         <name>.debug_abbrev</name>
         <load_address>0x1ab</load_address>
         <run_address>0x1ab</run_address>
         <size>0x16b</size>
         <input_file_ref idref="fl-7"/>
      </object_component>
      <object_component id="oc-4d">
         <name>.debug_abbrev</name>
         <load_address>0x316</load_address>
         <run_address>0x316</run_address>
         <size>0x112</size>
         <input_file_ref idref="fl-8"/>
      </object_component>
      <object_component id="oc-54">
         <name>.debug_abbrev</name>
         <load_address>0x428</load_address>
         <run_address>0x428</run_address>
         <size>0x1d6</size>
         <input_file_ref idref="fl-9"/>
      </object_component>
      <object_component id="oc-59">
         <name>.debug_abbrev</name>
         <load_address>0x5fe</load_address>
         <run_address>0x5fe</run_address>
         <size>0x157</size>
         <input_file_ref idref="fl-a"/>
      </object_component>
      <object_component id="oc-5e">
         <name>.debug_abbrev</name>
         <load_address>0x755</load_address>
         <run_address>0x755</run_address>
         <size>0x162</size>
         <input_file_ref idref="fl-b"/>
      </object_component>
      <object_component id="oc-65">
         <name>.debug_abbrev</name>
         <load_address>0x8b7</load_address>
         <run_address>0x8b7</run_address>
         <size>0x232</size>
         <input_file_ref idref="fl-c"/>
      </object_component>
      <object_component id="oc-6a">
         <name>.debug_abbrev</name>
         <load_address>0xae9</load_address>
         <run_address>0xae9</run_address>
         <size>0x100</size>
         <input_file_ref idref="fl-d"/>
      </object_component>
      <object_component id="oc-70">
         <name>.debug_abbrev</name>
         <load_address>0xbe9</load_address>
         <run_address>0xbe9</run_address>
         <size>0x189</size>
         <input_file_ref idref="fl-e"/>
      </object_component>
      <object_component id="oc-75">
         <name>.debug_abbrev</name>
         <load_address>0xd72</load_address>
         <run_address>0xd72</run_address>
         <size>0x16b</size>
         <input_file_ref idref="fl-f"/>
      </object_component>
      <object_component id="oc-7e">
         <name>.debug_abbrev</name>
         <load_address>0xedd</load_address>
         <run_address>0xedd</run_address>
         <size>0x1cb</size>
         <input_file_ref idref="fl-10"/>
      </object_component>
      <object_component id="oc-83">
         <name>.debug_abbrev</name>
         <load_address>0x10a8</load_address>
         <run_address>0x10a8</run_address>
         <size>0x174</size>
         <input_file_ref idref="fl-11"/>
      </object_component>
      <object_component id="oc-88">
         <name>.debug_abbrev</name>
         <load_address>0x121c</load_address>
         <run_address>0x121c</run_address>
         <size>0x114</size>
         <input_file_ref idref="fl-12"/>
      </object_component>
      <object_component id="oc-8d">
         <name>.debug_abbrev</name>
         <load_address>0x1330</load_address>
         <run_address>0x1330</run_address>
         <size>0x16b</size>
         <input_file_ref idref="fl-13"/>
      </object_component>
      <object_component id="oc-92">
         <name>.debug_abbrev</name>
         <load_address>0x149b</load_address>
         <run_address>0x149b</run_address>
         <size>0x112</size>
         <input_file_ref idref="fl-14"/>
      </object_component>
      <object_component id="oc-97">
         <name>.debug_abbrev</name>
         <load_address>0x15ad</load_address>
         <run_address>0x15ad</run_address>
         <size>0x2f</size>
         <input_file_ref idref="fl-15"/>
      </object_component>
      <object_component id="oc-9d">
         <name>.debug_abbrev</name>
         <load_address>0x15dc</load_address>
         <run_address>0x15dc</run_address>
         <size>0x1a6</size>
         <input_file_ref idref="fl-16"/>
      </object_component>
      <object_component id="oc-a2">
         <name>.debug_abbrev</name>
         <load_address>0x1782</load_address>
         <run_address>0x1782</run_address>
         <size>0x114</size>
         <input_file_ref idref="fl-17"/>
      </object_component>
      <object_component id="oc-a7">
         <name>.debug_abbrev</name>
         <load_address>0x1896</load_address>
         <run_address>0x1896</run_address>
         <size>0x38</size>
         <input_file_ref idref="fl-1b"/>
      </object_component>
      <object_component id="oc-ac">
         <name>.debug_abbrev</name>
         <load_address>0x18ce</load_address>
         <run_address>0x18ce</run_address>
         <size>0x38</size>
         <input_file_ref idref="fl-1c"/>
      </object_component>
      <object_component id="oc-b1">
         <name>.debug_abbrev</name>
         <load_address>0x1906</load_address>
         <run_address>0x1906</run_address>
         <size>0x38</size>
         <input_file_ref idref="fl-1d"/>
      </object_component>
      <object_component id="oc-b6">
         <name>.debug_abbrev</name>
         <load_address>0x193e</load_address>
         <run_address>0x193e</run_address>
         <size>0x38</size>
         <input_file_ref idref="fl-1e"/>
      </object_component>
      <object_component id="oc-bb">
         <name>.debug_abbrev</name>
         <load_address>0x1976</load_address>
         <run_address>0x1976</run_address>
         <size>0x38</size>
         <input_file_ref idref="fl-1f"/>
      </object_component>
      <object_component id="oc-c0">
         <name>.debug_abbrev</name>
         <load_address>0x19ae</load_address>
         <run_address>0x19ae</run_address>
         <size>0x38</size>
         <input_file_ref idref="fl-20"/>
      </object_component>
      <object_component id="oc-c5">
         <name>.debug_abbrev</name>
         <load_address>0x19e6</load_address>
         <run_address>0x19e6</run_address>
         <size>0x38</size>
         <input_file_ref idref="fl-21"/>
      </object_component>
      <object_component id="oc-ca">
         <name>.debug_abbrev</name>
         <load_address>0x1a1e</load_address>
         <run_address>0x1a1e</run_address>
         <size>0x38</size>
         <input_file_ref idref="fl-22"/>
      </object_component>
      <object_component id="oc-cf">
         <name>.debug_abbrev</name>
         <load_address>0x1a56</load_address>
         <run_address>0x1a56</run_address>
         <size>0x38</size>
         <input_file_ref idref="fl-23"/>
      </object_component>
      <object_component id="oc-d4">
         <name>.debug_abbrev</name>
         <load_address>0x1a8e</load_address>
         <run_address>0x1a8e</run_address>
         <size>0x38</size>
         <input_file_ref idref="fl-24"/>
      </object_component>
      <object_component id="oc-d9">
         <name>.debug_abbrev</name>
         <load_address>0x1ac6</load_address>
         <run_address>0x1ac6</run_address>
         <size>0x38</size>
         <input_file_ref idref="fl-25"/>
      </object_component>
      <object_component id="oc-de">
         <name>.debug_abbrev</name>
         <load_address>0x1afe</load_address>
         <run_address>0x1afe</run_address>
         <size>0x38</size>
         <input_file_ref idref="fl-26"/>
      </object_component>
      <object_component id="oc-e5">
         <name>.debug_abbrev</name>
         <load_address>0x1b36</load_address>
         <run_address>0x1b36</run_address>
         <size>0x46</size>
         <input_file_ref idref="fl-4c"/>
      </object_component>
      <object_component id="oc-ea">
         <name>.debug_abbrev</name>
         <load_address>0x1b7c</load_address>
         <run_address>0x1b7c</run_address>
         <size>0xfe</size>
         <input_file_ref idref="fl-4d"/>
      </object_component>
      <object_component id="oc-ef">
         <name>.debug_abbrev</name>
         <load_address>0x1c7a</load_address>
         <run_address>0x1c7a</run_address>
         <size>0x66</size>
         <input_file_ref idref="fl-4e"/>
      </object_component>
      <object_component id="oc-f4">
         <name>.debug_abbrev</name>
         <load_address>0x1ce0</load_address>
         <run_address>0x1ce0</run_address>
         <size>0x68</size>
         <input_file_ref idref="fl-4f"/>
      </object_component>
      <object_component id="oc-fa">
         <name>.debug_abbrev</name>
         <load_address>0x1d48</load_address>
         <run_address>0x1d48</run_address>
         <size>0xc6</size>
         <input_file_ref idref="fl-50"/>
      </object_component>
      <object_component id="oc-ff">
         <name>.debug_abbrev</name>
         <load_address>0x1e0e</load_address>
         <run_address>0x1e0e</run_address>
         <size>0x38</size>
         <input_file_ref idref="fl-51"/>
      </object_component>
      <object_component id="oc-104">
         <name>.debug_abbrev</name>
         <load_address>0x1e46</load_address>
         <run_address>0x1e46</run_address>
         <size>0x38</size>
         <input_file_ref idref="fl-52"/>
      </object_component>
      <object_component id="oc-109">
         <name>.debug_abbrev</name>
         <load_address>0x1e7e</load_address>
         <run_address>0x1e7e</run_address>
         <size>0xfa</size>
         <input_file_ref idref="fl-53"/>
      </object_component>
      <object_component id="oc-10e">
         <name>.debug_abbrev</name>
         <load_address>0x1f78</load_address>
         <run_address>0x1f78</run_address>
         <size>0x32</size>
         <input_file_ref idref="fl-54"/>
      </object_component>
      <object_component id="oc-115">
         <name>.debug_abbrev</name>
         <load_address>0x1faa</load_address>
         <run_address>0x1faa</run_address>
         <size>0x142</size>
         <input_file_ref idref="fl-55"/>
      </object_component>
      <object_component id="oc-11a">
         <name>.debug_abbrev</name>
         <load_address>0x20ec</load_address>
         <run_address>0x20ec</run_address>
         <size>0xb2</size>
         <input_file_ref idref="fl-56"/>
      </object_component>
      <object_component id="oc-120">
         <name>.debug_abbrev</name>
         <load_address>0x219e</load_address>
         <run_address>0x219e</run_address>
         <size>0xd6</size>
         <input_file_ref idref="fl-57"/>
      </object_component>
      <object_component id="oc-125">
         <name>.debug_abbrev</name>
         <load_address>0x2274</load_address>
         <run_address>0x2274</run_address>
         <size>0x38</size>
         <input_file_ref idref="fl-58"/>
      </object_component>
      <object_component id="oc-12a">
         <name>.debug_abbrev</name>
         <load_address>0x22ac</load_address>
         <run_address>0x22ac</run_address>
         <size>0x31</size>
         <input_file_ref idref="fl-59"/>
      </object_component>
      <object_component id="oc-12f">
         <name>.debug_abbrev</name>
         <load_address>0x22dd</load_address>
         <run_address>0x22dd</run_address>
         <size>0xea</size>
         <input_file_ref idref="fl-5a"/>
      </object_component>
      <object_component id="oc-135">
         <name>.debug_abbrev</name>
         <load_address>0x23c7</load_address>
         <run_address>0x23c7</run_address>
         <size>0xd6</size>
         <input_file_ref idref="fl-5b"/>
      </object_component>
      <object_component id="oc-13a">
         <name>.debug_abbrev</name>
         <load_address>0x249d</load_address>
         <run_address>0x249d</run_address>
         <size>0xa8</size>
         <input_file_ref idref="fl-5c"/>
      </object_component>
      <object_component id="oc-140">
         <name>.debug_abbrev</name>
         <load_address>0x2545</load_address>
         <run_address>0x2545</run_address>
[...]
         <value>0xa4b8</value>
         <object_component_ref idref="oc-152"/>
      </symbol>
      <symbol id="sm-348">
         <name>_SPI_setClkPolarity</name>
         <value>0xa4d6</value>
         <object_component_ref idref="oc-152"/>
      </symbol>
      <symbol id="sm-349">
         <name>_SPI_enableTx</name>
         <value>0xa511</value>
         <object_component_ref idref="oc-152"/>
      </symbol>
      <symbol id="sm-34a">
         <name>_SPI_enableLoopBack</name>
         <value>0xa51f</value>
         <object_component_ref idref="oc-152"/>
      </symbol>
      <symbol id="sm-34b">
         <name>_SPI_clearRxFifoOvf</name>
         <value>0xa548</value>
         <object_component_ref idref="oc-152"/>
      </symbol>
      <symbol id="sm-34c">
         <name>_SPI_clearTxFifoInt</name>
         <value>0xa544</value>
         <object_component_ref idref="oc-152"/>
      </symbol>
      <symbol id="sm-34d">
         <name>_SPI_setSteInv</name>
         <value>0xa4bf</value>
         <object_component_ref idref="oc-152"/>
      </symbol>
      <symbol id="sm-34e">
         <name>_SPI_enableRxFifoInt</name>
         <value>0xa514</value>
         <object_component_ref idref="oc-152"/>
      </symbol>
      <symbol id="sm-34f">
         <name>_SPI_getTxFifoStatus</name>
         <value>0xa4f7</value>
         <object_component_ref idref="oc-152"/>
      </symbol>
      <symbol id="sm-350">
         <name>_SPI_setTriWire</name>
         <value>0xa4b1</value>
         <object_component_ref idref="oc-152"/>
      </symbol>
      <symbol id="sm-351">
         <name>_SPI_disableInt</name>
         <value>0xa541</value>
         <object_component_ref idref="oc-152"/>
      </symbol>
      <symbol id="sm-352">
         <name>_SPI_enableTxFifo</name>
         <value>0xa50d</value>
         <object_component_ref idref="oc-152"/>
      </symbol>
      <symbol id="sm-353">
         <name>_SPI_enableRxFifo</name>
         <value>0xa518</value>
         <object_component_ref idref="oc-152"/>
      </symbol>
      <symbol id="sm-354">
         <name>_SPI_enableInt</name>
         <value>0xa522</value>
         <object_component_ref idref="oc-152"/>
      </symbol>
      <symbol id="sm-362">
         <name>_TIMER_setEmulationMode</name>
         <value>0xa9fc</value>
         <object_component_ref idref="oc-151"/>
      </symbol>
      <symbol id="sm-363">
         <name>_TIMER_disableInt</name>
         <value>0xaa1a</value>
         <object_component_ref idref="oc-151"/>
      </symbol>
      <symbol id="sm-364">
         <name>_TIMER_setPreScaler</name>
         <value>0xa9ee</value>
         <object_component_ref idref="oc-151"/>
      </symbol>
      <symbol id="sm-365">
         <name>_TIMER_setDecimationFactor</name>
         <value>0xaa00</value>
         <object_component_ref idref="oc-151"/>
      </symbol>
      <symbol id="sm-366">
         <name>_TIMER_getStatus</name>
         <value>0xaa14</value>
         <object_component_ref idref="oc-151"/>
      </symbol>
      <symbol id="sm-367">
         <name>_TIMER_init</name>
         <value>0xaa0e</value>
         <object_component_ref idref="oc-151"/>
      </symbol>
      <symbol id="sm-368">
         <name>_TIMER_clearFlag</name>
         <value>0xaa1d</value>
         <object_component_ref idref="oc-151"/>
      </symbol>
      <symbol id="sm-369">
         <name>_TIMER_enableInt</name>
         <value>0xaa17</value>
         <object_component_ref idref="oc-151"/>
      </symbol>
      <symbol id="sm-375">
         <name>_usDelay</name>
         <value>0x139</value>
         <object_component_ref idref="oc-94"/>
      </symbol>
      <symbol id="sm-386">
         <name>_USER_computeFlux_pu_to_VpHz_sf</name>
         <value>0x8def</value>
         <object_component_ref idref="oc-14d"/>
      </symbol>
      <symbol id="sm-387">
         <name>_USER_calcPIgains</name>
         <value>0x8e46</value>
         <object_component_ref idref="oc-14d"/>
      </symbol>
      <symbol id="sm-388">
         <name>_USER_computeTorque_Ls_Id_Iq_pu_to_Nm_sf</name>
         <value>0x8d3d</value>
         <object_component_ref idref="oc-14d"/>
      </symbol>
      <symbol id="sm-389">
         <name>_USER_computeTorque_lbin</name>
         <value>0x8c98</value>
         <object_component_ref idref="oc-14d"/>
      </symbol>
      <symbol id="sm-38a">
         <name>_USER_getErrorCode</name>
         <value>0x8c95</value>
         <object_component_ref idref="oc-14d"/>
      </symbol>
      <symbol id="sm-38b">
         <name>_USER_computeFlux</name>
         <value>0x8e2b</value>
         <object_component_ref idref="oc-14d"/>
      </symbol>
      <symbol id="sm-38c">
         <name>_USER_checkForErrors</name>
         <value>0x8e39</value>
         <object_component_ref idref="oc-14d"/>
      </symbol>
      <symbol id="sm-38d">
         <name>_USER_computeFlux_pu_to_Wb_sf</name>
         <value>0x8db3</value>
         <object_component_ref idref="oc-14d"/>
      </symbol>
      <symbol id="sm-38e">
         <name>_USER_computeTorque_Flux_Iq_pu_to_Nm_sf</name>
         <value>0x8d77</value>
         <object_component_ref idref="oc-14d"/>
      </symbol>
      <symbol id="sm-38f">
         <name>_USER_softwareUpdate1p6</name>
         <value>0x8acf</value>
         <object_component_ref idref="oc-14d"/>
      </symbol>
      <symbol id="sm-390">
         <name>_USER_setErrorCode</name>
         <value>0x8c92</value>
         <object_component_ref idref="oc-14d"/>
      </symbol>
      <symbol id="sm-391">
         <name>_USER_setParams</name>
         <value>0x8b52</value>
         <object_component_ref idref="oc-14d"/>
      </symbol>
      <symbol id="sm-392">
         <name>_USER_computeTorque_Nm</name>
         <value>0x8cf0</value>
         <object_component_ref idref="oc-14d"/>
      </symbol>
      <symbol id="sm-3a0">
         <name>_WDOG_disableInt</name>
         <value>0xa994</value>
         <object_component_ref idref="oc-15b"/>
      </symbol>
      <symbol id="sm-3a1">
         <name>_WDOG_setPreScaler</name>
         <value>0xa964</value>
         <object_component_ref idref="oc-15b"/>
      </symbol>
      <symbol id="sm-3a2">
         <name>_WDOG_enableInt</name>
         <value>0xa97f</value>
         <object_component_ref idref="oc-15b"/>
      </symbol>
      <symbol id="sm-3a3">
         <name>_WDOG_enable</name>
         <value>0xa985</value>
         <object_component_ref idref="oc-15b"/>
      </symbol>
      <symbol id="sm-3a4">
         <name>_WDOG_setCount</name>
         <value>0xa96e</value>
         <object_component_ref idref="oc-15b"/>
      </symbol>
      <symbol id="sm-3a5">
         <name>_WDOG_init</name>
         <value>0xa970</value>
         <object_component_ref idref="oc-15b"/>
      </symbol>
      <symbol id="sm-3a6">
         <name>_WDOG_getIntStatus</name>
         <value>0xa976</value>
         <object_component_ref idref="oc-15b"/>
      </symbol>
      <symbol id="sm-3a7">
         <name>_WDOG_disable</name>
         <value>0xa99a</value>
         <object_component_ref idref="oc-15b"/>
      </symbol>
      <symbol id="sm-3a8">
         <name>_WDOG_enableOverRide</name>
         <value>0xa979</value>
         <object_component_ref idref="oc-15b"/>
      </symbol>
      <symbol id="sm-3a9">
         <name>_WDOG_disableOverRide</name>
         <value>0xa98e</value>
         <object_component_ref idref="oc-15b"/>
      </symbol>
      <symbol id="sm-3aa">
         <name>_WDOG_clearCounter</name>
         <value>0xa9a2</value>
         <object_component_ref idref="oc-15b"/>
      </symbol>
      <symbol id="sm-3be">
         <name>FD$$MPY</name>
         <value>0xa550</value>
         <object_component_ref idref="oc-a4"/>
      </symbol>
      <symbol id="sm-3cd">
         <name>FD$$TOL</name>
         <value>0xab01</value>
         <object_component_ref idref="oc-a9"/>
      </symbol>
      <symbol id="sm-3de">
         <name>FS$$DIV</name>
         <value>0xa5d3</value>
         <object_component_ref idref="oc-ae"/>
      </symbol>
      <symbol id="sm-3ef">
         <name>FS$$MPY</name>
         <value>0xa870</value>
         <object_component_ref idref="oc-b3"/>
      </symbol>
      <symbol id="sm-3fc">
         <name>FS$$NEG</name>
         <value>0xac19</value>
         <object_component_ref idref="oc-b8"/>
      </symbol>
      <symbol id="sm-40c">
         <name>FS$$TOFD</name>
         <value>0xab3d</value>
         <object_component_ref idref="oc-bd"/>
      </symbol>
      <symbol id="sm-41d">
         <name>FS$$TOI</name>
         <value>0xaa9b</value>
         <object_component_ref idref="oc-c2"/>
      </symbol>
      <symbol id="sm-42e">
         <name>FS$$TOU</name>
         <value>0xab20</value>
         <object_component_ref idref="oc-c7"/>
      </symbol>
      <symbol id="sm-43f">
         <name>FS$$TOUL</name>
         <value>0xaac0</value>
         <object_component_ref idref="oc-cc"/>
      </symbol>
      <symbol id="sm-44e">
         <name>I$$TOFS</name>
         <value>0xab73</value>
         <object_component_ref idref="oc-d1"/>
      </symbol>
      <symbol id="sm-45c">
         <name>U$$TOFS</name>
         <value>0xabea</value>
         <object_component_ref idref="oc-d6"/>
      </symbol>
      <symbol id="sm-46c">
         <name>UL$$TOFS</name>
         <value>0xabd7</value>
         <object_component_ref idref="oc-db"/>
      </symbol>
      <symbol id="sm-46e">
         <name>_CTRL_getVersion</name>
         <value>0x3fa721</value>
      </symbol>
      <symbol id="sm-470">
         <name>_CTRL_initCtrl</name>
         <value>0x3fa6fb</value>
      </symbol>
      <symbol id="sm-472">
         <name>_CTRL_run</name>
         <value>0x3faab6</value>
      </symbol>
      <symbol id="sm-474">
         <name>_CTRL_setGains</name>
         <value>0x3fa83e</value>
      </symbol>
      <symbol id="sm-476">
         <name>_CTRL_setParams</name>
         <value>0x3fa866</value>
      </symbol>
      <symbol id="sm-478">
         <name>_CTRL_setSpd_ref_krpm</name>
         <value>0x3fa82b</value>
      </symbol>
      <symbol id="sm-47a">
         <name>_CTRL_setup</name>
         <value>0x3fa80c</value>
      </symbol>
      <symbol id="sm-47c">
         <name>_CTRL_updateState</name>
         <value>0x3fa72b</value>
      </symbol>
      <symbol id="sm-47e">
         <name>_EST_computeDirection_qFmt</name>
         <value>0x3f86ad</value>
      </symbol>
      <symbol id="sm-480">
         <name>_EST_getFlux_VpHz</name>
         <value>0x3f96be</value>
      </symbol>
      <symbol id="sm-482">
         <name>_EST_getFlux_pu</name>
         <value>0x3f96ab</value>
      </symbol>
      <symbol id="sm-484">
         <name>_EST_getIdRated</name>
         <value>0x3f9632</value>
      </symbol>
      <symbol id="sm-486">
         <name>_EST_getLs_coarse_max_pu</name>
         <value>0x3f95ff</value>
      </symbol>
      <symbol id="sm-488">
         <name>_EST_getLs_d_H</name>
         <value>0x3f95f5</value>
      </symbol>
      <symbol id="sm-48a">
         <name>_EST_getLs_d_pu</name>
         <value>0x3f95f0</value>
      </symbol>
      <symbol id="sm-48c">
         <name>_EST_getLs_q_H</name>
         <value>0x3f95ce</value>
      </symbol>
      <symbol id="sm-48e">
         <name>_EST_getLs_q_pu</name>
         <value>0x3f95c9</value>
      </symbol>
      <symbol id="sm-490">
         <name>_EST_getMaxCurrentSlope_pu</name>
         <value>0x3f95bd</value>
      </symbol>
      <symbol id="sm-492">
         <name>_EST_getRr_Ohm</name>
         <value>0x3f95ad</value>
      </symbol>
      <symbol id="sm-494">
         <name>_EST_getRs_Ohm</name>
         <value>0x3f9513</value>
      </symbol>
      <symbol id="sm-496">
         <name>_EST_getSpeed_krpm</name>
         <value>0x3f94c6</value>
      </symbol>
      <symbol id="sm-498">
         <name>_EST_getState</name>
         <value>0x3f861b</value>
      </symbol>
      <symbol id="sm-49a">
         <name>_EST_get_pu_to_krpm_sf</name>
         <value>0x3f9453</value>
      </symbol>
      <symbol id="sm-49c">
         <name>_EST_isMotorIdentified</name>
         <value>0x3f8679</value>
      </symbol>
      <symbol id="sm-49e">
         <name>_EST_setDir_qFmt</name>
         <value>0x3f8bf5</value>
      </symbol>
      <symbol id="sm-4a0">
         <name>_EST_setFe_neg_max_pu</name>
         <value>0x3f8be8</value>
      </symbol>
      <symbol id="sm-4a2">
         <name>_EST_setFe_pos_min_pu</name>
         <value>0x3f8be4</value>
      </symbol>
      <symbol id="sm-4a4">
         <name>_EST_setFlag_enableForceAngle</name>
         <value>0x3f8bdb</value>
      </symbol>
      <symbol id="sm-4a6">
         <name>_EST_setLs_d_pu</name>
         <value>0x3f8b45</value>
      </symbol>
      <symbol id="sm-4a8">
         <name>_EST_setLs_qFmt</name>
         <value>0x3f8af1</value>
      </symbol>
      <symbol id="sm-4aa">
         <name>_EST_setLs_q_pu</name>
         <value>0x3f8ae7</value>
      </symbol>
      <symbol id="sm-4ac">
         <name>_EST_setMaxCurrentSlope_pu</name>
         <value>0x3f8adb</value>
      </symbol>
      <symbol id="sm-4ae">
         <name>_OFFSET_init</name>
         <value>0x3fb4dc</value>
      </symbol>
      <symbol id="sm-4b0">
         <name>_OFFSET_setBeta</name>
         <value>0x3fb4c6</value>
      </symbol>
      <symbol id="sm-4b2">
         <name>_OFFSET_setInitCond</name>
         <value>0x3fb4bd</value>
      </symbol>
      <symbol id="sm-4b4">
         <name>_OFFSET_setOffset</name>
         <value>0x3fb4bb</value>
      </symbol>
      <symbol id="sm-4be">
         <name>__IQ30toF</name>
         <value>0xaed8</value>
         <object_component_ref idref="oc-e0"/>
      </symbol>
      <symbol id="sm-4d9">
         <name>_c_int00</name>
         <value>0xa8ca</value>
         <object_component_ref idref="oc-14"/>
      </symbol>
      <symbol id="sm-4da">
         <name>__stack</name>
         <value>0x400</value>
         <object_component_ref idref="oc-e1"/>
      </symbol>
      <symbol id="sm-4ea">
         <name>__args_main</name>
         <value>0xaba7</value>
         <object_component_ref idref="oc-145"/>
      </symbol>
      <symbol id="sm-4f7">
         <name>__system_post_cinit</name>
         <value>0xac20</value>
         <object_component_ref idref="oc-144"/>
      </symbol>
      <symbol id="sm-504">
         <name>__system_pre_init</name>
         <value>0xac1e</value>
         <object_component_ref idref="oc-142"/>
      </symbol>
      <symbol id="sm-51d">
         <name>_ceilf</name>
         <value>0xa741</value>
         <object_component_ref idref="oc-15f"/>
      </symbol>
      <symbol id="sm-51e">
         <name>_ceil</name>
         <value>0xa741</value>
         <object_component_ref idref="oc-15f"/>
      </symbol>
      <symbol id="sm-538">
         <name>FS$$ADD</name>
         <value>0xa65b</value>
         <object_component_ref idref="oc-fc"/>
      </symbol>
      <symbol id="sm-539">
         <name>FS$$SUB</name>
         <value>0xa656</value>
         <object_component_ref idref="oc-fc"/>
      </symbol>
      <symbol id="sm-54b">
         <name>FS$$CMP</name>
         <value>0xabc0</value>
         <object_component_ref idref="oc-101"/>
      </symbol>
      <symbol id="sm-561">
         <name>_copy_in</name>
         <value>0xa91e</value>
         <object_component_ref idref="oc-143"/>
      </symbol>
      <symbol id="sm-570">
         <name>_ppcopy</name>
         <value>0xab59</value>
         <object_component_ref idref="oc-10b"/>
      </symbol>
      <symbol id="sm-571">
         <name>_dpcopy</name>
         <value>0xab59</value>
         <object_component_ref idref="oc-10b"/>
      </symbol>
      <symbol id="sm-572">
         <name>_pdcopy</name>
         <value>0xab59</value>
         <object_component_ref idref="oc-10b"/>
      </symbol>
      <symbol id="sm-573">
         <name>_ddcopy</name>
         <value>0xab59</value>
         <object_component_ref idref="oc-10b"/>
      </symbol>
      <symbol id="sm-588">
         <name>C$$EXIT</name>
         <value>0xaa4d</value>
         <object_component_ref idref="oc-146"/>
      </symbol>
      <symbol id="sm-589">
         <name>_exit</name>
         <value>0xaa4f</value>
         <object_component_ref idref="oc-146"/>
      </symbol>
      <symbol id="sm-58a">
         <name>___TI_cleanup_ptr</name>
         <value>0xac24</value>
         <object_component_ref idref="oc-112"/>
      </symbol>
      <symbol id="sm-58b">
         <name>___TI_enable_exit_profile_output</name>
         <value>0xac22</value>
         <object_component_ref idref="oc-112"/>
      </symbol>
      <symbol id="sm-58c">
         <name>_abort</name>
         <value>0xaa4d</value>
         <object_component_ref idref="oc-146"/>
      </symbol>
      <symbol id="sm-58d">
         <name>___TI_dtors_ptr</name>
         <value>0xac26</value>
         <object_component_ref idref="oc-112"/>
      </symbol>
      <symbol id="sm-5a2">
         <name>__unlock</name>
         <value>0xac2a</value>
         <object_component_ref idref="oc-161"/>
      </symbol>
      <symbol id="sm-5a3">
         <name>__lock</name>
         <value>0xac28</value>
         <object_component_ref idref="oc-14a"/>
      </symbol>
      <symbol id="sm-5a4">
         <name>__register_lock</name>
         <value>0xabfe</value>
         <object_component_ref idref="oc-14e"/>
      </symbol>
      <symbol id="sm-5a5">
         <name>__nop</name>
         <value>0xac02</value>
         <object_component_ref idref="oc-14e"/>
      </symbol>
      <symbol id="sm-5a6">
         <name>__register_unlock</name>
         <value>0xabfa</value>
         <object_component_ref idref="oc-14e"/>
      </symbol>
      <symbol id="sm-5d0">
         <name>_logf</name>
         <value>0x9fba</value>
         <object_component_ref idref="oc-15e"/>
      </symbol>
      <symbol id="sm-5d1">
         <name>_log</name>
         <value>0x9fba</value>
         <object_component_ref idref="oc-15e"/>
      </symbol>
      <symbol id="sm-5e0">
         <name>L$$TOFS</name>
         <value>0xab8d</value>
         <object_component_ref idref="oc-122"/>
      </symbol>
      <symbol id="sm-5eb">
         <name>_errno</name>
         <value>0xac2f</value>
         <object_component_ref idref="oc-129"/>
      </symbol>
      <symbol id="sm-648">
         <name>_powf</name>
         <value>0x8f07</value>
         <object_component_ref idref="oc-160"/>
      </symbol>
      <symbol id="sm-649">
         <name>_pow</name>
         <value>0x8f07</value>
         <object_component_ref idref="oc-160"/>
      </symbol>
      <symbol id="sm-663">
         <name>_scalbn</name>
         <value>0xa7ac</value>
         <object_component_ref idref="oc-166"/>
      </symbol>
      <symbol id="sm-664">
         <name>_ldexp</name>
         <value>0xa7ac</value>
         <object_component_ref idref="oc-166"/>
      </symbol>
      <symbol id="sm-665">
         <name>_scalbnf</name>
         <value>0xa7ac</value>
         <object_component_ref idref="oc-166"/>
      </symbol>
      <symbol id="sm-666">
         <name>_ldexpf</name>
         <value>0xa7ac</value>
         <object_component_ref idref="oc-166"/>
      </symbol>
      <symbol id="sm-673">
         <name>_copysignf</name>
         <value>0xac03</value>
         <object_component_ref idref="oc-167"/>
      </symbol>
      <symbol id="sm-674">
         <name>_copysign</name>
         <value>0xac03</value>
         <object_component_ref idref="oc-167"/>
      </symbol>
      <symbol id="sm-690">
         <name>_sqrtf</name>
         <value>0xa6ce</value>
         <object_component_ref idref="oc-162"/>
      </symbol>
      <symbol id="sm-691">
         <name>_sqrt</name>
         <value>0xa6ce</value>
         <object_component_ref idref="oc-162"/>
      </symbol>
   </symbol_table>
   <title>Link successful</title>
</link_info>
