******************************************************************************
             TMS320C2000 Linker Unix v15.12.3                  
******************************************************************************
>> Linked Fri Nov  4 16:39:24 2016

OUTPUT FILE NAME:   <proj_lab02b.out>
ENTRY POINT SYMBOL: "code_start"  address: 00000000


MEMORY CONFIGURATION

         name            origin    length      used     unused   attr    fill
----------------------  --------  ---------  --------  --------  ----  --------
PAGE 0:
  BEGIN                 00000000   00000002  00000002  00000000  RWIX
  RAMM0                 00000050   000003b0  000000ed  000002c3  RWIX
  RAML0_L8              00008000   0000b800  00003913  00007eed  RWIX
  FPUTABLES             003fd590   000006a0  00000000  000006a0  RWIX
  IQTABLES              003fdc30   00000b50  00000b50  00000000  RWIX
  IQTABLES2             003fe780   0000008c  00000000  0000008c  RWIX
  IQTABLES3             003fe80c   000000aa  00000000  000000aa  RWIX
  BOOTROM               003ff3b0   00000c10  00000000  00000c10  RWIX
  RESET                 003fffc0   00000002  00000000  00000002  RWIX

PAGE 1:
  BOOT_RSVD             00000002   0000004e  00000000  0000004e  RWIX
  RAMM1                 00000400   00000400  000003b0  00000050  RWIX
  USB_RAM               00040000   00000800  00000000  00000800  RWIX


SECTION ALLOCATION MAP

 output                                  attributes/
section   page    origin      length       input sections
--------  ----  ----------  ----------   ----------------
codestart 
*          0    00000000    00000002     
                  00000000    00000002     CodeStartBranch.obj (codestart)

.cinit     0    00000050    000000b7     
                  00000050    00000095     proj_lab02b.obj (.cinit)
                  000000e5    0000000e     rts2800_ml.lib : exit.obj (.cinit)
                  000000f3    00000005                    : _lock.obj (.cinit:__lock)
                  000000f8    00000005                    : _lock.obj (.cinit:__unlock)
                  000000fd    00000004     drv8301.obj (.cinit)
                  00000101    00000004     rts2800_ml.lib : errno.obj (.cinit)
                  00000105    00000002     --HOLE-- [fill = 0]

ramfuncs   0    00000107    00000036     
                  00000107    00000032     flash.obj (ramfuncs)
                  00000139    00000004     usDelay.obj (ramfuncs)

.text      0    00008000    000035bd     
                  00008000    00000acf     hal.obj (.text)
                  00008acf    00000976     ctrl.obj (.text)
                  00009445    00000432     rts2800_ml.lib : e_powf.obj (.text)
                  00009877    0000041c     user.obj (.text)
                  00009c93    00000338     proj_lab02b.obj (.text)
                  00009fcb    000002f6     pwm.obj (.text)
                  0000a2c1    000002d1     drv8301.obj (.text)
                  0000a592    000001f8     adc.obj (.text)
                  0000a78a    0000018a     clk.obj (.text)
                  0000a914    00000188     rts2800_ml.lib : e_logf.obj (.text)
                  0000aa9c    00000181     gpio.obj (.text)
                  0000ac1d    000000ff     pie.obj (.text)
                  0000ad1c    000000bf     proj_lab02b.obj (.text:retain)
                  0000addb    000000a9     spi.obj (.text)
                  0000ae84    00000083     rts2800_ml.lib : fd_mpy.obj (.text)
                  0000af07    00000083                    : fs_div.obj (.text)
                  0000af8a    00000078                    : fs_add.obj (.text)
                  0000b002    00000073                    : e_sqrtf.obj (.text)
                  0000b075    0000006b                    : s_ceilf.obj (.text)
                  0000b0e0    00000069                    : s_scalbnf.obj (.text)
                  0000b149    0000005b     pll.obj (.text)
                  0000b1a4    0000005a     rts2800_ml.lib : fs_mpy.obj (.text)
                  0000b1fe    00000054                    : boot.obj (.text)
                  0000b252    00000047     offset.obj (.text)
                  0000b299    00000046     rts2800_ml.lib : cpy_tbl.obj (.text)
                  0000b2df    00000046     wdog.obj (.text)
                  0000b325    00000044     pwr.obj (.text)
                  0000b369    00000032     timer.obj (.text)
                  0000b39b    0000002d     osc.obj (.text)
                  0000b3c8    00000029     rts2800_ml.lib : exit.obj (.text)
                  0000b3f1    00000025     cpu.obj (.text)
                  0000b416    00000025     rts2800_ml.lib : fs_toi.obj (.text)
                  0000b43b    00000021     filter_fo.obj (.text)
                  0000b45c    00000021     rts2800_ml.lib : fs_toul.obj (.text)
                  0000b47d    00000020     flash.obj (.text)
                  0000b49d    0000001f     rts2800_ml.lib : fd_tol.obj (.text)
                  0000b4bc    0000001d                    : fs_tou.obj (.text)
                  0000b4d9    0000001c                    : fs_tofd.obj (.text)
                  0000b4f5    0000001a                    : cpy_utils.obj (.text)
                  0000b50f    0000001a                    : i_tofs.obj (.text)
                  0000b529    0000001a                    : l_tofs.obj (.text)
                  0000b543    00000019                    : args_main.obj (.text)
                  0000b55c    00000017                    : fs_cmp.obj (.text)
                  0000b573    00000013                    : ul_tofs.obj (.text)
                  0000b586    00000010                    : u_tofs.obj (.text)
                  0000b596    00000009                    : _lock.obj (.text)
                  0000b59f    00000009                    : s_copysignf.obj (.text)
                  0000b5a8    00000008     CodeStartBranch.obj (.text)
                  0000b5b0    00000005     pie.obj (.text:retain)
                  0000b5b5    00000005     rts2800_ml.lib : fs_neg.obj (.text)
                  0000b5ba    00000002                    : pre_init.obj (.text)
                  0000b5bc    00000001                    : startup.obj (.text)

.pinit     0    00000050    00000000     UNINITIALIZED

.reset     0    003fffc0    00000002     DSECT
                  003fffc0    00000002     rts2800_ml.lib : boot.obj (.reset)

.ebss      0    0000b5be    0000022a     UNINITIALIZED
                  0000b5be    00000002     rts2800_ml.lib : _lock.obj (.ebss:__lock)
                  0000b5c0    0000016c     proj_lab02b.obj (.ebss)
                  0000b72c    00000006     rts2800_ml.lib : exit.obj (.ebss)
                  0000b732    00000002                    : _lock.obj (.ebss:__unlock)
                  0000b734    00000002     drv8301.obj (.ebss)
                  0000b736    00000001     cpu.obj (.ebss)
                  0000b737    00000001     rts2800_ml.lib : errno.obj (.ebss)
                  0000b738    00000008     --HOLE--
                  0000b740    000000a8     hal.obj (.ebss)

.econst    0    0000b88e    00000086     
                  0000b88e    00000032     rts2800_ml.lib : e_powf.obj (.econst)
                  0000b8c0    00000010                    : e_logf.obj (.econst)
                  0000b8d0    00000008     user.obj (.econst)
                  0000b8d8    00000006     rts2800_ml.lib : s_scalbnf.obj (.econst)
                  0000b8de    00000004     ctrl.obj (.econst:_$P$T0$1)
                  0000b8e2    00000004     ctrl.obj (.econst:_$P$T1$2)
                  0000b8e6    00000004     ctrl.obj (.econst:_$P$T2$3)
                  0000b8ea    00000004     ctrl.obj (.econst:_$P$T3$4)
                  0000b8ee    00000004     ctrl.obj (.econst:_$P$T4$5)
                  0000b8f2    00000004     ctrl.obj (.econst:_$P$T5$6)
                  0000b8f6    00000004     rts2800_ml.lib : e_powf.obj (.econst:_bp)
                  0000b8fa    00000004                    : e_powf.obj (.econst:_dp_h)
                  0000b8fe    00000004                    : e_powf.obj (.econst:_dp_l)
                  0000b902    00000004     ctrl.obj (.econst)
                  0000b906    00000004     hal.obj (.econst)
                  0000b90a    00000004     proj_lab02b.obj (.econst)
                  0000b90e    00000004     rts2800_ml.lib : e_sqrtf.obj (.econst)
                  0000b912    00000002                    : s_ceilf.obj (.econst)

.stack     1    00000400    000003b0     UNINITIALIZED
                  00000400    000003b0     --HOLE--

IQmath     0    0000b7e8    000000a6     
                  0000b7e8    00000042     IQmath.lib : IQ24sqrt.obj (IQmath)
                  0000b82a    00000029                : IQ24sinPU.obj (IQmath)
                  0000b853    00000027                : IQ24cosPU.obj (IQmath)
                  0000b87a    00000014                : IQ30toF.obj (IQmath)

IQmathTables 
*          0    003fdc30    00000b50     NOLOAD SECTION
                  003fdc30    00000b50     IQmath.lib : IQmathTables.obj (IQmathTables)

MODULE SUMMARY

       Module                code    ro data   rw data
       ------                ----    -------   -------
    ./
       hal.obj               2767    0         172    
       ctrl.obj              2422    0         28     
       proj_lab02b.obj       1015    0         517    
       user.obj              1052    0         8      
       pwm.obj               758     0         0      
       drv8301.obj           721     0         6      
       adc.obj               504     0         0      
       clk.obj               394     0         0      
       gpio.obj              385     0         0      
       pie.obj               260     0         0      
       spi.obj               169     0         0      
       pll.obj               91      0         0      
       flash.obj             82      0         0      
       offset.obj            71      0         0      
       wdog.obj              70      0         0      
       pwr.obj               68      0         0      
       timer.obj             50      0         0      
       osc.obj               45      0         0      
       cpu.obj               37      0         1      
       filter_fo.obj         33      0         0      
       CodeStartBranch.obj   10      0         0      
       usDelay.obj           4       0         0      
    +--+---------------------+-------+---------+---------+
       Total:                11008   0         732    
                                                      
    /home/scottm/Projects/instaspin/MotorWare_1_01_00_17/sw/modules/iqmath/lib/f28x/32b/IQmath.lib
       IQmathTables.obj      0       0         2896   
       IQ24sqrt.obj          0       0         66     
       IQ24sinPU.obj         0       0         41     
       IQ24cosPU.obj         0       0         39     
       IQ30toF.obj           0       0         20     
    +--+---------------------+-------+---------+---------+
       Total:                0       0         3062   
                                                      
    /home/scottm/ti/ccsv6/tools/compiler/c2000_15.12.3.LTS/lib/rts2800_ml.lib
       e_powf.obj            1074    0         62     
       e_logf.obj            392     0         16     
       fd_mpy.obj            131     0         0      
       fs_div.obj            131     0         0      
       fs_add.obj            120     0         0      
       e_sqrtf.obj           115     0         4      
       s_scalbnf.obj         105     0         6      
       s_ceilf.obj           107     0         2      
       fs_mpy.obj            90      0         0      
       boot.obj              84      0         0      
       cpy_tbl.obj           70      0         0      
       exit.obj              41      0         20     
       fs_toi.obj            37      0         0      
       fs_toul.obj           33      0         0      
       fd_tol.obj            31      0         0      
       fs_tou.obj            29      0         0      
       fs_tofd.obj           28      0         0      
       cpy_utils.obj         26      0         0      
       i_tofs.obj            26      0         0      
       l_tofs.obj            26      0         0      
       args_main.obj         25      0         0      
       _lock.obj             9       0         14     
       fs_cmp.obj            23      0         0      
       ul_tofs.obj           19      0         0      
       u_tofs.obj            16      0         0      
       s_copysignf.obj       9       0         0      
       errno.obj             0       0         5      
       fs_neg.obj            5       0         0      
       pre_init.obj          2       0         0      
       startup.obj           1       0         0      
    +--+---------------------+-------+---------+---------+
       Total:                2805    0         129    
                                                      
       Stack:                0       0         944    
    +--+---------------------+-------+---------+---------+
       Grand Total:          13813   0         4867   


GLOBAL DATA SYMBOLS: SORTED BY DATA PAGE

address     data page           name
--------    ----------------    ----
00000400      10 (00000400)     __stack

0000b5be     2d6 (0000b580)     __lock

0000b5c0     2d7 (0000b5c0)     _Flag_Latch_softwareUpdate
0000b5c1     2d7 (0000b5c0)     _gLEDcnt
0000b5c2     2d7 (0000b5c0)     _gCounter_updateGlobals
0000b5c4     2d7 (0000b5c0)     _halHandle
0000b5c6     2d7 (0000b5c0)     _ctrlHandle
0000b5c8     2d7 (0000b5c0)     _controller_obj
0000b5ca     2d7 (0000b5c0)     _gMaxCurrentSlope
0000b5cc     2d7 (0000b5c0)     _gPwmData
0000b5d2     2d7 (0000b5c0)     _gAdcData
0000b5e0     2d7 (0000b5c0)     _gDrvSpi8301Vars

0000b600     2d8 (0000b600)     _gMotorVars

0000b680     2da (0000b680)     _gUserParams

0000b72c     2dc (0000b700)     ___TI_enable_exit_profile_output
0000b72e     2dc (0000b700)     ___TI_cleanup_ptr
0000b730     2dc (0000b700)     ___TI_dtors_ptr
0000b732     2dc (0000b700)     __unlock
0000b736     2dc (0000b700)     _cpu
0000b737     2dc (0000b700)     _errno

0000b740     2dd (0000b740)     _hal

0000b7e8     2df (0000b7c0)     __IQ24sqrt

0000b82a     2e0 (0000b800)     __IQ24sinPU

0000b853     2e1 (0000b840)     __IQ24cosPU
0000b87a     2e1 (0000b840)     __IQ30toF

003fdc30    ff70 (003fdc00)     _IQsinTable

003fdd30    ff74 (003fdd00)     _IQcosTable

003fe030    ff80 (003fe000)     _IQsinTableEnd

003fe132    ff84 (003fe100)     _IQcosTableEnd
003fe132    ff84 (003fe100)     _IQdivRoundSatTable

003fe140    ff85 (003fe140)     _IQdivTable

003fe342    ff8d (003fe340)     _IQdivTableEnd
003fe342    ff8d (003fe340)     _IQisqrtRoundSatTable
003fe342    ff8d (003fe340)     _IQsqrtRoundSatTable
003fe352    ff8d (003fe340)     _IQisqrtTable
003fe352    ff8d (003fe340)     _IQsqrtTable

003fe454    ff91 (003fe440)     _IQatan2HalfPITable
003fe454    ff91 (003fe440)     _IQisqrtTableEnd
003fe454    ff91 (003fe440)     _IQsqrtTableEnd

003fe492    ff92 (003fe480)     _IQatan2Table

003fe618    ff98 (003fe600)     _IQ30mpyRndSatTable
003fe618    ff98 (003fe600)     _IQatan2TableEnd
003fe618    ff98 (003fe600)     _IQmpyRndSatTable
003fe624    ff98 (003fe600)     _IQ29mpyRndSatTable
003fe630    ff98 (003fe600)     _IQ28mpyRndSatTable
003fe63c    ff98 (003fe600)     _IQ27mpyRndSatTable

003fe648    ff99 (003fe640)     _IQ26mpyRndSatTable
003fe654    ff99 (003fe640)     _IQ25mpyRndSatTable
003fe660    ff99 (003fe640)     _IQ24mpyRndSatTable
003fe66c    ff99 (003fe640)     _IQ23mpyRndSatTable
003fe678    ff99 (003fe640)     _IQ22mpyRndSatTable

003fe684    ff9a (003fe680)     _IQ21mpyRndSatTable
003fe690    ff9a (003fe680)     _IQ20mpyRndSatTable
003fe69c    ff9a (003fe680)     _IQ19mpyRndSatTable
003fe6a8    ff9a (003fe680)     _IQ18mpyRndSatTable
003fe6b4    ff9a (003fe680)     _IQ17mpyRndSatTable

003fe6c0    ff9b (003fe6c0)     _IQ16mpyRndSatTable
003fe6cc    ff9b (003fe6c0)     _IQ15mpyRndSatTable
003fe6d8    ff9b (003fe6c0)     _IQ14mpyRndSatTable
003fe6e4    ff9b (003fe6c0)     _IQ13mpyRndSatTable
003fe6f0    ff9b (003fe6c0)     _IQ12mpyRndSatTable
003fe6fc    ff9b (003fe6c0)     _IQ11mpyRndSatTable

003fe708    ff9c (003fe700)     _IQ10mpyRndSatTable
003fe714    ff9c (003fe700)     _IQ9mpyRndSatTable
003fe720    ff9c (003fe700)     _IQ8mpyRndSatTable
003fe72c    ff9c (003fe700)     _IQ7mpyRndSatTable
003fe738    ff9c (003fe700)     _IQ6mpyRndSatTable

003fe744    ff9d (003fe740)     _IQ5mpyRndSatTable
003fe750    ff9d (003fe740)     _IQ4mpyRndSatTable
003fe75c    ff9d (003fe740)     _IQ3mpyRndSatTable
003fe768    ff9d (003fe740)     _IQ2mpyRndSatTable
003fe774    ff9d (003fe740)     _IQ1mpyRndSatTable

003fe780    ff9e (003fe780)     _IQmpyRndSatTableEnd


GLOBAL SYMBOLS: SORTED ALPHABETICALLY BY Name 

page  address   name                                             
----  -------   ----                                             
0     00008000  .text                                            
0     0000b3c8  C$$EXIT                                          
0     0000ae84  FD$$MPY                                          
0     0000b49d  FD$$TOL                                          
0     0000af8f  FS$$ADD                                          
0     0000b55c  FS$$CMP                                          
0     0000af07  FS$$DIV                                          
0     0000b1a4  FS$$MPY                                          
0     0000b5b5  FS$$NEG                                          
0     0000af8a  FS$$SUB                                          
0     0000b4d9  FS$$TOFD                                         
0     0000b416  FS$$TOI                                          
0     0000b4bc  FS$$TOU                                          
0     0000b45c  FS$$TOUL                                         
0     0000b50f  I$$TOFS                                          
0     0000b529  L$$TOFS                                          
0     0000b586  U$$TOFS                                          
0     0000b573  UL$$TOFS                                         
0     0000a780  _ADC_disable                                     
0     0000a776  _ADC_disableBandGap                              
0     0000a75f  _ADC_disableInt                                  
0     0000a755  _ADC_disableNoOverlapMode                        
0     0000a74b  _ADC_disableRefBuffers                           
0     0000a741  _ADC_disableVoltRefLoConv                        
0     0000a737  _ADC_enable                                      
0     0000a72d  _ADC_enableBandGap                               
0     0000a717  _ADC_enableInt                                   
0     0000a70d  _ADC_enableNoOverlapMode                         
0     0000a703  _ADC_enableRefBuffers                            
0     0000a6f9  _ADC_enableVoltRefLoConv                         
0     0000a6ef  _ADC_getDivideSelect                             
0     0000a6e7  _ADC_init                                        
0     0000a6dd  _ADC_powerDown                                   
0     0000a6d3  _ADC_powerUp                                     
0     0000a6c9  _ADC_reset                                       
0     0000a6b8  _ADC_setDivideSelect                             
0     0000a697  _ADC_setIntMode                                  
0     0000a686  _ADC_setIntPulseGenMode                          
0     0000a665  _ADC_setIntSrc                                   
0     0000a65b  _ADC_setOffTrim                                  
0     0000a644  _ADC_setSampleMode                               
0     0000a631  _ADC_setSampleOverlapMode                        
0     0000a61d  _ADC_setSocChanNumber                            
0     0000a610  _ADC_setSocFrc                                   
0     0000a606  _ADC_setSocFrcWord                               
0     0000a5f2  _ADC_setSocSampleDelay                           
0     0000a5de  _ADC_setSocTrigSrc                               
0     0000a5cd  _ADC_setTempSensorSrc                            
0     0000a5bc  _ADC_setVoltRefSrc                               
0     0000a592  _ADC_setupSocTrigSrc                             
0     0000a90d  _CLK_disableAdcClock                             
0     0000a906  _CLK_disableClaClock                             
0     0000a900  _CLK_disableClkIn                                
0     0000a8fc  _CLK_disableCompClock                            
0     0000a8f5  _CLK_disableCpuTimerClock                        
0     0000a8ef  _CLK_disableCrystalOsc                           
0     0000a8e8  _CLK_disableEcanaClock                           
0     0000a8e1  _CLK_disableEcap1Clock                           
0     0000a8da  _CLK_disableEqep1Clock                           
0     0000a8d3  _CLK_disableEqep2Clock                           
0     0000a8cc  _CLK_disableGpioInputClock                       
0     0000a8c5  _CLK_disableHrPwmClock                           
0     0000a8be  _CLK_disableI2cClock                             
0     0000a8b7  _CLK_disableLinAClock                            
0     0000a8b1  _CLK_disableOsc1                                 
0     0000a8ab  _CLK_disableOsc1HaltMode                         
0     0000a8a5  _CLK_disableOsc2                                 
0     0000a89f  _CLK_disableOsc2HaltMode                         
0     0000a895  _CLK_disablePwmClock                             
0     0000a88e  _CLK_disableSciaClock                            
0     0000a887  _CLK_disableScibClock                            
0     0000a880  _CLK_disableSpiaClock                            
0     0000a87c  _CLK_disableSpibClock                            
0     0000a875  _CLK_disableTbClockSync                          
0     0000a86f  _CLK_disableWatchDogHaltMode                     
0     0000a868  _CLK_enableAdcClock                              
0     0000a861  _CLK_enableClaClock                              
0     0000a85b  _CLK_enableClkIn                                 
0     0000a855  _CLK_enableCompClock                             
0     0000a84f  _CLK_enableCpuTimerClock                         
0     0000a849  _CLK_enableCrystalOsc                            
0     0000a842  _CLK_enableEcanaClock                            
0     0000a83b  _CLK_enableEcap1Clock                            
0     0000a834  _CLK_enableEqep1Clock                            
0     0000a82d  _CLK_enableEqep2Clock                            
0     0000a826  _CLK_enableGpioInputClock                        
0     0000a81f  _CLK_enableHrPwmClock                            
0     0000a818  _CLK_enableI2cClock                              
0     0000a811  _CLK_enableLinAClock                             
0     0000a80b  _CLK_enableOsc1                                  
0     0000a805  _CLK_enableOsc1HaltMode                          
0     0000a7ff  _CLK_enableOsc2                                  
0     0000a7f9  _CLK_enableOsc2HaltMode                          
0     0000a7f0  _CLK_enablePwmClock                              
0     0000a7e9  _CLK_enableSciaClock                             
0     0000a7e2  _CLK_enableScibClock                             
0     0000a7db  _CLK_enableSpiaClock                             
0     0000a7d4  _CLK_enableSpibClock                             
0     0000a7cd  _CLK_enableTbClockSync                           
0     0000a7c7  _CLK_enableWatchDogHaltMode                      
0     0000a7c1  _CLK_init                                        
0     0000a7ba  _CLK_setClkOutPreScaler                          
0     0000a7b4  _CLK_setLowSpdPreScaler                          
0     0000a7ad  _CLK_setOsc2Src                                  
0     0000a7a6  _CLK_setOscSrc                                   
0     0000a79f  _CLK_setTimer2PreScale                           
0     0000a798  _CLK_setTimer2Src                                
0     0000a791  _CLK_setWatchDogSrc                              
0     0000a78a  _CLK_setXClkInSrc                                
0     0000b413  _CPU_clearIntFlags                               
0     0000b410  _CPU_disableDebugInt                             
0     0000b40d  _CPU_disableGlobalInts                           
0     0000b408  _CPU_disableInt                                  
0     0000b405  _CPU_disableInts                                 
0     0000b402  _CPU_disableProtectedRegisterWrite               
0     0000b3ff  _CPU_enableDebugInt                              
0     0000b3fc  _CPU_enableGlobalInts                            
0     0000b3f8  _CPU_enableInt                                   
0     0000b3f5  _CPU_enableProtectedRegisterWrite                
0     0000b3f1  _CPU_init                                        
0     00009409  _CTRL_getGains                                   
0     00009402  _CTRL_getIab_filt_pu                             
0     000093fb  _CTRL_getIab_in_pu                               
0     000093f4  _CTRL_getIdq_in_pu                               
0     000093ed  _CTRL_getIdq_ref_pu                              
0     00009442  _CTRL_getMagCurrent_pu                           
0     0000943f  _CTRL_getMaximumSpeed_pu                         
0     000093e6  _CTRL_getVab_in_pu                               
0     000093df  _CTRL_getVab_out_pu                              
0     000093d8  _CTRL_getVdq_out_pu                              
abs   003fa721  _CTRL_getVersion                                 
0     000093cf  _CTRL_getWaitTimes                               
abs   003fa6fb  _CTRL_initCtrl                                   
0     00008ec6  _CTRL_run                                        
abs   003fa5d1  _CTRL_runTraj                                    
abs   003f9e64  _CTRL_setEstParams                               
0     00008c40  _CTRL_setGains                                   
0     00009439  _CTRL_setMagCurrent_pu                           
0     0000943c  _CTRL_setMaximumSpeed_pu                         
0     00008c68  _CTRL_setParams                                  
0     00008c2d  _CTRL_setSpd_ref_krpm                            
0     00008c2a  _CTRL_setSpd_ref_pu                              
abs   003f9d31  _CTRL_setUserMotorParams                         
0     00008c21  _CTRL_setWaitTimes                               
0     00008c17  _CTRL_setup                                      
0     00008bfb  _CTRL_setupClarke_I                              
0     00008be5  _CTRL_setupClarke_V                              
abs   003f9b43  _CTRL_setupCtrl                                  
abs   003f99a5  _CTRL_setupEstIdleState                          
abs   003f996a  _CTRL_setupEstOnLineState                        
abs   003f9806  _CTRL_setupTraj                                  
0     00008b82  _CTRL_setup_user                                 
0     00008acf  _CTRL_updateState                                
0     0000a570  _DRV8301_enable                                  
0     0000a55e  _DRV8301_getDcCalMode                            
0     0000a543  _DRV8301_getFaultType                            
0     0000a53d  _DRV8301_getId                                   
0     0000a536  _DRV8301_getOcLevel                              
0     0000a52f  _DRV8301_getOcMode                               
0     0000a528  _DRV8301_getOcOffTimeMode                        
0     0000a521  _DRV8301_getOcTwMode                             
0     0000a51a  _DRV8301_getPeakCurrent                          
0     0000a513  _DRV8301_getPwmMode                              
0     0000a50c  _DRV8301_getShuntAmpGain                         
0     0000a503  _DRV8301_init                                    
0     0000a4fd  _DRV8301_isFault                                 
0     0000a4f6  _DRV8301_isReset                                 
0     0000a480  _DRV8301_readData                                
0     0000a301  _DRV8301_readSpi                                 
0     0000a471  _DRV8301_reset                                   
0     0000a452  _DRV8301_setDcCalMode                            
0     0000a450  _DRV8301_setGpioHandle                           
0     0000a44e  _DRV8301_setGpioNumber                           
0     0000a43a  _DRV8301_setOcLevel                              
0     0000a426  _DRV8301_setOcMode                               
0     0000a412  _DRV8301_setOcOffTimeMode                        
0     0000a3fe  _DRV8301_setOcTwMode                             
0     0000a3ea  _DRV8301_setPeakCurrent                          
0     0000a3d6  _DRV8301_setPwmMode                              
0     0000a3c2  _DRV8301_setShuntAmpGain                         
0     0000a3c0  _DRV8301_setSpiHandle                            
0     0000a339  _DRV8301_setupSpi                                
0     0000a2d8  _DRV8301_writeData                               
0     0000a2c1  _DRV8301_writeSpi                                
abs   003f86ad  _EST_computeDirection_qFmt                       
abs   003f9760  _EST_doCurrentCtrl                               
abs   003f9758  _EST_doSpeedCtrl                                 
abs   003f8c0d  _EST_getAngle_pu                                 
abs   003f96be  _EST_getFlux_VpHz                                
abs   003f96ab  _EST_getFlux_pu                                  
abs   003f968e  _EST_getFm_pu                                    
abs   003f9632  _EST_getIdRated                                  
abs   003f95ff  _EST_getLs_coarse_max_pu                         
abs   003f95f5  _EST_getLs_d_H                                   
abs   003f95f0  _EST_getLs_d_pu                                  
abs   003f95ce  _EST_getLs_q_H                                   
abs   003f95c9  _EST_getLs_q_pu                                  
abs   003f95bd  _EST_getMaxCurrentSlope_pu                       
abs   003f95b3  _EST_getOneOverDcBus_pu                          
abs   003f95ad  _EST_getRr_Ohm                                   
abs   003f9513  _EST_getRs_Ohm                                   
abs   003f94c6  _EST_getSpeed_krpm                               
abs   003f861b  _EST_getState                                    
abs   003f9458  _EST_get_krpm_to_pu_sf                           
abs   003f9453  _EST_get_pu_to_krpm_sf                           
abs   003f938d  _EST_isError                                     
abs   003f9386  _EST_isIdle                                      
abs   003f937f  _EST_isLockRotor                                 
abs   003f8679  _EST_isMotorIdentified                           
abs   003f9378  _EST_isOnLine                                    
abs   003f927b  _EST_run                                         
abs   003f8bf5  _EST_setDir_qFmt                                 
abs   003f8be8  _EST_setFe_neg_max_pu                            
abs   003f8be4  _EST_setFe_pos_min_pu                            
abs   003f8bdb  _EST_setFlag_enableForceAngle                    
abs   003f8b80  _EST_setId_ref_pu                                
abs   003f8b7a  _EST_setIdle                                     
abs   003f8b67  _EST_setIdle_all                                 
abs   003f8b63  _EST_setIq_ref_pu                                
abs   003f8b45  _EST_setLs_d_pu                                  
abs   003f8af1  _EST_setLs_qFmt                                  
abs   003f8ae7  _EST_setLs_q_pu                                  
abs   003f8adb  _EST_setMaxCurrentSlope_pu                       
abs   003f8a18  _EST_setRs_pu                                    
abs   003f89f5  _EST_updateId_ref_pu                             
abs   003f8713  _EST_updateState                                 
abs   003f861d  _EST_useZeroIq_ref                               
0     0000b459  _FILTER_FO_getDenCoeffs                          
0     0000b452  _FILTER_FO_getInitialConditions                  
0     0000b44c  _FILTER_FO_getNumCoeffs                          
0     0000b446  _FILTER_FO_init                                  
0     0000b444  _FILTER_FO_setDenCoeffs                          
0     0000b43f  _FILTER_FO_setInitialConditions                  
0     0000b43b  _FILTER_FO_setNumCoeffs                          
0     0000b497  _FLASH_clear3VStatus                             
0     00000133  _FLASH_disablePipelineMode                       
0     0000012d  _FLASH_enablePipelineMode                        
0     0000b494  _FLASH_get3VStatus                               
0     0000b491  _FLASH_getActiveWaitCount                        
0     0000b48d  _FLASH_getActiveWaitStatus                       
0     0000b48a  _FLASH_getPowerMode                              
0     0000b487  _FLASH_getStandbyWaitCount                       
0     0000b483  _FLASH_getStandbyWaitStatus                      
0     0000b47d  _FLASH_init                                      
0     00000128  _FLASH_setActiveWaitCount                        
0     00000121  _FLASH_setNumPagedReadWaitStates                 
0     0000011a  _FLASH_setNumRandomReadWaitStates                
0     00000113  _FLASH_setOtpWaitStates                          
0     0000010c  _FLASH_setPowerMode                              
0     00000107  _FLASH_setStandbyWaitCount                       
0     0000b5c0  _Flag_Latch_softwareUpdate                       
0     0000ac0f  _GPIO_getData                                    
0     0000ac04  _GPIO_getPortData                                
0     0000abfe  _GPIO_init                                       
0     0000abf4  _GPIO_lpmSelect                                  
0     0000abd5  _GPIO_read                                       
0     0000abbb  _GPIO_setDirection                               
0     0000abb0  _GPIO_setExtInt                                  
0     0000aba0  _GPIO_setHigh                                    
0     0000ab90  _GPIO_setLow                                     
0     0000ab58  _GPIO_setMode                                    
0     0000ab4a  _GPIO_setPortData                                
0     0000ab30  _GPIO_setPullup                                  
0     0000aaf3  _GPIO_setQualification                           
0     0000aaac  _GPIO_setQualificationPeriod                     
0     0000aa9c  _GPIO_toggle                                     
0     00008597  _HAL_AdcCalChanSelect                            
0     000085ee  _HAL_AdcCalConversion                            
0     00008750  _HAL_AdcOffsetSelfCal                            
0     00008816  _HAL_OscTempComp                                 
0     0000886f  _HAL_cal                                         
0     00008acb  _HAL_disableGlobalInts                           
0     000089bf  _HAL_disableWdog                                 
0     00008ab9  _HAL_enableAdcInts                               
0     00008ab5  _HAL_enableDebugInt                              
0     00008ab0  _HAL_enableDrv                                   
0     00008aac  _HAL_enableGlobalInts                            
0     00008a9b  _HAL_enablePwmInt                                
0     00008a8b  _HAL_enableTimer0Int                             
0     00008783  _HAL_getOscTrimValue                             
0     000089c4  _HAL_init                                        
0     00008796  _HAL_osc1Comp                                    
0     000087d6  _HAL_osc2Comp                                    
0     000089ba  _HAL_readDrvData                                 
0     000089a0  _HAL_setDacParameters                            
0     00008886  _HAL_setParams                                   
0     000084e2  _HAL_setupAdcs                                   
0     000084c6  _HAL_setupClks                                   
0     000084c1  _HAL_setupDrvSpi                                 
0     000084a3  _HAL_setupFaults                                 
0     00008485  _HAL_setupFlash                                  
0     00008470  _HAL_setupGate                                   
0     000082d4  _HAL_setupGpios                                  
0     00008280  _HAL_setupPeripheralClks                         
0     00008264  _HAL_setupPie                                    
0     00008225  _HAL_setupPll                                    
0     000081a2  _HAL_setupPwmDacs                                
0     000080ca  _HAL_setupPwms                                   
0     00008094  _HAL_setupSpiA                                   
0     0000805e  _HAL_setupSpiB                                   
0     00008005  _HAL_setupTimers                                 
0     00008000  _HAL_writeDrvData                                
0     003fe708  _IQ10mpyRndSatTable                              
0     003fe6fc  _IQ11mpyRndSatTable                              
0     003fe6f0  _IQ12mpyRndSatTable                              
0     003fe6e4  _IQ13mpyRndSatTable                              
0     003fe6d8  _IQ14mpyRndSatTable                              
0     003fe6cc  _IQ15mpyRndSatTable                              
0     003fe6c0  _IQ16mpyRndSatTable                              
0     003fe6b4  _IQ17mpyRndSatTable                              
0     003fe6a8  _IQ18mpyRndSatTable                              
0     003fe69c  _IQ19mpyRndSatTable                              
0     003fe774  _IQ1mpyRndSatTable                               
0     003fe690  _IQ20mpyRndSatTable                              
0     003fe684  _IQ21mpyRndSatTable                              
0     003fe678  _IQ22mpyRndSatTable                              
0     003fe66c  _IQ23mpyRndSatTable                              
0     003fe660  _IQ24mpyRndSatTable                              
0     003fe654  _IQ25mpyRndSatTable                              
0     003fe648  _IQ26mpyRndSatTable                              
0     003fe63c  _IQ27mpyRndSatTable                              
0     003fe630  _IQ28mpyRndSatTable                              
0     003fe624  _IQ29mpyRndSatTable                              
0     003fe768  _IQ2mpyRndSatTable                               
0     003fe618  _IQ30mpyRndSatTable                              
0     003fe75c  _IQ3mpyRndSatTable                               
0     003fe750  _IQ4mpyRndSatTable                               
0     003fe744  _IQ5mpyRndSatTable                               
0     003fe738  _IQ6mpyRndSatTable                               
0     003fe72c  _IQ7mpyRndSatTable                               
0     003fe720  _IQ8mpyRndSatTable                               
0     003fe714  _IQ9mpyRndSatTable                               
0     003fe454  _IQatan2HalfPITable                              
0     003fe492  _IQatan2Table                                    
0     003fe618  _IQatan2TableEnd                                 
0     003fdd30  _IQcosTable                                      
0     003fe132  _IQcosTableEnd                                   
0     003fe132  _IQdivRoundSatTable                              
0     003fe140  _IQdivTable                                      
0     003fe342  _IQdivTableEnd                                   
0     003fe342  _IQisqrtRoundSatTable                            
0     003fe352  _IQisqrtTable                                    
0     003fe454  _IQisqrtTableEnd                                 
0     003fe618  _IQmpyRndSatTable                                
0     003fe780  _IQmpyRndSatTableEnd                             
0     003fdc30  _IQsinTable                                      
0     003fe030  _IQsinTableEnd                                   
0     003fe342  _IQsqrtRoundSatTable                             
0     003fe352  _IQsqrtTable                                     
0     003fe454  _IQsqrtTableEnd                                  
0     0000b28a  _OFFSET_getBeta                                  
0     0000b279  _OFFSET_init                                     
0     0000b263  _OFFSET_setBeta                                  
0     0000b254  _OFFSET_setInitCond                              
0     0000b252  _OFFSET_setOffset                                
0     0000b3c2  _OSC_init                                        
0     0000b3b5  _OSC_setCoarseTrim                               
0     0000b3a4  _OSC_setFineTrim                                 
0     0000b39b  _OSC_setTrim                                     
0     0000ad15  _PIE_clearAllFlags                               
0     0000ad12  _PIE_clearAllInts                                
0     0000ad0f  _PIE_disable                                     
0     0000ad08  _PIE_disableAllInts                              
0     0000ad04  _PIE_disableCaptureInt                           
0     0000acfb  _PIE_disableExtInt                               
0     0000acf1  _PIE_disableInt                                  
0     0000acee  _PIE_enable                                      
0     0000acd2  _PIE_enableAdcInt                                
0     0000acce  _PIE_enableCaptureInt                            
0     0000acb2  _PIE_enableExtInt                                
0     0000aca9  _PIE_enableInt                                   
0     0000aca4  _PIE_enablePwmInt                                
0     0000ac9f  _PIE_enablePwmTzInt                              
0     0000ac9c  _PIE_enableTimer0Int                             
0     0000ac93  _PIE_forceInt                                    
0     0000ac8b  _PIE_getExtIntCount                              
0     0000ac84  _PIE_getIntEnables                               
0     0000ac7d  _PIE_getIntFlags                                 
0     0000b5b0  _PIE_illegalIsr                                  
0     0000ac75  _PIE_init                                        
0     0000ac64  _PIE_registerPieIntHandler                       
0     0000ac59  _PIE_registerSystemIntHandler                    
0     0000ac4e  _PIE_setDefaultIntVectorTable                    
0     0000ac3d  _PIE_setExtIntPolarity                           
0     0000ac2a  _PIE_unregisterPieIntHandler                     
0     0000ac1d  _PIE_unregisterSystemIntHandler                  
0     0000b19e  _PLL_disable                                     
0     0000b198  _PLL_disableClkDetect                            
0     0000b192  _PLL_disableNormRdy                              
0     0000b18c  _PLL_disableOsc                                  
0     0000b186  _PLL_enable                                      
0     0000b180  _PLL_enableClkDetect                             
0     0000b17a  _PLL_enableNormRdy                               
0     0000b174  _PLL_enableOsc                                   
0     0000b170  _PLL_getClkFreq                                  
0     0000b16d  _PLL_getClkStatus                                
0     0000b16a  _PLL_getDivideSelect                             
0     0000b167  _PLL_getLockStatus                               
0     0000b161  _PLL_init                                        
0     0000b15b  _PLL_resetClkDetect                              
0     0000b155  _PLL_setClkFreq                                  
0     0000b14e  _PLL_setDivideSelect                             
0     0000b149  _PLL_setLockPeriod                               
0     0000a2bb  _PWM_clearTripZone                               
0     0000a2b8  _PWM_decrementDeadBandFallingEdgeDelay           
0     0000a2b5  _PWM_decrementDeadBandRisingEdgeDelay            
0     0000a2ae  _PWM_disableAutoConvert                          
0     0000a2aa  _PWM_disableChopping                             
0     0000a2a7  _PWM_disableCounterLoad                          
0     0000a2a4  _PWM_disableDeadBand                             
0     0000a2a0  _PWM_disableDeadBandHalfCycle                    
0     0000a299  _PWM_disableDigitalCompareBlankingWindow         
0     0000a292  _PWM_disableDigitalCompareBlankingWindowInversion
0     0000a28b  _PWM_disableHrPeriod                             
0     0000a284  _PWM_disableHrPhaseSync                          
0     0000a280  _PWM_disableInt                                  
0     0000a27c  _PWM_disableSocAPulse                            
0     0000a278  _PWM_disableSocBPulse                            
0     0000a271  _PWM_disableTripZoneInt                          
0     0000a26a  _PWM_disableTripZoneSrc                          
0     0000a264  _PWM_disableTripZones                            
0     0000a25d  _PWM_enableAutoConvert                           
0     0000a259  _PWM_enableChopping                              
0     0000a256  _PWM_enableCounterLoad                           
0     0000a252  _PWM_enableDeadBandHalfCycle                     
0     0000a24b  _PWM_enableDigitalCompareBlankingWindow          
0     0000a244  _PWM_enableDigitalCompareBlankingWindowInversion 
0     0000a23d  _PWM_enableHrPeriod                              
0     0000a236  _PWM_enableHrPhaseSync                           
0     0000a232  _PWM_enableInt                                   
0     0000a22e  _PWM_enableSocAPulse                             
0     0000a22a  _PWM_enableSocBPulse                             
0     0000a224  _PWM_enableTripZoneInt                           
0     0000a21e  _PWM_enableTripZoneSrc                           
0     0000a21b  _PWM_getDeadBandFallingEdgeDelay                 
0     0000a218  _PWM_getDeadBandRisingEdgeDelay                  
0     0000a214  _PWM_getIntCount                                 
0     0000a210  _PWM_getShadowStatus_CmpA                        
0     0000a20c  _PWM_getShadowStatus_CmpB                        
0     0000a207  _PWM_getSocACount                                
0     0000a202  _PWM_getSocBCount                                
0     0000a1ff  _PWM_incrementDeadBandFallingEdgeDelay           
0     0000a1fc  _PWM_incrementDeadBandRisingEdgeDelay            
0     0000a1f6  _PWM_init                                        
0     0000a1ef  _PWM_setActionQualContSWForce_PwmA               
0     0000a1e6  _PWM_setActionQualContSWForce_PwmB               
0     0000a1dd  _PWM_setActionQual_CntDown_CmpA_PwmA             
0     0000a1d4  _PWM_setActionQual_CntDown_CmpA_PwmB             
0     0000a1cb  _PWM_setActionQual_CntDown_CmpB_PwmA             
0     0000a1c2  _PWM_setActionQual_CntDown_CmpB_PwmB             
0     0000a1b9  _PWM_setActionQual_CntUp_CmpA_PwmA               
0     0000a1b0  _PWM_setActionQual_CntUp_CmpA_PwmB               
0     0000a1a7  _PWM_setActionQual_CntUp_CmpB_PwmA               
0     0000a19e  _PWM_setActionQual_CntUp_CmpB_PwmB               
0     0000a195  _PWM_setActionQual_Period_PwmA                   
0     0000a18c  _PWM_setActionQual_Period_PwmB                   
0     0000a185  _PWM_setActionQual_Zero_PwmA                     
0     0000a17e  _PWM_setActionQual_Zero_PwmB                     
0     0000a177  _PWM_setChoppingClkFreq                          
0     0000a170  _PWM_setChoppingDutyCycle                        
0     0000a169  _PWM_setChoppingPulseWidth                       
0     0000a165  _PWM_setClkDiv                                   
0     0000a163  _PWM_setCount                                    
0     0000a15f  _PWM_setCounterMode                              
0     0000a15c  _PWM_setDeadBandFallingEdgeDelay                 
0     0000a155  _PWM_setDeadBandInputMode                        
0     0000a14e  _PWM_setDeadBandOutputMode                       
0     0000a147  _PWM_setDeadBandPolarity                         
0     0000a144  _PWM_setDeadBandRisingEdgeDelay                  
0     0000a12a  _PWM_setDigitalCompareAEvent1                    
0     0000a11a  _PWM_setDigitalCompareAEvent2                    
0     0000a100  _PWM_setDigitalCompareBEvent1                    
0     0000a0f0  _PWM_setDigitalCompareBEvent2                    
0     0000a0e4  _PWM_setDigitalCompareBlankingPulse              
0     0000a0e1  _PWM_setDigitalCompareFilterOffset               
0     0000a0d7  _PWM_setDigitalCompareFilterSource               
0     0000a0d4  _PWM_setDigitalCompareFilterWindow               
0     0000a0c5  _PWM_setDigitalCompareInput                      
0     0000a0c1  _PWM_setHighSpeedClkDiv                          
0     0000a0b7  _PWM_setHrControlMode                            
0     0000a0ad  _PWM_setHrEdgeMode                               
0     0000a0a3  _PWM_setHrShadowMode                             
0     0000a09c  _PWM_setIntMode                                  
0     0000a095  _PWM_setIntPeriod                                
0     0000a091  _PWM_setLoadMode_CmpA                            
0     0000a08b  _PWM_setLoadMode_CmpB                            
0     0000a089  _PWM_setPeriod                                   
0     0000a084  _PWM_setPeriodHr                                 
0     0000a080  _PWM_setPeriodLoad                               
0     0000a07e  _PWM_setPhase                                    
0     0000a07a  _PWM_setPhaseDir                                 
0     0000a076  _PWM_setRunMode                                  
0     0000a070  _PWM_setShadowMode_CmpA                          
0     0000a06a  _PWM_setShadowMode_CmpB                          
0     0000a061  _PWM_setSocAPeriod                               
0     0000a058  _PWM_setSocAPulseSrc                             
0     0000a04f  _PWM_setSocBPeriod                               
0     0000a046  _PWM_setSocBPulseSrc                             
0     0000a043  _PWM_setSwSync                                   
0     0000a03f  _PWM_setSyncMode                                 
0     0000a035  _PWM_setTripZoneDCEventSelect_DCAEVT1            
0     0000a029  _PWM_setTripZoneDCEventSelect_DCAEVT2            
0     0000a01d  _PWM_setTripZoneDCEventSelect_DCBEVT1            
0     0000a011  _PWM_setTripZoneDCEventSelect_DCBEVT2            
0     0000a005  _PWM_setTripZoneState_DCAEVT1                    
0     00009ff9  _PWM_setTripZoneState_DCAEVT2                    
0     00009fed  _PWM_setTripZoneState_DCBEVT1                    
0     00009fe1  _PWM_setTripZoneState_DCBEVT2                    
0     00009fd7  _PWM_setTripZoneState_TZA                        
0     00009fcb  _PWM_setTripZoneState_TZB                        
0     0000b366  _PWR_disableBrownOutReset                        
0     0000b35c  _PWR_disableWatchDogInt                          
0     0000b359  _PWR_enableBrownOutReset                         
0     0000b34f  _PWR_enableWatchDogInt                           
0     0000b347  _PWR_init                                        
0     0000b336  _PWR_setLowPowerMode                             
0     0000b325  _PWR_setNumStandByClocks                         
0     0000013d  _RamfuncsLoadEnd                                 
abs   00000036  _RamfuncsLoadSize                                
0     00000107  _RamfuncsLoadStart                               
0     00000107  _RamfuncsRunStart                                
0     0000ae80  _SPI_clearRxFifoInt                              
0     0000ae7c  _SPI_clearRxFifoOvf                              
0     0000ae78  _SPI_clearTxFifoInt                              
0     0000ae75  _SPI_disableInt                                  
0     0000ae72  _SPI_disableLoopBack                             
0     0000ae6f  _SPI_disableOverRunInt                           
0     0000ae6b  _SPI_disableRxFifoInt                            
0     0000ae68  _SPI_disableTx                                   
0     0000ae64  _SPI_disableTxFifoEnh                            
0     0000ae60  _SPI_disableTxFifoInt                            
0     0000ae5d  _SPI_enable                                      
0     0000ae59  _SPI_enableChannels                              
0     0000ae56  _SPI_enableInt                                   
0     0000ae53  _SPI_enableLoopBack                              
0     0000ae50  _SPI_enableOverRunInt                            
0     0000ae4c  _SPI_enableRxFifo                                
0     0000ae48  _SPI_enableRxFifoInt                             
0     0000ae45  _SPI_enableTx                                    
0     0000ae41  _SPI_enableTxFifo                                
0     0000ae3d  _SPI_enableTxFifoEnh                             
0     0000ae39  _SPI_enableTxFifoInt                             
0     0000ae36  _SPI_getIntFlagStatus                            
0     0000ae32  _SPI_getRxFifoStatus                             
0     0000ae2f  _SPI_getTxBufferStatus                           
0     0000ae2b  _SPI_getTxFifoStatus                             
0     0000ae25  _SPI_init                                        
0     0000ae22  _SPI_reset                                       
0     0000ae1e  _SPI_resetChannels                               
0     0000ae1a  _SPI_resetRxFifo                                 
0     0000ae16  _SPI_resetTxFifo                                 
0     0000ae14  _SPI_setBaudRate                                 
0     0000ae10  _SPI_setCharLength                               
0     0000ae0e  _SPI_setClkPhase                                 
0     0000ae0a  _SPI_setClkPolarity                              
0     0000ae08  _SPI_setMode                                     
0     0000ae01  _SPI_setPriority                                 
0     0000adfa  _SPI_setRxFifoIntLevel                           
0     0000adf3  _SPI_setSteInv                                   
0     0000adec  _SPI_setSuspend                                  
0     0000ade5  _SPI_setTriWire                                  
0     0000ade2  _SPI_setTxDelay                                  
0     0000addb  _SPI_setTxFifoIntLevel                           
0     0000b398  _TIMER_clearFlag                                 
0     0000b395  _TIMER_disableInt                                
0     0000b392  _TIMER_enableInt                                 
0     0000b38f  _TIMER_getStatus                                 
0     0000b389  _TIMER_init                                      
0     0000b37b  _TIMER_setDecimationFactor                       
0     0000b377  _TIMER_setEmulationMode                          
0     0000b369  _TIMER_setPreScaler                              
0     00009bd2  _USER_calcPIgains                                
0     00009bce  _USER_checkForErrors                             
0     00009bc0  _USER_computeFlux                                
0     00009b85  _USER_computeFlux_pu_to_VpHz_sf                  
0     00009b4a  _USER_computeFlux_pu_to_Wb_sf                    
0     00009b0f  _USER_computeTorque_Flux_Iq_pu_to_Nm_sf          
0     00009ad7  _USER_computeTorque_Ls_Id_Iq_pu_to_Nm_sf         
0     00009a8a  _USER_computeTorque_Nm                           
0     00009a32  _USER_computeTorque_lbin                         
0     00009a2f  _USER_getErrorCode                               
0     00009a2c  _USER_setErrorCode                               
0     000098fa  _USER_setParams                                  
0     00009877  _USER_softwareUpdate1p6                          
0     0000b31d  _WDOG_clearCounter                               
0     0000b315  _WDOG_disable                                    
0     0000b30f  _WDOG_disableInt                                 
0     0000b309  _WDOG_disableOverRide                            
0     0000b300  _WDOG_enable                                     
0     0000b2fa  _WDOG_enableInt                                  
0     0000b2f4  _WDOG_enableOverRide                             
0     0000b2f1  _WDOG_getIntStatus                               
0     0000b2eb  _WDOG_init                                       
0     0000b2e9  _WDOG_setCount                                   
0     0000b2df  _WDOG_setPreScaler                               
0     0000b853  __IQ24cosPU                                      
0     0000b82a  __IQ24sinPU                                      
0     0000b7e8  __IQ24sqrt                                       
0     0000b87a  __IQ30toF                                        
1     000007b0  __STACK_END                                      
abs   000003b0  __STACK_SIZE                                     
0     0000b72e  ___TI_cleanup_ptr                                
0     0000b730  ___TI_dtors_ptr                                  
0     0000b72c  ___TI_enable_exit_profile_output                 
abs   ffffffff  ___TI_pprof_out_hndl                             
abs   ffffffff  ___TI_prof_data_size                             
abs   ffffffff  ___TI_prof_data_start                            
abs   ffffffff  ___binit__                                       
abs   ffffffff  ___c_args__                                      
0     00000050  ___cinit__                                       
0     0000b5bd  ___etext__                                       
abs   ffffffff  ___pinit__                                       
0     00008000  ___text__                                        
0     0000b543  __args_main                                      
0     0000b5be  __lock                                           
0     0000b59e  __nop                                            
0     0000b59a  __register_lock                                  
0     0000b596  __register_unlock                                
1     00000400  __stack                                          
0     0000b5bc  __system_post_cinit                              
0     0000b5ba  __system_pre_init                                
0     0000b732  __unlock                                         
0     0000b3c8  _abort                                           
0     00009d8d  _acim_Dir_qFmtCalc                               
0     0000b1fe  _c_int00                                         
0     0000b075  _ceil                                            
0     0000b075  _ceilf                                           
0     0000b5c8  _controller_obj                                  
0     0000b299  _copy_in                                         
0     0000b59f  _copysign                                        
0     0000b59f  _copysignf                                       
0     0000b736  _cpu                                             
0     0000b5c6  _ctrlHandle                                      
0     0000b4f5  _ddcopy                                          
0     0000b4f5  _dpcopy                                          
0     0000b737  _errno                                           
0     0000b3ca  _exit                                            
0     0000b5d2  _gAdcData                                        
0     0000b5c2  _gCounter_updateGlobals                          
0     0000b5e0  _gDrvSpi8301Vars                                 
0     0000b5c1  _gLEDcnt                                         
0     0000b5ca  _gMaxCurrentSlope                                
0     0000b600  _gMotorVars                                      
0     0000b5cc  _gPwmData                                        
0     0000b680  _gUserParams                                     
0     0000b740  _hal                                             
0     0000b5c4  _halHandle                                       
0     0000b0e0  _ldexp                                           
0     0000b0e0  _ldexpf                                          
0     0000a914  _log                                             
0     0000a914  _logf                                            
0     00009da3  _main                                            
0     0000ad1c  _mainISR                                         
0     0000b4f5  _pdcopy                                          
0     00009445  _pow                                             
0     00009445  _powf                                            
0     0000b4f5  _ppcopy                                          
0     00009d15  _recalcKpKi                                      
0     0000b0e0  _scalbn                                          
0     0000b0e0  _scalbnf                                         
0     00009cf0  _setFeLimitZero                                  
0     0000b002  _sqrt                                            
0     0000b002  _sqrtf                                           
0     00009c93  _updateGlobalVariables_motor                     
0     00000139  _usDelay                                         
abs   ffffffff  binit                                            
0     00000050  cinit                                            
0     00000000  code_start                                       
0     0000b5bd  etext                                            
abs   ffffffff  pinit                                            


GLOBAL SYMBOLS: SORTED BY Symbol Address 

page  address   name                                             
----  -------   ----                                             
0     00000000  code_start                                       
0     00000050  ___cinit__                                       
0     00000050  cinit                                            
0     00000107  _FLASH_setStandbyWaitCount                       
0     00000107  _RamfuncsLoadStart                               
0     00000107  _RamfuncsRunStart                                
0     0000010c  _FLASH_setPowerMode                              
0     00000113  _FLASH_setOtpWaitStates                          
0     0000011a  _FLASH_setNumRandomReadWaitStates                
0     00000121  _FLASH_setNumPagedReadWaitStates                 
0     00000128  _FLASH_setActiveWaitCount                        
0     0000012d  _FLASH_enablePipelineMode                        
0     00000133  _FLASH_disablePipelineMode                       
0     00000139  _usDelay                                         
0     0000013d  _RamfuncsLoadEnd                                 
0     00008000  .text                                            
0     00008000  _HAL_writeDrvData                                
0     00008000  ___text__                                        
0     00008005  _HAL_setupTimers                                 
0     0000805e  _HAL_setupSpiB                                   
0     00008094  _HAL_setupSpiA                                   
0     000080ca  _HAL_setupPwms                                   
0     000081a2  _HAL_setupPwmDacs                                
0     00008225  _HAL_setupPll                                    
0     00008264  _HAL_setupPie                                    
0     00008280  _HAL_setupPeripheralClks                         
0     000082d4  _HAL_setupGpios                                  
0     00008470  _HAL_setupGate                                   
0     00008485  _HAL_setupFlash                                  
0     000084a3  _HAL_setupFaults                                 
0     000084c1  _HAL_setupDrvSpi                                 
0     000084c6  _HAL_setupClks                                   
0     000084e2  _HAL_setupAdcs                                   
0     00008597  _HAL_AdcCalChanSelect                            
0     000085ee  _HAL_AdcCalConversion                            
0     00008750  _HAL_AdcOffsetSelfCal                            
0     00008783  _HAL_getOscTrimValue                             
0     00008796  _HAL_osc1Comp                                    
0     000087d6  _HAL_osc2Comp                                    
0     00008816  _HAL_OscTempComp                                 
0     0000886f  _HAL_cal                                         
0     00008886  _HAL_setParams                                   
0     000089a0  _HAL_setDacParameters                            
0     000089ba  _HAL_readDrvData                                 
0     000089bf  _HAL_disableWdog                                 
0     000089c4  _HAL_init                                        
0     00008a8b  _HAL_enableTimer0Int                             
0     00008a9b  _HAL_enablePwmInt                                
0     00008aac  _HAL_enableGlobalInts                            
0     00008ab0  _HAL_enableDrv                                   
0     00008ab5  _HAL_enableDebugInt                              
0     00008ab9  _HAL_enableAdcInts                               
0     00008acb  _HAL_disableGlobalInts                           
0     00008acf  _CTRL_updateState                                
0     00008b82  _CTRL_setup_user                                 
0     00008be5  _CTRL_setupClarke_V                              
0     00008bfb  _CTRL_setupClarke_I                              
0     00008c17  _CTRL_setup                                      
0     00008c21  _CTRL_setWaitTimes                               
0     00008c2a  _CTRL_setSpd_ref_pu                              
0     00008c2d  _CTRL_setSpd_ref_krpm                            
0     00008c40  _CTRL_setGains                                   
0     00008c68  _CTRL_setParams                                  
0     00008ec6  _CTRL_run                                        
0     000093cf  _CTRL_getWaitTimes                               
0     000093d8  _CTRL_getVdq_out_pu                              
0     000093df  _CTRL_getVab_out_pu                              
0     000093e6  _CTRL_getVab_in_pu                               
0     000093ed  _CTRL_getIdq_ref_pu                              
0     000093f4  _CTRL_getIdq_in_pu                               
0     000093fb  _CTRL_getIab_in_pu                               
0     00009402  _CTRL_getIab_filt_pu                             
0     00009409  _CTRL_getGains                                   
0     00009439  _CTRL_setMagCurrent_pu                           
0     0000943c  _CTRL_setMaximumSpeed_pu                         
0     0000943f  _CTRL_getMaximumSpeed_pu                         
0     00009442  _CTRL_getMagCurrent_pu                           
0     00009445  _pow                                             
0     00009445  _powf                                            
0     00009877  _USER_softwareUpdate1p6                          
0     000098fa  _USER_setParams                                  
0     00009a2c  _USER_setErrorCode                               
0     00009a2f  _USER_getErrorCode                               
0     00009a32  _USER_computeTorque_lbin                         
0     00009a8a  _USER_computeTorque_Nm                           
0     00009ad7  _USER_computeTorque_Ls_Id_Iq_pu_to_Nm_sf         
0     00009b0f  _USER_computeTorque_Flux_Iq_pu_to_Nm_sf          
0     00009b4a  _USER_computeFlux_pu_to_Wb_sf                    
0     00009b85  _USER_computeFlux_pu_to_VpHz_sf                  
0     00009bc0  _USER_computeFlux                                
0     00009bce  _USER_checkForErrors                             
0     00009bd2  _USER_calcPIgains                                
0     00009c93  _updateGlobalVariables_motor                     
0     00009cf0  _setFeLimitZero                                  
0     00009d15  _recalcKpKi                                      
0     00009d8d  _acim_Dir_qFmtCalc                               
0     00009da3  _main                                            
0     00009fcb  _PWM_setTripZoneState_TZB                        
0     00009fd7  _PWM_setTripZoneState_TZA                        
0     00009fe1  _PWM_setTripZoneState_DCBEVT2                    
0     00009fed  _PWM_setTripZoneState_DCBEVT1                    
0     00009ff9  _PWM_setTripZoneState_DCAEVT2                    
0     0000a005  _PWM_setTripZoneState_DCAEVT1                    
0     0000a011  _PWM_setTripZoneDCEventSelect_DCBEVT2            
0     0000a01d  _PWM_setTripZoneDCEventSelect_DCBEVT1            
0     0000a029  _PWM_setTripZoneDCEventSelect_DCAEVT2            
0     0000a035  _PWM_setTripZoneDCEventSelect_DCAEVT1            
0     0000a03f  _PWM_setSyncMode                                 
0     0000a043  _PWM_setSwSync                                   
0     0000a046  _PWM_setSocBPulseSrc                             
0     0000a04f  _PWM_setSocBPeriod                               
0     0000a058  _PWM_setSocAPulseSrc                             
0     0000a061  _PWM_setSocAPeriod                               
0     0000a06a  _PWM_setShadowMode_CmpB                          
0     0000a070  _PWM_setShadowMode_CmpA                          
0     0000a076  _PWM_setRunMode                                  
0     0000a07a  _PWM_setPhaseDir                                 
0     0000a07e  _PWM_setPhase                                    
0     0000a080  _PWM_setPeriodLoad                               
0     0000a084  _PWM_setPeriodHr                                 
0     0000a089  _PWM_setPeriod                                   
0     0000a08b  _PWM_setLoadMode_CmpB                            
0     0000a091  _PWM_setLoadMode_CmpA                            
0     0000a095  _PWM_setIntPeriod                                
0     0000a09c  _PWM_setIntMode                                  
0     0000a0a3  _PWM_setHrShadowMode                             
0     0000a0ad  _PWM_setHrEdgeMode                               
0     0000a0b7  _PWM_setHrControlMode                            
0     0000a0c1  _PWM_setHighSpeedClkDiv                          
0     0000a0c5  _PWM_setDigitalCompareInput                      
0     0000a0d4  _PWM_setDigitalCompareFilterWindow               
0     0000a0d7  _PWM_setDigitalCompareFilterSource               
0     0000a0e1  _PWM_setDigitalCompareFilterOffset               
0     0000a0e4  _PWM_setDigitalCompareBlankingPulse              
0     0000a0f0  _PWM_setDigitalCompareBEvent2                    
0     0000a100  _PWM_setDigitalCompareBEvent1                    
0     0000a11a  _PWM_setDigitalCompareAEvent2                    
0     0000a12a  _PWM_setDigitalCompareAEvent1                    
0     0000a144  _PWM_setDeadBandRisingEdgeDelay                  
0     0000a147  _PWM_setDeadBandPolarity                         
0     0000a14e  _PWM_setDeadBandOutputMode                       
0     0000a155  _PWM_setDeadBandInputMode                        
0     0000a15c  _PWM_setDeadBandFallingEdgeDelay                 
0     0000a15f  _PWM_setCounterMode                              
0     0000a163  _PWM_setCount                                    
0     0000a165  _PWM_setClkDiv                                   
0     0000a169  _PWM_setChoppingPulseWidth                       
0     0000a170  _PWM_setChoppingDutyCycle                        
0     0000a177  _PWM_setChoppingClkFreq                          
0     0000a17e  _PWM_setActionQual_Zero_PwmB                     
0     0000a185  _PWM_setActionQual_Zero_PwmA                     
0     0000a18c  _PWM_setActionQual_Period_PwmB                   
0     0000a195  _PWM_setActionQual_Period_PwmA                   
0     0000a19e  _PWM_setActionQual_CntUp_CmpB_PwmB               
0     0000a1a7  _PWM_setActionQual_CntUp_CmpB_PwmA               
0     0000a1b0  _PWM_setActionQual_CntUp_CmpA_PwmB               
0     0000a1b9  _PWM_setActionQual_CntUp_CmpA_PwmA               
0     0000a1c2  _PWM_setActionQual_CntDown_CmpB_PwmB             
0     0000a1cb  _PWM_setActionQual_CntDown_CmpB_PwmA             
0     0000a1d4  _PWM_setActionQual_CntDown_CmpA_PwmB             
0     0000a1dd  _PWM_setActionQual_CntDown_CmpA_PwmA             
0     0000a1e6  _PWM_setActionQualContSWForce_PwmB               
0     0000a1ef  _PWM_setActionQualContSWForce_PwmA               
0     0000a1f6  _PWM_init                                        
0     0000a1fc  _PWM_incrementDeadBandRisingEdgeDelay            
0     0000a1ff  _PWM_incrementDeadBandFallingEdgeDelay           
0     0000a202  _PWM_getSocBCount                                
0     0000a207  _PWM_getSocACount                                
0     0000a20c  _PWM_getShadowStatus_CmpB                        
0     0000a210  _PWM_getShadowStatus_CmpA                        
0     0000a214  _PWM_getIntCount                                 
0     0000a218  _PWM_getDeadBandRisingEdgeDelay                  
0     0000a21b  _PWM_getDeadBandFallingEdgeDelay                 
0     0000a21e  _PWM_enableTripZoneSrc                           
0     0000a224  _PWM_enableTripZoneInt                           
0     0000a22a  _PWM_enableSocBPulse                             
0     0000a22e  _PWM_enableSocAPulse                             
0     0000a232  _PWM_enableInt                                   
0     0000a236  _PWM_enableHrPhaseSync                           
0     0000a23d  _PWM_enableHrPeriod                              
0     0000a244  _PWM_enableDigitalCompareBlankingWindowInversion 
0     0000a24b  _PWM_enableDigitalCompareBlankingWindow          
0     0000a252  _PWM_enableDeadBandHalfCycle                     
0     0000a256  _PWM_enableCounterLoad                           
0     0000a259  _PWM_enableChopping                              
0     0000a25d  _PWM_enableAutoConvert                           
0     0000a264  _PWM_disableTripZones                            
0     0000a26a  _PWM_disableTripZoneSrc                          
0     0000a271  _PWM_disableTripZoneInt                          
0     0000a278  _PWM_disableSocBPulse                            
0     0000a27c  _PWM_disableSocAPulse                            
0     0000a280  _PWM_disableInt                                  
0     0000a284  _PWM_disableHrPhaseSync                          
0     0000a28b  _PWM_disableHrPeriod                             
0     0000a292  _PWM_disableDigitalCompareBlankingWindowInversion
0     0000a299  _PWM_disableDigitalCompareBlankingWindow         
0     0000a2a0  _PWM_disableDeadBandHalfCycle                    
0     0000a2a4  _PWM_disableDeadBand                             
0     0000a2a7  _PWM_disableCounterLoad                          
0     0000a2aa  _PWM_disableChopping                             
0     0000a2ae  _PWM_disableAutoConvert                          
0     0000a2b5  _PWM_decrementDeadBandRisingEdgeDelay            
0     0000a2b8  _PWM_decrementDeadBandFallingEdgeDelay           
0     0000a2bb  _PWM_clearTripZone                               
0     0000a2c1  _DRV8301_writeSpi                                
0     0000a2d8  _DRV8301_writeData                               
0     0000a301  _DRV8301_readSpi                                 
0     0000a339  _DRV8301_setupSpi                                
0     0000a3c0  _DRV8301_setSpiHandle                            
0     0000a3c2  _DRV8301_setShuntAmpGain                         
0     0000a3d6  _DRV8301_setPwmMode                              
0     0000a3ea  _DRV8301_setPeakCurrent                          
0     0000a3fe  _DRV8301_setOcTwMode                             
0     0000a412  _DRV8301_setOcOffTimeMode                        
0     0000a426  _DRV8301_setOcMode                               
0     0000a43a  _DRV8301_setOcLevel                              
0     0000a44e  _DRV8301_setGpioNumber                           
0     0000a450  _DRV8301_setGpioHandle                           
0     0000a452  _DRV8301_setDcCalMode                            
0     0000a471  _DRV8301_reset                                   
0     0000a480  _DRV8301_readData                                
0     0000a4f6  _DRV8301_isReset                                 
0     0000a4fd  _DRV8301_isFault                                 
0     0000a503  _DRV8301_init                                    
0     0000a50c  _DRV8301_getShuntAmpGain                         
0     0000a513  _DRV8301_getPwmMode                              
0     0000a51a  _DRV8301_getPeakCurrent                          
0     0000a521  _DRV8301_getOcTwMode                             
0     0000a528  _DRV8301_getOcOffTimeMode                        
0     0000a52f  _DRV8301_getOcMode                               
0     0000a536  _DRV8301_getOcLevel                              
0     0000a53d  _DRV8301_getId                                   
0     0000a543  _DRV8301_getFaultType                            
0     0000a55e  _DRV8301_getDcCalMode                            
0     0000a570  _DRV8301_enable                                  
0     0000a592  _ADC_setupSocTrigSrc                             
0     0000a5bc  _ADC_setVoltRefSrc                               
0     0000a5cd  _ADC_setTempSensorSrc                            
0     0000a5de  _ADC_setSocTrigSrc                               
0     0000a5f2  _ADC_setSocSampleDelay                           
0     0000a606  _ADC_setSocFrcWord                               
0     0000a610  _ADC_setSocFrc                                   
0     0000a61d  _ADC_setSocChanNumber                            
0     0000a631  _ADC_setSampleOverlapMode                        
0     0000a644  _ADC_setSampleMode                               
0     0000a65b  _ADC_setOffTrim                                  
0     0000a665  _ADC_setIntSrc                                   
0     0000a686  _ADC_setIntPulseGenMode                          
0     0000a697  _ADC_setIntMode                                  
0     0000a6b8  _ADC_setDivideSelect                             
0     0000a6c9  _ADC_reset                                       
0     0000a6d3  _ADC_powerUp                                     
0     0000a6dd  _ADC_powerDown                                   
0     0000a6e7  _ADC_init                                        
0     0000a6ef  _ADC_getDivideSelect                             
0     0000a6f9  _ADC_enableVoltRefLoConv                         
0     0000a703  _ADC_enableRefBuffers                            
0     0000a70d  _ADC_enableNoOverlapMode                         
0     0000a717  _ADC_enableInt                                   
0     0000a72d  _ADC_enableBandGap                               
0     0000a737  _ADC_enable                                      
0     0000a741  _ADC_disableVoltRefLoConv                        
0     0000a74b  _ADC_disableRefBuffers                           
0     0000a755  _ADC_disableNoOverlapMode                        
0     0000a75f  _ADC_disableInt                                  
0     0000a776  _ADC_disableBandGap                              
0     0000a780  _ADC_disable                                     
0     0000a78a  _CLK_setXClkInSrc                                
0     0000a791  _CLK_setWatchDogSrc                              
0     0000a798  _CLK_setTimer2Src                                
0     0000a79f  _CLK_setTimer2PreScale                           
0     0000a7a6  _CLK_setOscSrc                                   
0     0000a7ad  _CLK_setOsc2Src                                  
0     0000a7b4  _CLK_setLowSpdPreScaler                          
0     0000a7ba  _CLK_setClkOutPreScaler                          
0     0000a7c1  _CLK_init                                        
0     0000a7c7  _CLK_enableWatchDogHaltMode                      
0     0000a7cd  _CLK_enableTbClockSync                           
0     0000a7d4  _CLK_enableSpibClock                             
0     0000a7db  _CLK_enableSpiaClock                             
[...]
0     0000ad15  _PIE_clearAllFlags                               
0     0000ad1c  _mainISR                                         
0     0000addb  _SPI_setTxFifoIntLevel                           
0     0000ade2  _SPI_setTxDelay                                  
0     0000ade5  _SPI_setTriWire                                  
0     0000adec  _SPI_setSuspend                                  
0     0000adf3  _SPI_setSteInv                                   
0     0000adfa  _SPI_setRxFifoIntLevel                           
0     0000ae01  _SPI_setPriority                                 
0     0000ae08  _SPI_setMode                                     
0     0000ae0a  _SPI_setClkPolarity                              
0     0000ae0e  _SPI_setClkPhase                                 
0     0000ae10  _SPI_setCharLength                               
0     0000ae14  _SPI_setBaudRate                                 
0     0000ae16  _SPI_resetTxFifo                                 
0     0000ae1a  _SPI_resetRxFifo                                 
0     0000ae1e  _SPI_resetChannels                               
0     0000ae22  _SPI_reset                                       
0     0000ae25  _SPI_init                                        
0     0000ae2b  _SPI_getTxFifoStatus                             
0     0000ae2f  _SPI_getTxBufferStatus                           
0     0000ae32  _SPI_getRxFifoStatus                             
0     0000ae36  _SPI_getIntFlagStatus                            
0     0000ae39  _SPI_enableTxFifoInt                             
0     0000ae3d  _SPI_enableTxFifoEnh                             
0     0000ae41  _SPI_enableTxFifo                                
0     0000ae45  _SPI_enableTx                                    
0     0000ae48  _SPI_enableRxFifoInt                             
0     0000ae4c  _SPI_enableRxFifo                                
0     0000ae50  _SPI_enableOverRunInt                            
0     0000ae53  _SPI_enableLoopBack                              
0     0000ae56  _SPI_enableInt                                   
0     0000ae59  _SPI_enableChannels                              
0     0000ae5d  _SPI_enable                                      
0     0000ae60  _SPI_disableTxFifoInt                            
0     0000ae64  _SPI_disableTxFifoEnh                            
0     0000ae68  _SPI_disableTx                                   
0     0000ae6b  _SPI_disableRxFifoInt                            
0     0000ae6f  _SPI_disableOverRunInt                           
0     0000ae72  _SPI_disableLoopBack                             
0     0000ae75  _SPI_disableInt                                  
0     0000ae78  _SPI_clearTxFifoInt                              
0     0000ae7c  _SPI_clearRxFifoOvf                              
0     0000ae80  _SPI_clearRxFifoInt                              
0     0000ae84  FD$$MPY                                          
0     0000af07  FS$$DIV                                          
0     0000af8a  FS$$SUB                                          
0     0000af8f  FS$$ADD                                          
0     0000b002  _sqrt                                            
0     0000b002  _sqrtf                                           
0     0000b075  _ceil                                            
0     0000b075  _ceilf                                           
0     0000b0e0  _ldexp                                           
0     0000b0e0  _ldexpf                                          
0     0000b0e0  _scalbn                                          
0     0000b0e0  _scalbnf                                         
0     0000b149  _PLL_setLockPeriod                               
0     0000b14e  _PLL_setDivideSelect                             
0     0000b155  _PLL_setClkFreq                                  
0     0000b15b  _PLL_resetClkDetect                              
0     0000b161  _PLL_init                                        
0     0000b167  _PLL_getLockStatus                               
0     0000b16a  _PLL_getDivideSelect                             
0     0000b16d  _PLL_getClkStatus                                
0     0000b170  _PLL_getClkFreq                                  
0     0000b174  _PLL_enableOsc                                   
0     0000b17a  _PLL_enableNormRdy                               
0     0000b180  _PLL_enableClkDetect                             
0     0000b186  _PLL_enable                                      
0     0000b18c  _PLL_disableOsc                                  
0     0000b192  _PLL_disableNormRdy                              
0     0000b198  _PLL_disableClkDetect                            
0     0000b19e  _PLL_disable                                     
0     0000b1a4  FS$$MPY                                          
0     0000b1fe  _c_int00                                         
0     0000b252  _OFFSET_setOffset                                
0     0000b254  _OFFSET_setInitCond                              
0     0000b263  _OFFSET_setBeta                                  
0     0000b279  _OFFSET_init                                     
0     0000b28a  _OFFSET_getBeta                                  
0     0000b299  _copy_in                                         
0     0000b2df  _WDOG_setPreScaler                               
0     0000b2e9  _WDOG_setCount                                   
0     0000b2eb  _WDOG_init                                       
0     0000b2f1  _WDOG_getIntStatus                               
0     0000b2f4  _WDOG_enableOverRide                             
0     0000b2fa  _WDOG_enableInt                                  
0     0000b300  _WDOG_enable                                     
0     0000b309  _WDOG_disableOverRide                            
0     0000b30f  _WDOG_disableInt                                 
0     0000b315  _WDOG_disable                                    
0     0000b31d  _WDOG_clearCounter                               
0     0000b325  _PWR_setNumStandByClocks                         
0     0000b336  _PWR_setLowPowerMode                             
0     0000b347  _PWR_init                                        
0     0000b34f  _PWR_enableWatchDogInt                           
0     0000b359  _PWR_enableBrownOutReset                         
0     0000b35c  _PWR_disableWatchDogInt                          
0     0000b366  _PWR_disableBrownOutReset                        
0     0000b369  _TIMER_setPreScaler                              
0     0000b377  _TIMER_setEmulationMode                          
0     0000b37b  _TIMER_setDecimationFactor                       
0     0000b389  _TIMER_init                                      
0     0000b38f  _TIMER_getStatus                                 
0     0000b392  _TIMER_enableInt                                 
0     0000b395  _TIMER_disableInt                                
0     0000b398  _TIMER_clearFlag                                 
0     0000b39b  _OSC_setTrim                                     
0     0000b3a4  _OSC_setFineTrim                                 
0     0000b3b5  _OSC_setCoarseTrim                               
0     0000b3c2  _OSC_init                                        
0     0000b3c8  C$$EXIT                                          
0     0000b3c8  _abort                                           
0     0000b3ca  _exit                                            
0     0000b3f1  _CPU_init                                        
0     0000b3f5  _CPU_enableProtectedRegisterWrite                
0     0000b3f8  _CPU_enableInt                                   
0     0000b3fc  _CPU_enableGlobalInts                            
0     0000b3ff  _CPU_enableDebugInt                              
0     0000b402  _CPU_disableProtectedRegisterWrite               
0     0000b405  _CPU_disableInts                                 
0     0000b408  _CPU_disableInt                                  
0     0000b40d  _CPU_disableGlobalInts                           
0     0000b410  _CPU_disableDebugInt                             
0     0000b413  _CPU_clearIntFlags                               
0     0000b416  FS$$TOI                                          
0     0000b43b  _FILTER_FO_setNumCoeffs                          
0     0000b43f  _FILTER_FO_setInitialConditions                  
0     0000b444  _FILTER_FO_setDenCoeffs                          
0     0000b446  _FILTER_FO_init                                  
0     0000b44c  _FILTER_FO_getNumCoeffs                          
0     0000b452  _FILTER_FO_getInitialConditions                  
0     0000b459  _FILTER_FO_getDenCoeffs                          
0     0000b45c  FS$$TOUL                                         
0     0000b47d  _FLASH_init                                      
0     0000b483  _FLASH_getStandbyWaitStatus                      
0     0000b487  _FLASH_getStandbyWaitCount                       
0     0000b48a  _FLASH_getPowerMode                              
0     0000b48d  _FLASH_getActiveWaitStatus                       
0     0000b491  _FLASH_getActiveWaitCount                        
0     0000b494  _FLASH_get3VStatus                               
0     0000b497  _FLASH_clear3VStatus                             
0     0000b49d  FD$$TOL                                          
0     0000b4bc  FS$$TOU                                          
0     0000b4d9  FS$$TOFD                                         
0     0000b4f5  _ddcopy                                          
0     0000b4f5  _dpcopy                                          
0     0000b4f5  _pdcopy                                          
0     0000b4f5  _ppcopy                                          
0     0000b50f  I$$TOFS                                          
0     0000b529  L$$TOFS                                          
0     0000b543  __args_main                                      
0     0000b55c  FS$$CMP                                          
0     0000b573  UL$$TOFS                                         
0     0000b586  U$$TOFS                                          
0     0000b596  __register_unlock                                
0     0000b59a  __register_lock                                  
0     0000b59e  __nop                                            
0     0000b59f  _copysign                                        
0     0000b59f  _copysignf                                       
0     0000b5b0  _PIE_illegalIsr                                  
0     0000b5b5  FS$$NEG                                          
0     0000b5ba  __system_pre_init                                
0     0000b5bc  __system_post_cinit                              
0     0000b5bd  ___etext__                                       
0     0000b5bd  etext                                            
0     0000b5be  __lock                                           
0     0000b5c0  _Flag_Latch_softwareUpdate                       
0     0000b5c1  _gLEDcnt                                         
0     0000b5c2  _gCounter_updateGlobals                          
0     0000b5c4  _halHandle                                       
0     0000b5c6  _ctrlHandle                                      
0     0000b5c8  _controller_obj                                  
0     0000b5ca  _gMaxCurrentSlope                                
0     0000b5cc  _gPwmData                                        
0     0000b5d2  _gAdcData                                        
0     0000b5e0  _gDrvSpi8301Vars                                 
0     0000b600  _gMotorVars                                      
0     0000b680  _gUserParams                                     
0     0000b72c  ___TI_enable_exit_profile_output                 
0     0000b72e  ___TI_cleanup_ptr                                
0     0000b730  ___TI_dtors_ptr                                  
0     0000b732  __unlock                                         
0     0000b736  _cpu                                             
0     0000b737  _errno                                           
0     0000b740  _hal                                             
0     0000b7e8  __IQ24sqrt                                       
0     0000b82a  __IQ24sinPU                                      
0     0000b853  __IQ24cosPU                                      
0     0000b87a  __IQ30toF                                        
0     003fdc30  _IQsinTable                                      
0     003fdd30  _IQcosTable                                      
0     003fe030  _IQsinTableEnd                                   
0     003fe132  _IQcosTableEnd                                   
0     003fe132  _IQdivRoundSatTable                              
0     003fe140  _IQdivTable                                      
0     003fe342  _IQdivTableEnd                                   
0     003fe342  _IQisqrtRoundSatTable                            
0     003fe342  _IQsqrtRoundSatTable                             
0     003fe352  _IQisqrtTable                                    
0     003fe352  _IQsqrtTable                                     
0     003fe454  _IQatan2HalfPITable                              
0     003fe454  _IQisqrtTableEnd                                 
0     003fe454  _IQsqrtTableEnd                                  
0     003fe492  _IQatan2Table                                    
0     003fe618  _IQ30mpyRndSatTable                              
0     003fe618  _IQatan2TableEnd                                 
0     003fe618  _IQmpyRndSatTable                                
0     003fe624  _IQ29mpyRndSatTable                              
0     003fe630  _IQ28mpyRndSatTable                              
0     003fe63c  _IQ27mpyRndSatTable                              
0     003fe648  _IQ26mpyRndSatTable                              
0     003fe654  _IQ25mpyRndSatTable                              
0     003fe660  _IQ24mpyRndSatTable                              
0     003fe66c  _IQ23mpyRndSatTable                              
0     003fe678  _IQ22mpyRndSatTable                              
0     003fe684  _IQ21mpyRndSatTable                              
0     003fe690  _IQ20mpyRndSatTable                              
0     003fe69c  _IQ19mpyRndSatTable                              
0     003fe6a8  _IQ18mpyRndSatTable                              
0     003fe6b4  _IQ17mpyRndSatTable                              
0     003fe6c0  _IQ16mpyRndSatTable                              
0     003fe6cc  _IQ15mpyRndSatTable                              
0     003fe6d8  _IQ14mpyRndSatTable                              
0     003fe6e4  _IQ13mpyRndSatTable                              
0     003fe6f0  _IQ12mpyRndSatTable                              
0     003fe6fc  _IQ11mpyRndSatTable                              
0     003fe708  _IQ10mpyRndSatTable                              
0     003fe714  _IQ9mpyRndSatTable                               
0     003fe720  _IQ8mpyRndSatTable                               
0     003fe72c  _IQ7mpyRndSatTable                               
0     003fe738  _IQ6mpyRndSatTable                               
0     003fe744  _IQ5mpyRndSatTable                               
0     003fe750  _IQ4mpyRndSatTable                               
0     003fe75c  _IQ3mpyRndSatTable                               
0     003fe768  _IQ2mpyRndSatTable                               
0     003fe774  _IQ1mpyRndSatTable                               
0     003fe780  _IQmpyRndSatTableEnd                             
1     00000400  __stack                                          
1     000007b0  __STACK_END                                      
abs   00000036  _RamfuncsLoadSize                                
abs   000003b0  __STACK_SIZE                                     
abs   003f861b  _EST_getState                                    
abs   003f861d  _EST_useZeroIq_ref                               
abs   003f8679  _EST_isMotorIdentified                           
abs   003f86ad  _EST_computeDirection_qFmt                       
abs   003f8713  _EST_updateState                                 
abs   003f89f5  _EST_updateId_ref_pu                             
abs   003f8a18  _EST_setRs_pu                                    
abs   003f8adb  _EST_setMaxCurrentSlope_pu                       
abs   003f8ae7  _EST_setLs_q_pu                                  
abs   003f8af1  _EST_setLs_qFmt                                  
abs   003f8b45  _EST_setLs_d_pu                                  
abs   003f8b63  _EST_setIq_ref_pu                                
abs   003f8b67  _EST_setIdle_all                                 
abs   003f8b7a  _EST_setIdle                                     
abs   003f8b80  _EST_setId_ref_pu                                
abs   003f8bdb  _EST_setFlag_enableForceAngle                    
abs   003f8be4  _EST_setFe_pos_min_pu                            
abs   003f8be8  _EST_setFe_neg_max_pu                            
abs   003f8bf5  _EST_setDir_qFmt                                 
abs   003f8c0d  _EST_getAngle_pu                                 
abs   003f927b  _EST_run                                         
abs   003f9378  _EST_isOnLine                                    
abs   003f937f  _EST_isLockRotor                                 
abs   003f9386  _EST_isIdle                                      
abs   003f938d  _EST_isError                                     
abs   003f9453  _EST_get_pu_to_krpm_sf                           
abs   003f9458  _EST_get_krpm_to_pu_sf                           
abs   003f94c6  _EST_getSpeed_krpm                               
abs   003f9513  _EST_getRs_Ohm                                   
abs   003f95ad  _EST_getRr_Ohm                                   
abs   003f95b3  _EST_getOneOverDcBus_pu                          
abs   003f95bd  _EST_getMaxCurrentSlope_pu                       
abs   003f95c9  _EST_getLs_q_pu                                  
abs   003f95ce  _EST_getLs_q_H                                   
abs   003f95f0  _EST_getLs_d_pu                                  
abs   003f95f5  _EST_getLs_d_H                                   
abs   003f95ff  _EST_getLs_coarse_max_pu                         
abs   003f9632  _EST_getIdRated                                  
abs   003f968e  _EST_getFm_pu                                    
abs   003f96ab  _EST_getFlux_pu                                  
abs   003f96be  _EST_getFlux_VpHz                                
abs   003f9758  _EST_doSpeedCtrl                                 
abs   003f9760  _EST_doCurrentCtrl                               
abs   003f9806  _CTRL_setupTraj                                  
abs   003f996a  _CTRL_setupEstOnLineState                        
abs   003f99a5  _CTRL_setupEstIdleState                          
abs   003f9b43  _CTRL_setupCtrl                                  
abs   003f9d31  _CTRL_setUserMotorParams                         
abs   003f9e64  _CTRL_setEstParams                               
abs   003fa5d1  _CTRL_runTraj                                    
abs   003fa6fb  _CTRL_initCtrl                                   
abs   003fa721  _CTRL_getVersion                                 
abs   ffffffff  ___TI_pprof_out_hndl                             
abs   ffffffff  ___TI_prof_data_size                             
abs   ffffffff  ___TI_prof_data_start                            
abs   ffffffff  ___binit__                                       
abs   ffffffff  ___c_args__                                      
abs   ffffffff  ___pinit__                                       
abs   ffffffff  binit                                            
abs   ffffffff  pinit                                            

[670 symbols]
