<?xml version="1.0"?>
<link_info>
   <banner>TMS320C2000 Linker Unix v15.12.3.LTS</banner>
   <copyright>Copyright (c) 1996-2015 Texas Instruments Incorporated</copyright>
   <link_time>0x581cd379</link_time>
   <link_errors>0x0</link_errors>
   <output_file>proj_lab01.out</output_file>
   <entry_point>
      <name>_c_int00</name>
      <address>0xa5b9</address>
   </entry_point>
   <input_file_list>
      <input_file id="fl-5">
         <path>./</path>
         <kind>object</kind>
         <file>CodeStartBranch.obj</file>
         <name>CodeStartBranch.obj</name>
      </input_file>
      <input_file id="fl-6">
         <path>./</path>
         <kind>object</kind>
         <file>adc.obj</file>
         <name>adc.obj</name>
      </input_file>
      <input_file id="fl-7">
         <path>./</path>
         <kind>object</kind>
         <file>clk.obj</file>
         <name>clk.obj</name>
      </input_file>
      <input_file id="fl-8">
         <path>./</path>
         <kind>object</kind>
         <file>cpu.obj</file>
         <name>cpu.obj</name>
      </input_file>
      <input_file id="fl-9">
         <path>./</path>
         <kind>object</kind>
         <file>drv8301.obj</file>
         <name>drv8301.obj</name>
      </input_file>
      <input_file id="fl-a">
         <path>./</path>
         <kind>object</kind>
         <file>flash.obj</file>
         <name>flash.obj</name>
      </input_file>
      <input_file id="fl-b">
         <path>./</path>
         <kind>object</kind>
         <file>gpio.obj</file>
         <name>gpio.obj</name>
      </input_file>
      <input_file id="fl-c">
         <path>./</path>
         <kind>object</kind>
         <file>hal.obj</file>
         <name>hal.obj</name>
      </input_file>
      <input_file id="fl-d">
         <path>./</path>
         <kind>object</kind>
         <file>osc.obj</file>
         <name>osc.obj</name>
      </input_file>
      <input_file id="fl-e">
         <path>./</path>
         <kind>object</kind>
         <file>pie.obj</file>
         <name>pie.obj</name>
      </input_file>
      <input_file id="fl-f">
         <path>./</path>
         <kind>object</kind>
         <file>pll.obj</file>
         <name>pll.obj</name>
      </input_file>
      <input_file id="fl-10">
         <path>./</path>
         <kind>object</kind>
         <file>proj_lab01.obj</file>
         <name>proj_lab01.obj</name>
      </input_file>
      <input_file id="fl-11">
         <path>./</path>
         <kind>object</kind>
         <file>pwm.obj</file>
         <name>pwm.obj</name>
      </input_file>
      <input_file id="fl-12">
         <path>./</path>
         <kind>object</kind>
         <file>pwr.obj</file>
         <name>pwr.obj</name>
      </input_file>
      <input_file id="fl-13">
         <path>./</path>
         <kind>object</kind>
         <file>spi.obj</file>
         <name>spi.obj</name>
      </input_file>
      <input_file id="fl-14">
         <path>./</path>
         <kind>object</kind>
         <file>timer.obj</file>
         <name>timer.obj</name>
      </input_file>
      <input_file id="fl-15">
         <path>./</path>
         <kind>object</kind>
         <file>usDelay.obj</file>
         <name>usDelay.obj</name>
      </input_file>
      <input_file id="fl-16">
         <path>./</path>
         <kind>object</kind>
         <file>user.obj</file>
         <name>user.obj</name>
      </input_file>
      <input_file id="fl-17">
         <path>./</path>
         <kind>object</kind>
         <file>wdog.obj</file>
         <name>wdog.obj</name>
      </input_file>
      <input_file id="fl-1b">
         <path>/home/scottm/ti/ccsv6/tools/compiler/c2000_15.12.3.LTS/lib/</path>
         <kind>archive</kind>
         <file>rts2800_ml.lib</file>
         <name>fd_mpy.obj</name>
      </input_file>
      <input_file id="fl-1c">
         <path>/home/scottm/ti/ccsv6/tools/compiler/c2000_15.12.3.LTS/lib/</path>
         <kind>archive</kind>
         <file>rts2800_ml.lib</file>
         <name>fd_tol.obj</name>
      </input_file>
      <input_file id="fl-1d">
         <path>/home/scottm/ti/ccsv6/tools/compiler/c2000_15.12.3.LTS/lib/</path>
         <kind>archive</kind>
         <file>rts2800_ml.lib</file>
         <name>fs_div.obj</name>
      </input_file>
      <input_file id="fl-1e">
         <path>/home/scottm/ti/ccsv6/tools/compiler/c2000_15.12.3.LTS/lib/</path>
         <kind>archive</kind>
         <file>rts2800_ml.lib</file>
         <name>fs_mpy.obj</name>
      </input_file>
      <input_file id="fl-1f">
         <path>/home/scottm/ti/ccsv6/tools/compiler/c2000_15.12.3.LTS/lib/</path>
         <kind>archive</kind>
         <file>rts2800_ml.lib</file>
         <name>fs_neg.obj</name>
      </input_file>
      <input_file id="fl-20">
         <path>/home/scottm/ti/ccsv6/tools/compiler/c2000_15.12.3.LTS/lib/</path>
         <kind>archive</kind>
         <file>rts2800_ml.lib</file>
         <name>fs_tofd.obj</name>
      </input_file>
      <input_file id="fl-21">
         <path>/home/scottm/ti/ccsv6/tools/compiler/c2000_15.12.3.LTS/lib/</path>
         <kind>archive</kind>
         <file>rts2800_ml.lib</file>
         <name>fs_toi.obj</name>
      </input_file>
      <input_file id="fl-22">
         <path>/home/scottm/ti/ccsv6/tools/compiler/c2000_15.12.3.LTS/lib/</path>
         <kind>archive</kind>
         <file>rts2800_ml.lib</file>
         <name>fs_tou.obj</name>
      </input_file>
      <input_file id="fl-23">
         <path>/home/scottm/ti/ccsv6/tools/compiler/c2000_15.12.3.LTS/lib/</path>
         <kind>archive</kind>
         <file>rts2800_ml.lib</file>
         <name>fs_toul.obj</name>
      </input_file>
      <input_file id="fl-24">
         <path>/home/scottm/ti/ccsv6/tools/compiler/c2000_15.12.3.LTS/lib/</path>
         <kind>archive</kind>
         <file>rts2800_ml.lib</file>
         <name>i_tofs.obj</name>
      </input_file>
      <input_file id="fl-25">
         <path>/home/scottm/ti/ccsv6/tools/compiler/c2000_15.12.3.LTS/lib/</path>
         <kind>archive</kind>
         <file>rts2800_ml.lib</file>
         <name>u_tofs.obj</name>
      </input_file>
      <input_file id="fl-26">
         <path>/home/scottm/ti/ccsv6/tools/compiler/c2000_15.12.3.LTS/lib/</path>
         <kind>archive</kind>
         <file>rts2800_ml.lib</file>
         <name>ul_tofs.obj</name>
      </input_file>
      <input_file id="fl-27">
         <path>/home/scottm/Projects/instaspin/MotorWare_1_01_00_17/sw/modules/fast/lib/32b/f28x/f2806x/</path>
         <kind>archive</kind>
         <file>2806xRevB_FastSpinROMSymbols.lib</file>
         <name>TMS320x2806x_REVB_boot_rom_out__CTRL_setGains_tmp.obj</name>
      </input_file>
      <input_file id="fl-28">
         <path>/home/scottm/Projects/instaspin/MotorWare_1_01_00_17/sw/modules/fast/lib/32b/f28x/f2806x/</path>
         <kind>archive</kind>
         <file>2806xRevB_FastSpinROMSymbols.lib</file>
         <name>TMS320x2806x_REVB_boot_rom_out__EST_getFlux_pu_tmp.obj</name>
      </input_file>
      <input_file id="fl-29">
         <path>/home/scottm/Projects/instaspin/MotorWare_1_01_00_17/sw/modules/fast/lib/32b/f28x/f2806x/</path>
         <kind>archive</kind>
         <file>2806xRevB_FastSpinROMSymbols.lib</file>
         <name>TMS320x2806x_REVB_boot_rom_out__EST_getLs_coarse_max_pu_tmp.obj</name>
      </input_file>
      <input_file id="fl-2a">
         <path>/home/scottm/Projects/instaspin/MotorWare_1_01_00_17/sw/modules/fast/lib/32b/f28x/f2806x/</path>
         <kind>archive</kind>
         <file>2806xRevB_FastSpinROMSymbols.lib</file>
         <name>TMS320x2806x_REVB_boot_rom_out__EST_getLs_d_H_tmp.obj</name>
      </input_file>
      <input_file id="fl-2b">
         <path>/home/scottm/Projects/instaspin/MotorWare_1_01_00_17/sw/modules/fast/lib/32b/f28x/f2806x/</path>
         <kind>archive</kind>
         <file>2806xRevB_FastSpinROMSymbols.lib</file>
         <name>TMS320x2806x_REVB_boot_rom_out__EST_getLs_d_pu_tmp.obj</name>
      </input_file>
      <input_file id="fl-2c">
         <path>/home/scottm/Projects/instaspin/MotorWare_1_01_00_17/sw/modules/fast/lib/32b/f28x/f2806x/</path>
         <kind>archive</kind>
         <file>2806xRevB_FastSpinROMSymbols.lib</file>
         <name>TMS320x2806x_REVB_boot_rom_out__EST_getLs_q_H_tmp.obj</name>
      </input_file>
      <input_file id="fl-2d">
         <path>/home/scottm/Projects/instaspin/MotorWare_1_01_00_17/sw/modules/fast/lib/32b/f28x/f2806x/</path>
         <kind>archive</kind>
         <file>2806xRevB_FastSpinROMSymbols.lib</file>
         <name>TMS320x2806x_REVB_boot_rom_out__EST_getLs_q_pu_tmp.obj</name>
      </input_file>
      <input_file id="fl-2e">
         <path>/home/scottm/Projects/instaspin/MotorWare_1_01_00_17/sw/modules/fast/lib/32b/f28x/f2806x/</path>
         <kind>archive</kind>
         <file>2806xRevB_FastSpinROMSymbols.lib</file>
         <name>TMS320x2806x_REVB_boot_rom_out__EST_getRs_Ohm_tmp.obj</name>
      </input_file>
      <input_file id="fl-2f">
         <path>/home/scottm/Projects/instaspin/MotorWare_1_01_00_17/sw/modules/fast/lib/32b/f28x/f2806x/</path>
         <kind>archive</kind>
         <file>2806xRevB_FastSpinROMSymbols.lib</file>
         <name>TMS320x2806x_REVB_boot_rom_out__EST_setLs_d_pu_tmp.obj</name>
      </input_file>
      <input_file id="fl-30">
         <path>/home/scottm/Projects/instaspin/MotorWare_1_01_00_17/sw/modules/fast/lib/32b/f28x/f2806x/</path>
         <kind>archive</kind>
         <file>2806xRevB_FastSpinROMSymbols.lib</file>
         <name>TMS320x2806x_REVB_boot_rom_out__EST_setLs_qFmt_tmp.obj</name>
      </input_file>
      <input_file id="fl-31">
         <path>/home/scottm/Projects/instaspin/MotorWare_1_01_00_17/sw/modules/fast/lib/32b/f28x/f2806x/</path>
         <kind>archive</kind>
         <file>2806xRevB_FastSpinROMSymbols.lib</file>
         <name>TMS320x2806x_REVB_boot_rom_out__EST_setLs_q_pu_tmp.obj</name>
      </input_file>
      <input_file id="fl-32">
         <path>/home/scottm/Projects/instaspin/MotorWare_1_01_00_17/sw/modules/fast/lib/32b/f28x/f2806x/</path>
         <kind>archive</kind>
         <file>2806xRevB_FastSpinROMSymbols.lib</file>
         <name>TMS320x2806x_REVB_boot_rom_out__OFFSET_init_tmp.obj</name>
      </input_file>
      <input_file id="fl-33">
         <path>/home/scottm/Projects/instaspin/MotorWare_1_01_00_17/sw/modules/fast/lib/32b/f28x/f2806x/</path>
         <kind>archive</kind>
         <file>2806xRevB_FastSpinROMSymbols.lib</file>
         <name>TMS320x2806x_REVB_boot_rom_out__OFFSET_setBeta_tmp.obj</name>
      </input_file>
      <input_file id="fl-34">
         <path>/home/scottm/Projects/instaspin/MotorWare_1_01_00_17/sw/modules/fast/lib/32b/f28x/f2806x/</path>
         <kind>archive</kind>
         <file>2806xRevB_FastSpinROMSymbols.lib</file>
         <name>TMS320x2806x_REVB_boot_rom_out__OFFSET_setInitCond_tmp.obj</name>
      </input_file>
      <input_file id="fl-35">
         <path>/home/scottm/Projects/instaspin/MotorWare_1_01_00_17/sw/modules/fast/lib/32b/f28x/f2806x/</path>
         <kind>archive</kind>
         <file>2806xRevB_FastSpinROMSymbols.lib</file>
         <name>TMS320x2806x_REVB_boot_rom_out__OFFSET_setOffset_tmp.obj</name>
      </input_file>
      <input_file id="fl-36">
         <path>/home/scottm/Projects/instaspin/MotorWare_1_01_00_17/sw/modules/iqmath/lib/f28x/32b/</path>
         <kind>archive</kind>
         <file>IQmath.lib</file>
         <name>IQ30toF.obj</name>
      </input_file>
      <input_file id="fl-37">
         <path>/home/scottm/ti/ccsv6/tools/compiler/c2000_15.12.3.LTS/lib/</path>
         <kind>archive</kind>
         <file>rts2800_ml.lib</file>
         <name>boot.obj</name>
      </input_file>
      <input_file id="fl-38">
         <path>/home/scottm/ti/ccsv6/tools/compiler/c2000_15.12.3.LTS/lib/</path>
         <kind>archive</kind>
         <file>rts2800_ml.lib</file>
         <name>args_main.obj</name>
      </input_file>
      <input_file id="fl-39">
         <path>/home/scottm/ti/ccsv6/tools/compiler/c2000_15.12.3.LTS/lib/</path>
         <kind>archive</kind>
         <file>rts2800_ml.lib</file>
         <name>startup.obj</name>
      </input_file>
      <input_file id="fl-3a">
         <path>/home/scottm/ti/ccsv6/tools/compiler/c2000_15.12.3.LTS/lib/</path>
         <kind>archive</kind>
         <file>rts2800_ml.lib</file>
         <name>pre_init.obj</name>
      </input_file>
      <input_file id="fl-3b">
         <path>/home/scottm/ti/ccsv6/tools/compiler/c2000_15.12.3.LTS/lib/</path>
         <kind>archive</kind>
         <file>rts2800_ml.lib</file>
         <name>s_ceilf.obj</name>
      </input_file>
      <input_file id="fl-3c">
         <path>/home/scottm/ti/ccsv6/tools/compiler/c2000_15.12.3.LTS/lib/</path>
         <kind>archive</kind>
         <file>rts2800_ml.lib</file>
         <name>fs_add.obj</name>
      </input_file>
      <input_file id="fl-3d">
         <path>/home/scottm/ti/ccsv6/tools/compiler/c2000_15.12.3.LTS/lib/</path>
         <kind>archive</kind>
         <file>rts2800_ml.lib</file>
         <name>fs_cmp.obj</name>
      </input_file>
      <input_file id="fl-3e">
         <path>/home/scottm/ti/ccsv6/tools/compiler/c2000_15.12.3.LTS/lib/</path>
         <kind>archive</kind>
         <file>rts2800_ml.lib</file>
         <name>cpy_tbl.obj</name>
      </input_file>
      <input_file id="fl-3f">
         <path>/home/scottm/ti/ccsv6/tools/compiler/c2000_15.12.3.LTS/lib/</path>
         <kind>archive</kind>
         <file>rts2800_ml.lib</file>
         <name>cpy_utils.obj</name>
      </input_file>
      <input_file id="fl-40">
         <path>/home/scottm/ti/ccsv6/tools/compiler/c2000_15.12.3.LTS/lib/</path>
         <kind>archive</kind>
         <file>rts2800_ml.lib</file>
         <name>exit.obj</name>
      </input_file>
      <input_file id="fl-41">
         <path>/home/scottm/ti/ccsv6/tools/compiler/c2000_15.12.3.LTS/lib/</path>
         <kind>archive</kind>
         <file>rts2800_ml.lib</file>
         <name>_lock.obj</name>
      </input_file>
      <input_file id="fl-42">
         <path>/home/scottm/ti/ccsv6/tools/compiler/c2000_15.12.3.LTS/lib/</path>
         <kind>archive</kind>
         <file>rts2800_ml.lib</file>
         <name>e_logf.obj</name>
      </input_file>
      <input_file id="fl-43">
         <path>/home/scottm/ti/ccsv6/tools/compiler/c2000_15.12.3.LTS/lib/</path>
         <kind>archive</kind>
         <file>rts2800_ml.lib</file>
         <name>l_tofs.obj</name>
      </input_file>
      <input_file id="fl-44">
         <path>/home/scottm/ti/ccsv6/tools/compiler/c2000_15.12.3.LTS/lib/</path>
         <kind>archive</kind>
         <file>rts2800_ml.lib</file>
         <name>errno.obj</name>
      </input_file>
      <input_file id="fl-45">
         <path>/home/scottm/ti/ccsv6/tools/compiler/c2000_15.12.3.LTS/lib/</path>
         <kind>archive</kind>
         <file>rts2800_ml.lib</file>
         <name>e_powf.obj</name>
      </input_file>
      <input_file id="fl-46">
         <path>/home/scottm/ti/ccsv6/tools/compiler/c2000_15.12.3.LTS/lib/</path>
         <kind>archive</kind>
         <file>rts2800_ml.lib</file>
         <name>s_scalbnf.obj</name>
      </input_file>
      <input_file id="fl-47">
         <path>/home/scottm/ti/ccsv6/tools/compiler/c2000_15.12.3.LTS/lib/</path>
         <kind>archive</kind>
         <file>rts2800_ml.lib</file>
         <name>s_copysignf.obj</name>
      </input_file>
      <input_file id="fl-48">
         <path>/home/scottm/ti/ccsv6/tools/compiler/c2000_15.12.3.LTS/lib/</path>
         <kind>archive</kind>
         <file>rts2800_ml.lib</file>
         <name>e_sqrtf.obj</name>
      </input_file>
   </input_file_list>
   <object_component_list>
      <object_component id="oc-25">
         <name>codestart</name>
         <load_address>0x0</load_address>
         <run_address>0x0</run_address>
         <size>0x2</size>
         <input_file_ref idref="fl-5"/>
      </object_component>
      <object_component id="oc-140">
         <name>ramfuncs</name>
         <load_address>0x10c</load_address>
         <run_address>0x10c</run_address>
         <size>0x32</size>
         <input_file_ref idref="fl-a"/>
      </object_component>
      <object_component id="oc-7e">
         <name>ramfuncs</name>
         <load_address>0x13e</load_address>
         <run_address>0x13e</run_address>
         <size>0x4</size>
         <input_file_ref idref="fl-15"/>
      </object_component>
      <object_component id="oc-135">
         <name>.text</name>
         <load_address>0x8000</load_address>
         <run_address>0x8000</run_address>
         <size>0xacf</size>
         <input_file_ref idref="fl-c"/>
      </object_component>
      <object_component id="oc-149">
         <name>.text</name>
         <load_address>0x8acf</load_address>
         <run_address>0x8acf</run_address>
         <size>0x432</size>
         <input_file_ref idref="fl-45"/>
      </object_component>
      <object_component id="oc-136">
         <name>.text</name>
         <load_address>0x8f01</load_address>
         <run_address>0x8f01</run_address>
         <size>0x42d</size>
         <input_file_ref idref="fl-16"/>
      </object_component>
      <object_component id="oc-13c">
         <name>.text</name>
         <load_address>0x932e</load_address>
         <run_address>0x932e</run_address>
         <size>0x2f6</size>
         <input_file_ref idref="fl-11"/>
      </object_component>
      <object_component id="oc-139">
         <name>.text</name>
         <load_address>0x9624</load_address>
         <run_address>0x9624</run_address>
         <size>0x2d1</size>
         <input_file_ref idref="fl-9"/>
      </object_component>
      <object_component id="oc-141">
         <name>.text</name>
         <load_address>0x98f5</load_address>
         <run_address>0x98f5</run_address>
         <size>0x1f8</size>
         <input_file_ref idref="fl-6"/>
      </object_component>
      <object_component id="oc-13d">
         <name>.text</name>
         <load_address>0x9aed</load_address>
         <run_address>0x9aed</run_address>
         <size>0x18a</size>
         <input_file_ref idref="fl-7"/>
      </object_component>
      <object_component id="oc-147">
         <name>.text</name>
         <load_address>0x9c77</load_address>
         <run_address>0x9c77</run_address>
         <size>0x188</size>
         <input_file_ref idref="fl-42"/>
      </object_component>
      <object_component id="oc-131">
         <name>.text</name>
         <load_address>0x9dff</load_address>
         <run_address>0x9dff</run_address>
         <size>0x181</size>
         <input_file_ref idref="fl-b"/>
      </object_component>
      <object_component id="oc-13f">
         <name>.text</name>
         <load_address>0x9f80</load_address>
         <run_address>0x9f80</run_address>
         <size>0xff</size>
         <input_file_ref idref="fl-e"/>
      </object_component>
      <object_component id="oc-65">
         <name>.text:retain</name>
         <load_address>0xa07f</load_address>
         <run_address>0xa07f</run_address>
         <size>0xb2</size>
         <input_file_ref idref="fl-10"/>
      </object_component>
      <object_component id="oc-13b">
         <name>.text</name>
         <load_address>0xa131</load_address>
         <run_address>0xa131</run_address>
         <size>0xa9</size>
         <input_file_ref idref="fl-13"/>
      </object_component>
      <object_component id="oc-8e">
         <name>.text</name>
         <load_address>0xa1da</load_address>
         <run_address>0xa1da</run_address>
         <size>0x83</size>
         <input_file_ref idref="fl-1b"/>
      </object_component>
      <object_component id="oc-98">
         <name>.text</name>
         <load_address>0xa25d</load_address>
         <run_address>0xa25d</run_address>
         <size>0x83</size>
         <input_file_ref idref="fl-1d"/>
      </object_component>
      <object_component id="oc-e6">
         <name>.text</name>
         <load_address>0xa2e0</load_address>
         <run_address>0xa2e0</run_address>
         <size>0x78</size>
         <input_file_ref idref="fl-3c"/>
      </object_component>
      <object_component id="oc-14b">
         <name>.text</name>
         <load_address>0xa358</load_address>
         <run_address>0xa358</run_address>
         <size>0x73</size>
         <input_file_ref idref="fl-48"/>
      </object_component>
      <object_component id="oc-148">
         <name>.text</name>
         <load_address>0xa3cb</load_address>
         <run_address>0xa3cb</run_address>
         <size>0x6b</size>
         <input_file_ref idref="fl-3b"/>
      </object_component>
      <object_component id="oc-14f">
         <name>.text</name>
         <load_address>0xa436</load_address>
         <run_address>0xa436</run_address>
         <size>0x69</size>
         <input_file_ref idref="fl-46"/>
      </object_component>
      <object_component id="oc-132">
         <name>.text</name>
         <load_address>0xa49f</load_address>
         <run_address>0xa49f</run_address>
         <size>0x65</size>
         <input_file_ref idref="fl-10"/>
      </object_component>
      <object_component id="oc-13e">
         <name>.text</name>
         <load_address>0xa504</load_address>
         <run_address>0xa504</run_address>
         <size>0x5b</size>
         <input_file_ref idref="fl-f"/>
      </object_component>
      <object_component id="oc-9d">
         <name>.text</name>
         <load_address>0xa55f</load_address>
         <run_address>0xa55f</run_address>
         <size>0x5a</size>
         <input_file_ref idref="fl-1e"/>
      </object_component>
      <object_component id="oc-14">
         <name>.text</name>
         <load_address>0xa5b9</load_address>
         <run_address>0xa5b9</run_address>
         <size>0x54</size>
         <input_file_ref idref="fl-37"/>
      </object_component>
      <object_component id="oc-12d">
         <name>.text</name>
         <load_address>0xa60d</load_address>
         <run_address>0xa60d</run_address>
         <size>0x46</size>
         <input_file_ref idref="fl-3e"/>
      </object_component>
      <object_component id="oc-144">
         <name>.text</name>
         <load_address>0xa653</load_address>
         <run_address>0xa653</run_address>
         <size>0x46</size>
         <input_file_ref idref="fl-17"/>
      </object_component>
      <object_component id="oc-146">
         <name>.text</name>
         <load_address>0xa699</load_address>
         <run_address>0xa699</run_address>
         <size>0x44</size>
         <input_file_ref idref="fl-12"/>
      </object_component>
      <object_component id="oc-13a">
         <name>.text</name>
         <load_address>0xa6dd</load_address>
         <run_address>0xa6dd</run_address>
         <size>0x32</size>
         <input_file_ref idref="fl-14"/>
      </object_component>
      <object_component id="oc-142">
         <name>.text</name>
         <load_address>0xa70f</load_address>
         <run_address>0xa70f</run_address>
         <size>0x2d</size>
         <input_file_ref idref="fl-d"/>
      </object_component>
      <object_component id="oc-130">
         <name>.text</name>
         <load_address>0xa73c</load_address>
         <run_address>0xa73c</run_address>
         <size>0x29</size>
         <input_file_ref idref="fl-40"/>
      </object_component>
      <object_component id="oc-143">
         <name>.text</name>
         <load_address>0xa765</load_address>
         <run_address>0xa765</run_address>
         <size>0x25</size>
         <input_file_ref idref="fl-8"/>
      </object_component>
      <object_component id="oc-ac">
         <name>.text</name>
         <load_address>0xa78a</load_address>
         <run_address>0xa78a</run_address>
         <size>0x25</size>
         <input_file_ref idref="fl-21"/>
      </object_component>
      <object_component id="oc-b6">
         <name>.text</name>
         <load_address>0xa7af</load_address>
         <run_address>0xa7af</run_address>
         <size>0x21</size>
         <input_file_ref idref="fl-23"/>
      </object_component>
      <object_component id="oc-145">
         <name>.text</name>
         <load_address>0xa7d0</load_address>
         <run_address>0xa7d0</run_address>
         <size>0x20</size>
         <input_file_ref idref="fl-a"/>
      </object_component>
      <object_component id="oc-93">
         <name>.text</name>
         <load_address>0xa7f0</load_address>
         <run_address>0xa7f0</run_address>
         <size>0x1f</size>
         <input_file_ref idref="fl-1c"/>
      </object_component>
      <object_component id="oc-b1">
         <name>.text</name>
         <load_address>0xa80f</load_address>
         <run_address>0xa80f</run_address>
         <size>0x1d</size>
         <input_file_ref idref="fl-22"/>
      </object_component>
      <object_component id="oc-a7">
         <name>.text</name>
         <load_address>0xa82c</load_address>
         <run_address>0xa82c</run_address>
         <size>0x1c</size>
         <input_file_ref idref="fl-20"/>
      </object_component>
      <object_component id="oc-f5">
         <name>.text</name>
         <load_address>0xa848</load_address>
         <run_address>0xa848</run_address>
         <size>0x1a</size>
         <input_file_ref idref="fl-3f"/>
      </object_component>
      <object_component id="oc-bb">
         <name>.text</name>
         <load_address>0xa862</load_address>
         <run_address>0xa862</run_address>
         <size>0x1a</size>
         <input_file_ref idref="fl-24"/>
      </object_component>
      <object_component id="oc-10c">
         <name>.text</name>
         <load_address>0xa87c</load_address>
         <run_address>0xa87c</run_address>
         <size>0x1a</size>
         <input_file_ref idref="fl-43"/>
      </object_component>
      <object_component id="oc-12f">
         <name>.text</name>
         <load_address>0xa896</load_address>
         <run_address>0xa896</run_address>
         <size>0x19</size>
         <input_file_ref idref="fl-38"/>
      </object_component>
      <object_component id="oc-eb">
         <name>.text</name>
         <load_address>0xa8af</load_address>
         <run_address>0xa8af</run_address>
         <size>0x17</size>
         <input_file_ref idref="fl-3d"/>
      </object_component>
      <object_component id="oc-c5">
         <name>.text</name>
         <load_address>0xa8c6</load_address>
         <run_address>0xa8c6</run_address>
         <size>0x13</size>
         <input_file_ref idref="fl-26"/>
      </object_component>
      <object_component id="oc-c0">
         <name>.text</name>
         <load_address>0xa8d9</load_address>
         <run_address>0xa8d9</run_address>
         <size>0x10</size>
         <input_file_ref idref="fl-25"/>
      </object_component>
      <object_component id="oc-137">
         <name>.text</name>
         <load_address>0xa8e9</load_address>
         <run_address>0xa8e9</run_address>
         <size>0x9</size>
         <input_file_ref idref="fl-41"/>
      </object_component>
      <object_component id="oc-150">
         <name>.text</name>
         <load_address>0xa8f2</load_address>
         <run_address>0xa8f2</run_address>
         <size>0x9</size>
         <input_file_ref idref="fl-47"/>
      </object_component>
      <object_component id="oc-24">
         <name>.text</name>
         <load_address>0xa8fb</load_address>
         <run_address>0xa8fb</run_address>
         <size>0x8</size>
         <input_file_ref idref="fl-5"/>
      </object_component>
      <object_component id="oc-58">
         <name>.text:retain</name>
         <load_address>0xa903</load_address>
         <run_address>0xa903</run_address>
         <size>0x5</size>
         <input_file_ref idref="fl-e"/>
      </object_component>
      <object_component id="oc-a2">
         <name>.text</name>
         <load_address>0xa908</load_address>
         <run_address>0xa908</run_address>
         <size>0x5</size>
         <input_file_ref idref="fl-1f"/>
      </object_component>
      <object_component id="oc-12c">
         <name>.text</name>
         <load_address>0xa90d</load_address>
         <run_address>0xa90d</run_address>
         <size>0x2</size>
         <input_file_ref idref="fl-3a"/>
      </object_component>
      <object_component id="oc-12e">
         <name>.text</name>
         <load_address>0xa90f</load_address>
         <run_address>0xa90f</run_address>
         <size>0x1</size>
         <input_file_ref idref="fl-39"/>
      </object_component>
      <object_component id="oc-63">
         <name>.cinit</name>
         <load_address>0x50</load_address>
         <run_address>0x50</run_address>
         <size>0x9a</size>
         <input_file_ref idref="fl-10"/>
      </object_component>
      <object_component id="oc-fb">
         <name>.cinit</name>
         <load_address>0xea</load_address>
         <run_address>0xea</run_address>
         <size>0xe</size>
         <input_file_ref idref="fl-40"/>
      </object_component>
      <object_component id="oc-134">
         <name>.cinit:__lock</name>
         <load_address>0xf8</load_address>
         <run_address>0xf8</run_address>
         <size>0x5</size>
         <input_file_ref idref="fl-41"/>
      </object_component>
      <object_component id="oc-138">
         <name>.cinit:__unlock</name>
         <load_address>0xfd</load_address>
         <run_address>0xfd</run_address>
         <size>0x5</size>
         <input_file_ref idref="fl-41"/>
      </object_component>
      <object_component id="oc-3b">
         <name>.cinit</name>
         <load_address>0x102</load_address>
         <run_address>0x102</run_address>
         <size>0x4</size>
         <input_file_ref idref="fl-9"/>
      </object_component>
      <object_component id="oc-112">
         <name>.cinit</name>
         <load_address>0x106</load_address>
         <run_address>0x106</run_address>
         <size>0x4</size>
         <input_file_ref idref="fl-44"/>
      </object_component>
      <object_component id="oc-cc">
         <name>.reset</name>
         <load_address>0x3fffc0</load_address>
         <run_address>0x3fffc0</run_address>
         <size>0x2</size>
         <input_file_ref idref="fl-37"/>
      </object_component>
      <object_component id="oc-cb">
         <name>.stack</name>
         <uninitialized>true</uninitialized>
         <run_address>0x400</run_address>
         <size>0x0</size>
         <input_file_ref idref="fl-37"/>
      </object_component>
      <object_component id="oc-16f">
         <name>.stack</name>
         <uninitialized>true</uninitialized>
         <run_address>0x400</run_address>
         <size>0x0</size>
      </object_component>
      <object_component id="oc-35">
         <name>.ebss</name>
         <uninitialized>true</uninitialized>
         <run_address>0xa91c</run_address>
         <size>0x1</size>
         <input_file_ref idref="fl-8"/>
      </object_component>
      <object_component id="oc-3c">
         <name>.ebss</name>
         <uninitialized>true</uninitialized>
         <run_address>0xa91a</run_address>
         <size>0x2</size>
         <input_file_ref idref="fl-9"/>
      </object_component>
      <object_component id="oc-4c">
         <name>.ebss</name>
         <uninitialized>true</uninitialized>
         <run_address>0xaac0</run_address>
         <size>0xa8</size>
         <input_file_ref idref="fl-c"/>
      </object_component>
      <object_component id="oc-64">
         <name>.ebss</name>
         <uninitialized>true</uninitialized>
         <run_address>0xa940</run_address>
         <size>0x16c</size>
         <input_file_ref idref="fl-10"/>
      </object_component>
      <object_component id="oc-fc">
         <name>.ebss</name>
         <uninitialized>true</uninitialized>
         <run_address>0xa910</run_address>
         <size>0x6</size>
         <input_file_ref idref="fl-40"/>
      </object_component>
      <object_component id="oc-14a">
         <name>.ebss:__unlock</name>
         <uninitialized>true</uninitialized>
         <run_address>0xa918</run_address>
         <size>0x2</size>
         <input_file_ref idref="fl-41"/>
      </object_component>
      <object_component id="oc-133">
         <name>.ebss:__lock</name>
         <uninitialized>true</uninitialized>
         <run_address>0xa916</run_address>
         <size>0x2</size>
         <input_file_ref idref="fl-41"/>
      </object_component>
      <object_component id="oc-113">
         <name>.ebss</name>
         <uninitialized>true</uninitialized>
         <run_address>0xa91d</run_address>
         <size>0x1</size>
         <input_file_ref idref="fl-44"/>
      </object_component>
      <object_component id="oc-116">
         <name>.econst</name>
         <load_address>0xab68</load_address>
         <run_address>0xab68</run_address>
         <size>0x32</size>
         <input_file_ref idref="fl-45"/>
      </object_component>
      <object_component id="oc-107">
         <name>.econst</name>
         <load_address>0xab9a</load_address>
         <run_address>0xab9a</run_address>
         <size>0x10</size>
         <input_file_ref idref="fl-42"/>
      </object_component>
      <object_component id="oc-84">
         <name>.econst</name>
         <load_address>0xabaa</load_address>
         <run_address>0xabaa</run_address>
         <size>0x8</size>
         <input_file_ref idref="fl-16"/>
      </object_component>
      <object_component id="oc-11c">
         <name>.econst</name>
         <load_address>0xabb2</load_address>
         <run_address>0xabb2</run_address>
         <size>0x6</size>
         <input_file_ref idref="fl-46"/>
      </object_component>
      <object_component id="oc-14c">
         <name>.econst:_bp</name>
         <load_address>0xabb8</load_address>
         <run_address>0xabb8</run_address>
         <size>0x4</size>
         <input_file_ref idref="fl-45"/>
      </object_component>
      <object_component id="oc-14d">
         <name>.econst:_dp_h</name>
         <load_address>0xabbc</load_address>
         <run_address>0xabbc</run_address>
         <size>0x4</size>
         <input_file_ref idref="fl-45"/>
      </object_component>
      <object_component id="oc-14e">
         <name>.econst:_dp_l</name>
         <load_address>0xabc0</load_address>
         <run_address>0xabc0</run_address>
         <size>0x4</size>
         <input_file_ref idref="fl-45"/>
      </object_component>
      <object_component id="oc-4d">
         <name>.econst</name>
         <load_address>0xabc4</load_address>
         <run_address>0xabc4</run_address>
         <size>0x4</size>
         <input_file_ref idref="fl-c"/>
      </object_component>
      <object_component id="oc-127">
         <name>.econst</name>
         <load_address>0xabc8</load_address>
         <run_address>0xabc8</run_address>
         <size>0x4</size>
         <input_file_ref idref="fl-48"/>
      </object_component>
      <object_component id="oc-e1">
         <name>.econst</name>
         <load_address>0xabcc</load_address>
         <run_address>0xabcc</run_address>
         <size>0x2</size>
         <input_file_ref idref="fl-3b"/>
      </object_component>
      <object_component id="oc-ca">
         <name>IQmath</name>
         <load_address>0xabce</load_address>
         <run_address>0xabce</run_address>
         <size>0x14</size>
         <input_file_ref idref="fl-36"/>
      </object_component>
      <object_component id="oc-26">
         <name>.debug_info</name>
         <load_address>0x0</load_address>
         <run_address>0x0</run_address>
         <size>0x272</size>
         <input_file_ref idref="fl-5"/>
      </object_component>
      <object_component id="oc-2a">
         <name>.debug_info</name>
         <load_address>0x272</load_address>
         <run_address>0x272</run_address>
         <size>0x47ed</size>
         <input_file_ref idref="fl-6"/>
      </object_component>
      <object_component id="oc-2f">
         <name>.debug_info</name>
         <load_address>0x4a5f</load_address>
         <run_address>0x4a5f</run_address>
         <size>0x51c4</size>
         <input_file_ref idref="fl-7"/>
      </object_component>
      <object_component id="oc-34">
         <name>.debug_info</name>
         <load_address>0x9c23</load_address>
         <run_address>0x9c23</run_address>
         <size>0x11db</size>
         <input_file_ref idref="fl-8"/>
      </object_component>
      <object_component id="oc-3a">
         <name>.debug_info</name>
         <load_address>0xadfe</load_address>
         <run_address>0xadfe</run_address>
         <size>0x5133</size>
         <input_file_ref idref="fl-9"/>
      </object_component>
      <object_component id="oc-41">
         <name>.debug_info</name>
         <load_address>0xff31</load_address>
         <run_address>0xff31</run_address>
         <size>0x226a</size>
         <input_file_ref idref="fl-a"/>
      </object_component>
      <object_component id="oc-46">
         <name>.debug_info</name>
         <load_address>0x1219b</load_address>
         <run_address>0x1219b</run_address>
         <size>0x391a</size>
         <input_file_ref idref="fl-b"/>
      </object_component>
      <object_component id="oc-4b">
         <name>.debug_info</name>
         <load_address>0x15ab5</load_address>
         <run_address>0x15ab5</run_address>
         <size>0x122c3</size>
         <input_file_ref idref="fl-c"/>
      </object_component>
      <object_component id="oc-52">
         <name>.debug_info</name>
         <load_address>0x27d78</load_address>
         <run_address>0x27d78</run_address>
         <size>0xaab</size>
         <input_file_ref idref="fl-d"/>
      </object_component>
      <object_component id="oc-57">
         <name>.debug_info</name>
         <load_address>0x28823</load_address>
         <run_address>0x28823</run_address>
         <size>0x4900</size>
         <input_file_ref idref="fl-e"/>
      </object_component>
      <object_component id="oc-5d">
         <name>.debug_info</name>
         <load_address>0x2d123</load_address>
         <run_address>0x2d123</run_address>
         <size>0x1c8a</size>
         <input_file_ref idref="fl-f"/>
      </object_component>
      <object_component id="oc-62">
         <name>.debug_info</name>
         <load_address>0x2edad</load_address>
         <run_address>0x2edad</run_address>
         <size>0x6f22</size>
         <input_file_ref idref="fl-10"/>
      </object_component>
      <object_component id="oc-6a">
         <name>.debug_info</name>
         <load_address>0x35ccf</load_address>
         <run_address>0x35ccf</run_address>
         <size>0xbc15</size>
         <input_file_ref idref="fl-11"/>
      </object_component>
      <object_component id="oc-6f">
         <name>.debug_info</name>
         <load_address>0x418e4</load_address>
         <run_address>0x418e4</run_address>
         <size>0x1478</size>
         <input_file_ref idref="fl-12"/>
      </object_component>
      <object_component id="oc-74">
         <name>.debug_info</name>
         <load_address>0x42d5c</load_address>
         <run_address>0x42d5c</run_address>
         <size>0x3fad</size>
         <input_file_ref idref="fl-13"/>
      </object_component>
      <object_component id="oc-79">
         <name>.debug_info</name>
         <load_address>0x46d09</load_address>
         <run_address>0x46d09</run_address>
         <size>0x1026</size>
         <input_file_ref idref="fl-14"/>
      </object_component>
      <object_component id="oc-7f">
         <name>.debug_info</name>
         <load_address>0x47d2f</load_address>
         <run_address>0x47d2f</run_address>
         <size>0x1e8</size>
         <input_file_ref idref="fl-15"/>
      </object_component>
      <object_component id="oc-83">
         <name>.debug_info</name>
         <load_address>0x47f17</load_address>
         <run_address>0x47f17</run_address>
         <size>0x4b21</size>
         <input_file_ref idref="fl-16"/>
      </object_component>
      <object_component id="oc-89">
         <name>.debug_info</name>
         <load_address>0x4ca38</load_address>
         <run_address>0x4ca38</run_address>
         <size>0x1438</size>
         <input_file_ref idref="fl-17"/>
      </object_component>
      <object_component id="oc-8f">
         <name>.debug_info</name>
         <load_address>0x4de70</load_address>
         <run_address>0x4de70</run_address>
         <size>0x10d</size>
         <input_file_ref idref="fl-1b"/>
      </object_component>
      <object_component id="oc-94">
         <name>.debug_info</name>
         <load_address>0x4df7d</load_address>
         <run_address>0x4df7d</run_address>
         <size>0x10d</size>
         <input_file_ref idref="fl-1c"/>
      </object_component>
      <object_component id="oc-99">
         <name>.debug_info</name>
         <load_address>0x4e08a</load_address>
         <run_address>0x4e08a</run_address>
         <size>0x10d</size>
         <input_file_ref idref="fl-1d"/>
      </object_component>
      <object_component id="oc-9e">
         <name>.debug_info</name>
         <load_address>0x4e197</load_address>
         <run_address>0x4e197</run_address>
         <size>0x10d</size>
         <input_file_ref idref="fl-1e"/>
      </object_component>
      <object_component id="oc-a3">
         <name>.debug_info</name>
         <load_address>0x4e2a4</load_address>
         <run_address>0x4e2a4</run_address>
         <size>0x10d</size>
         <input_file_ref idref="fl-1f"/>
      </object_component>
      <object_component id="oc-a8">
         <name>.debug_info</name>
         <load_address>0x4e3b1</load_address>
         <run_address>0x4e3b1</run_address>
         <size>0x110</size>
         <input_file_ref idref="fl-20"/>
      </object_component>
      <object_component id="oc-ad">
         <name>.debug_info</name>
         <load_address>0x4e4c1</load_address>
         <run_address>0x4e4c1</run_address>
         <size>0x119</size>
         <input_file_ref idref="fl-21"/>
      </object_component>
      <object_component id="oc-b2">
         <name>.debug_info</name>
         <load_address>0x4e5da</load_address>
         <run_address>0x4e5da</run_address>
         <size>0x119</size>
         <input_file_ref idref="fl-22"/>
      </object_component>
      <object_component id="oc-b7">
         <name>.debug_info</name>
         <load_address>0x4e6f3</load_address>
         <run_address>0x4e6f3</run_address>
         <size>0x11c</size>
         <input_file_ref idref="fl-23"/>
      </object_component>
      <object_component id="oc-bc">
         <name>.debug_info</name>
         <load_address>0x4e80f</load_address>
         <run_address>0x4e80f</run_address>
         <size>0x117</size>
         <input_file_ref idref="fl-24"/>
      </object_component>
      <object_component id="oc-c1">
         <name>.debug_info</name>
         <load_address>0x4e926</load_address>
         <run_address>0x4e926</run_address>
         <size>0x111</size>
         <input_file_ref idref="fl-25"/>
      </object_component>
      <object_component id="oc-c6">
         <name>.debug_info</name>
         <load_address>0x4ea37</load_address>
         <run_address>0x4ea37</run_address>
         <size>0x114</size>
         <input_file_ref idref="fl-26"/>
      </object_component>
      <object_component id="oc-cd">
         <name>.debug_info</name>
         <load_address>0x4eb4b</load_address>
         <run_address>0x4eb4b</run_address>
         <size>0x16c</size>
         <input_file_ref idref="fl-37"/>
      </object_component>
      <object_component id="oc-d1">
         <name>.debug_info</name>
         <load_address>0x4ecb7</load_address>
         <run_address>0x4ecb7</run_address>
         <size>0x41d</size>
         <input_file_ref idref="fl-38"/>
      </object_component>
      <object_component id="oc-d6">
         <name>.debug_info</name>
         <load_address>0x4f0d4</load_address>
         <run_address>0x4f0d4</run_address>
         <size>0x32e</size>
         <input_file_ref idref="fl-39"/>
      </object_component>
      <object_component id="oc-db">
         <name>.debug_info</name>
         <load_address>0x4f402</load_address>
         <run_address>0x4f402</run_address>
         <size>0x331</size>
         <input_file_ref idref="fl-3a"/>
      </object_component>
      <object_component id="oc-e0">
         <name>.debug_info</name>
         <load_address>0x4f733</load_address>
         <run_address>0x4f733</run_address>
         <size>0x448</size>
         <input_file_ref idref="fl-3b"/>
      </object_component>
      <object_component id="oc-e7">
         <name>.debug_info</name>
         <load_address>0x4fb7b</load_address>
         <run_address>0x4fb7b</run_address>
         <size>0x10d</size>
         <input_file_ref idref="fl-3c"/>
      </object_component>
      <object_component id="oc-ec">
         <name>.debug_info</name>
         <load_address>0x4fc88</load_address>
         <run_address>0x4fc88</run_address>
         <size>0x10d</size>
         <input_file_ref idref="fl-3d"/>
      </object_component>
      <object_component id="oc-f0">
         <name>.debug_info</name>
         <load_address>0x4fd95</load_address>
         <run_address>0x4fd95</run_address>
         <size>0x576</size>
         <input_file_ref idref="fl-3e"/>
      </object_component>
      <object_component id="oc-f6">
         <name>.debug_info</name>
         <load_address>0x5030b</load_address>
         <run_address>0x5030b</run_address>
         <size>0x113</size>
         <input_file_ref idref="fl-3f"/>
      </object_component>
      <object_component id="oc-fa">
         <name>.debug_info</name>
         <load_address>0x5041e</load_address>
         <run_address>0x5041e</run_address>
         <size>0x4fa</size>
         <input_file_ref idref="fl-40"/>
      </object_component>
      <object_component id="oc-101">
         <name>.debug_info</name>
         <load_address>0x50918</load_address>
         <run_address>0x50918</run_address>
         <size>0x450</size>
         <input_file_ref idref="fl-41"/>
      </object_component>
      <object_component id="oc-106">
         <name>.debug_info</name>
         <load_address>0x50d68</load_address>
         <run_address>0x50d68</run_address>
         <size>0x781</size>
         <input_file_ref idref="fl-42"/>
      </object_component>
      <object_component id="oc-10d">
         <name>.debug_info</name>
         <load_address>0x514e9</load_address>
         <run_address>0x514e9</run_address>
         <size>0x117</size>
         <input_file_ref idref="fl-43"/>
      </object_component>
      <object_component id="oc-111">
         <name>.debug_info</name>
         <load_address>0x51600</load_address>
         <run_address>0x51600</run_address>
         <size>0x1bc</size>
         <input_file_ref idref="fl-44"/>
      </object_component>
      <object_component id="oc-115">
         <name>.debug_info</name>
         <load_address>0x517bc</load_address>
         <run_address>0x517bc</run_address>
         <size>0xe8c</size>
         <input_file_ref idref="fl-45"/>
      </object_component>
      <object_component id="oc-11b">
         <name>.debug_info</name>
         <load_address>0x52648</load_address>
         <run_address>0x52648</run_address>
         <size>0x4bf</size>
         <input_file_ref idref="fl-46"/>
      </object_component>
      <object_component id="oc-121">
         <name>.debug_info</name>
         <load_address>0x52b07</load_address>
         <run_address>0x52b07</run_address>
         <size>0x3cc</size>
         <input_file_ref idref="fl-47"/>
      </object_component>
      <object_component id="oc-126">
         <name>.debug_info</name>
         <load_address>0x52ed3</load_address>
         <run_address>0x52ed3</run_address>
         <size>0x474</size>
         <input_file_ref idref="fl-48"/>
      </object_component>
      <object_component id="oc-170">
         <name>.debug_info</name>
         <load_address>0x53347</load_address>
         <run_address>0x53347</run_address>
         <size>0x10f</size>
      </object_component>
      <object_component id="oc-27">
         <name>.debug_line</name>
         <load_address>0x0</load_address>
         <run_address>0x0</run_address>
         <size>0xb0</size>
         <input_file_ref idref="fl-5"/>
      </object_component>
      <object_component id="oc-2c">
         <name>.debug_line</name>
         <load_address>0xb0</load_address>
         <run_address>0xb0</run_address>
         <size>0x380</size>
         <input_file_ref idref="fl-6"/>
      </object_component>
      <object_component id="oc-31">
         <name>.debug_line</name>
         <load_address>0x430</load_address>
         <run_address>0x430</run_address>
         <size>0x596</size>
         <input_file_ref idref="fl-7"/>
      </object_component>
      <object_component id="oc-37">
         <name>.debug_line</name>
         <load_address>0x9c6</load_address>
         <run_address>0x9c6</run_address>
         <size>0x15d</size>
         <input_file_ref idref="fl-8"/>
      </object_component>
      <object_component id="oc-3e">
         <name>.debug_line</name>
         <load_address>0xb23</load_address>
         <run_address>0xb23</run_address>
         <size>0x5c2</size>
         <input_file_ref idref="fl-9"/>
      </object_component>
      <object_component id="oc-43">
         <name>.debug_line</name>
         <load_address>0x10e5</load_address>
         <run_address>0x10e5</run_address>
         <size>0x1e5</size>
         <input_file_ref idref="fl-a"/>
      </object_component>
      <object_component id="oc-48">
         <name>.debug_line</name>
         <load_address>0x12ca</load_address>
         <run_address>0x12ca</run_address>
         <size>0x2bf</size>
         <input_file_ref idref="fl-b"/>
      </object_component>
      <object_component id="oc-4f">
         <name>.debug_line</name>
         <load_address>0x1589</load_address>
         <run_address>0x1589</run_address>
         <size>0xdc3</size>
         <input_file_ref idref="fl-c"/>
      </object_component>
      <object_component id="oc-54">
         <name>.debug_line</name>
         <load_address>0x234c</load_address>
         <run_address>0x234c</run_address>
         <size>0xe5</size>
         <input_file_ref idref="fl-d"/>
      </object_component>
      <object_component id="oc-5a">
         <name>.debug_line</name>
         <load_address>0x2431</load_address>
         <run_address>0x2431</run_address>
         <size>0x31f</size>
         <input_file_ref idref="fl-e"/>
      </object_component>
      <object_component id="oc-5f">
         <name>.debug_line</name>
         <load_address>0x2750</load_address>
         <run_address>0x2750</run_address>
         <size>0x1f4</size>
         <input_file_ref idref="fl-f"/>
      </object_component>
      <object_component id="oc-67">
         <name>.debug_line</name>
         <load_address>0x2944</load_address>
         <run_address>0x2944</run_address>
         <size>0x3bb</size>
         <input_file_ref idref="fl-10"/>
      </object_component>
      <object_component id="oc-6c">
         <name>.debug_line</name>
         <load_address>0x2cff</load_address>
         <run_address>0x2cff</run_address>
         <size>0xa44</size>
         <input_file_ref idref="fl-11"/>
      </object_component>
      <object_component id="oc-71">
         <name>.debug_line</name>
         <load_address>0x3743</load_address>
         <run_address>0x3743</run_address>
         <size>0x11d</size>
         <input_file_ref idref="fl-12"/>
      </object_component>
      <object_component id="oc-76">
         <name>.debug_line</name>
         <load_address>0x3860</load_address>
         <run_address>0x3860</run_address>
         <size>0x421</size>
         <input_file_ref idref="fl-13"/>
      </object_component>
      <object_component id="oc-7b">
         <name>.debug_line</name>
         <load_address>0x3c81</load_address>
         <run_address>0x3c81</run_address>
         <size>0x132</size>
         <input_file_ref idref="fl-14"/>
      </object_component>
      <object_component id="oc-80">
         <name>.debug_line</name>
         <load_address>0x3db3</load_address>
         <run_address>0x3db3</run_address>
         <size>0x91</size>
         <input_file_ref idref="fl-15"/>
      </object_component>
      <object_component id="oc-86">
         <name>.debug_line</name>
         <load_address>0x3e44</load_address>
         <run_address>0x3e44</run_address>
         <size>0x466</size>
         <input_file_ref idref="fl-16"/>
      </object_component>
      <object_component id="oc-8b">
         <name>.debug_line</name>
         <load_address>0x42aa</load_address>
         <run_address>0x42aa</run_address>
         <size>0x17c</size>
         <input_file_ref idref="fl-17"/>
      </object_component>
      <object_component id="oc-90">
         <name>.debug_line</name>
         <load_address>0x4426</load_address>
         <run_address>0x4426</run_address>
         <size>0xa2</size>
         <input_file_ref idref="fl-1b"/>
      </object_component>
      <object_component id="oc-95">
         <name>.debug_line</name>
         <load_address>0x44c8</load_address>
         <run_address>0x44c8</run_address>
         <size>0x58</size>
         <input_file_ref idref="fl-1c"/>
      </object_component>
      <object_component id="oc-9a">
         <name>.debug_line</name>
         <load_address>0x4520</load_address>
         <run_address>0x4520</run_address>
         <size>0xab</size>
         <input_file_ref idref="fl-1d"/>
      </object_component>
      <object_component id="oc-9f">
         <name>.debug_line</name>
         <load_address>0x45cb</load_address>
         <run_address>0x45cb</run_address>
         <size>0x8d</size>
         <input_file_ref idref="fl-1e"/>
      </object_component>
      <object_component id="oc-a4">
         <name>.debug_line</name>
         <load_address>0x4658</load_address>
         <run_address>0x4658</run_address>
         <size>0x41</size>
         <input_file_ref idref="fl-1f"/>
      </object_component>
      <object_component id="oc-a9">
         <name>.debug_line</name>
         <load_address>0x4699</load_address>
         <run_address>0x4699</run_address>
         <size>0x56</size>
         <input_file_ref idref="fl-20"/>
      </object_component>
      <object_component id="oc-ae">
         <name>.debug_line</name>
         <load_address>0x46ef</load_address>
         <run_address>0x46ef</run_address>
         <size>0x5e</size>
         <input_file_ref idref="fl-21"/>
      </object_component>
      <object_component id="oc-b3">
         <name>.debug_line</name>
         <load_address>0x474d</load_address>
         <run_address>0x474d</run_address>
         <size>0x56</size>
         <input_file_ref idref="fl-22"/>
      </object_component>
      <object_component id="oc-b8">
         <name>.debug_line</name>
         <load_address>0x47a3</load_address>
         <run_address>0x47a3</run_address>
         <size>0x59</size>
         <input_file_ref idref="fl-23"/>
      </object_component>
      <object_component id="oc-bd">
         <name>.debug_line</name>
         <load_address>0x47fc</load_address>
         <run_address>0x47fc</run_address>
         <size>0x52</size>
         <input_file_ref idref="fl-24"/>
      </object_component>
      <object_component id="oc-c2">
         <name>.debug_line</name>
         <load_address>0x484e</load_address>
         <run_address>0x484e</run_address>
         <size>0x49</size>
         <input_file_ref idref="fl-25"/>
      </object_component>
      <object_component id="oc-c7">
         <name>.debug_line</name>
         <load_address>0x4897</load_address>
         <run_address>0x4897</run_address>
         <size>0x4f</size>
         <input_file_ref idref="fl-26"/>
      </object_component>
      <object_component id="oc-ce">
         <name>.debug_line</name>
         <load_address>0x48e6</load_address>
         <run_address>0x48e6</run_address>
         <size>0x7d</size>
         <input_file_ref idref="fl-37"/>
      </object_component>
      <object_component id="oc-d3">
         <name>.debug_line</name>
         <load_address>0x4963</load_address>
         <run_address>0x4963</run_address>
         <size>0x55</size>
         <input_file_ref idref="fl-38"/>
      </object_component>
      <object_component id="oc-d8">
         <name>.debug_line</name>
         <load_address>0x49b8</load_address>
         <run_address>0x49b8</run_address>
         <size>0x3a</size>
         <input_file_ref idref="fl-39"/>
      </object_component>
      <object_component id="oc-dd">
         <name>.debug_line</name>
         <load_address>0x49f2</load_address>
         <run_address>0x49f2</run_address>
         <size>0x3e</size>
         <input_file_ref idref="fl-3a"/>
      </object_component>
      <object_component id="oc-e3">
         <name>.debug_line</name>
         <load_address>0x4a30</load_address>
         <run_address>0x4a30</run_address>
         <size>0x78</size>
         <input_file_ref idref="fl-3b"/>
      </object_component>
      <object_component id="oc-e8">
         <name>.debug_line</name>
         <load_address>0x4aa8</load_address>
         <run_address>0x4aa8</run_address>
         <size>0xa9</size>
         <input_file_ref idref="fl-3c"/>
      </object_component>
      <object_component id="oc-ed">
         <name>.debug_line</name>
         <load_address>0x4b51</load_address>
         <run_address>0x4b51</run_address>
         <size>0x52</size>
         <input_file_ref idref="fl-3d"/>
      </object_component>
      <object_component id="oc-f2">
         <name>.debug_line</name>
         <load_address>0x4ba3</load_address>
         <run_address>0x4ba3</run_address>
         <size>0x64</size>
         <input_file_ref idref="fl-3e"/>
      </object_component>
      <object_component id="oc-f7">
         <name>.debug_line</name>
         <load_address>0x4c07</load_address>
         <run_address>0x4c07</run_address>
         <size>0x50</size>
         <input_file_ref idref="fl-3f"/>
      </object_component>
      <object_component id="oc-fe">
         <name>.debug_line</name>
         <load_address>0x4c57</load_address>
         <run_address>0x4c57</run_address>
         <size>0x65</size>
         <input_file_ref idref="fl-40"/>
      </object_component>
      <object_component id="oc-103">
         <name>.debug_line</name>
         <load_address>0x4cbc</load_address>
         <run_address>0x4cbc</run_address>
         <size>0x5e</size>
         <input_file_ref idref="fl-41"/>
      </object_component>
      <object_component id="oc-109">
         <name>.debug_line</name>
         <load_address>0x4d1a</load_address>
         <run_address>0x4d1a</run_address>
         <size>0xbd</size>
         <input_file_ref idref="fl-42"/>
      </object_component>
      <object_component id="oc-10e">
         <name>.debug_line</name>
         <load_address>0x4dd7</load_address>
         <run_address>0x4dd7</run_address>
         <size>0x53</size>
         <input_file_ref idref="fl-43"/>
      </object_component>
      <object_component id="oc-118">
         <name>.debug_line</name>
         <load_address>0x4e2a</load_address>
         <run_address>0x4e2a</run_address>
         <size>0x1e2</size>
         <input_file_ref idref="fl-45"/>
      </object_component>
      <object_component id="oc-11e">
         <name>.debug_line</name>
         <load_address>0x500c</load_address>
         <run_address>0x500c</run_address>
         <size>0x73</size>
         <input_file_ref idref="fl-46"/>
      </object_component>
      <object_component id="oc-123">
         <name>.debug_line</name>
         <load_address>0x507f</load_address>
         <run_address>0x507f</run_address>
         <size>0x49</size>
         <input_file_ref idref="fl-47"/>
      </object_component>
      <object_component id="oc-129">
         <name>.debug_line</name>
         <load_address>0x50c8</load_address>
         <run_address>0x50c8</run_address>
         <size>0xae</size>
         <input_file_ref idref="fl-48"/>
      </object_component>
      <object_component id="oc-28">
         <name>.debug_abbrev</name>
         <load_address>0x0</load_address>
         <run_address>0x0</run_address>
         <size>0x21</size>
         <input_file_ref idref="fl-5"/>
      </object_component>
      <object_component id="oc-2d">
         <name>.debug_abbrev</name>
         <load_address>0x21</load_address>
         <run_address>0x21</run_address>
         <size>0x18a</size>
         <input_file_ref idref="fl-6"/>
      </object_component>
      <object_component id="oc-32">
         <name>.debug_abbrev</name>
         <load_address>0x1ab</load_address>
         <run_address>0x1ab</run_address>
         <size>0x16b</size>
         <input_file_ref idref="fl-7"/>
      </object_component>
      <object_component id="oc-38">
         <name>.debug_abbrev</name>
         <load_address>0x316</load_address>
         <run_address>0x316</run_address>
         <size>0x112</size>
         <input_file_ref idref="fl-8"/>
      </object_component>
      <object_component id="oc-3f">
         <name>.debug_abbrev</name>
         <load_address>0x428</load_address>
         <run_address>0x428</run_address>
         <size>0x1d6</size>
         <input_file_ref idref="fl-9"/>
      </object_component>
      <object_component id="oc-44">
         <name>.debug_abbrev</name>
         <load_address>0x5fe</load_address>
         <run_address>0x5fe</run_address>
         <size>0x157</size>
         <input_file_ref idref="fl-a"/>
      </object_component>
      <object_component id="oc-49">
         <name>.debug_abbrev</name>
         <load_address>0x755</load_address>
         <run_address>0x755</run_address>
         <size>0x162</size>
         <input_file_ref idref="fl-b"/>
      </object_component>
      <object_component id="oc-50">
         <name>.debug_abbrev</name>
         <load_address>0x8b7</load_address>
         <run_address>0x8b7</run_address>
         <size>0x232</size>
         <input_file_ref idref="fl-c"/>
      </object_component>
      <object_component id="oc-55">
         <name>.debug_abbrev</name>
         <load_address>0xae9</load_address>
         <run_address>0xae9</run_address>
         <size>0x100</size>
         <input_file_ref idref="fl-d"/>
      </object_component>
      <object_component id="oc-5b">
         <name>.debug_abbrev</name>
         <load_address>0xbe9</load_address>
         <run_address>0xbe9</run_address>
         <size>0x189</size>
         <input_file_ref idref="fl-e"/>
      </object_component>
      <object_component id="oc-60">
         <name>.debug_abbrev</name>
         <load_address>0xd72</load_address>
         <run_address>0xd72</run_address>
         <size>0x16b</size>
         <input_file_ref idref="fl-f"/>
      </object_component>
      <object_component id="oc-68">
         <name>.debug_abbrev</name>
         <load_address>0xedd</load_address>
         <run_address>0xedd</run_address>
         <size>0x196</size>
         <input_file_ref idref="fl-10"/>
      </object_component>
      <object_component id="oc-6d">
         <name>.debug_abbrev</name>
         <load_address>0x1073</load_address>
         <run_address>0x1073</run_address>
         <size>0x174</size>
         <input_file_ref idref="fl-11"/>
      </object_component>
      <object_component id="oc-72">
         <name>.debug_abbrev</name>
         <load_address>0x11e7</load_address>
         <run_address>0x11e7</run_address>
         <size>0x114</size>
         <input_file_ref idref="fl-12"/>
      </object_component>
      <object_component id="oc-77">
         <name>.debug_abbrev</name>
         <load_address>0x12fb</load_address>
         <run_address>0x12fb</run_address>
         <size>0x16b</size>
         <input_file_ref idref="fl-13"/>
      </object_component>
      <object_component id="oc-7c">
         <name>.debug_abbrev</name>
         <load_address>0x1466</load_address>
         <run_address>0x1466</run_address>
         <size>0x112</size>
         <input_file_ref idref="fl-14"/>
      </object_component>
      <object_component id="oc-81">
         <name>.debug_abbrev</name>
         <load_address>0x1578</load_address>
         <run_address>0x1578</run_address>
         <size>0x2f</size>
         <input_file_ref idref="fl-15"/>
      </object_component>
      <object_component id="oc-87">
         <name>.debug_abbrev</name>
         <load_address>0x15a7</load_address>
         <run_address>0x15a7</run_address>
         <size>0x1a6</size>
         <input_file_ref idref="fl-16"/>
      </object_component>
      <object_component id="oc-8c">
         <name>.debug_abbrev</name>
         <load_address>0x174d</load_address>
         <run_address>0x174d</run_address>
         <size>0x114</size>
         <input_file_ref idref="fl-17"/>
      </object_component>
      <object_component id="oc-91">
         <name>.debug_abbrev</name>
         <load_address>0x1861</load_address>
         <run_address>0x1861</run_address>
         <size>0x38</size>
         <input_file_ref idref="fl-1b"/>
      </object_component>
      <object_component id="oc-96">
         <name>.debug_abbrev</name>
         <load_address>0x1899</load_address>
         <run_address>0x1899</run_address>
         <size>0x38</size>
         <input_file_ref idref="fl-1c"/>
      </object_component>
      <object_component id="oc-9b">
         <name>.debug_abbrev</name>
         <load_address>0x18d1</load_address>
         <run_address>0x18d1</run_address>
         <size>0x38</size>
         <input_file_ref idref="fl-1d"/>
      </object_component>
      <object_component id="oc-a0">
         <name>.debug_abbrev</name>
         <load_address>0x1909</load_address>
         <run_address>0x1909</run_address>
         <size>0x38</size>
         <input_file_ref idref="fl-1e"/>
      </object_component>
      <object_component id="oc-a5">
         <name>.debug_abbrev</name>
         <load_address>0x1941</load_address>
         <run_address>0x1941</run_address>
         <size>0x38</size>
         <input_file_ref idref="fl-1f"/>
      </object_component>
      <object_component id="oc-aa">
         <name>.debug_abbrev</name>
         <load_address>0x1979</load_address>
         <run_address>0x1979</run_address>
         <size>0x38</size>
         <input_file_ref idref="fl-20"/>
      </object_component>
      <object_component id="oc-af">
         <name>.debug_abbrev</name>
         <load_address>0x19b1</load_address>
         <run_address>0x19b1</run_address>
         <size>0x38</size>
         <input_file_ref idref="fl-21"/>
      </object_component>
      <object_component id="oc-b4">
         <name>.debug_abbrev</name>
         <load_address>0x19e9</load_address>
         <run_address>0x19e9</run_address>
         <size>0x38</size>
         <input_file_ref idref="fl-22"/>
      </object_component>
      <object_component id="oc-b9">
         <name>.debug_abbrev</name>
         <load_address>0x1a21</load_address>
         <run_address>0x1a21</run_address>
         <size>0x38</size>
         <input_file_ref idref="fl-23"/>
      </object_component>
      <object_component id="oc-be">
         <name>.debug_abbrev</name>
         <load_address>0x1a59</load_address>
         <run_address>0x1a59</run_address>
         <size>0x38</size>
         <input_file_ref idref="fl-24"/>
      </object_component>
      <object_component id="oc-c3">
         <name>.debug_abbrev</name>
         <load_address>0x1a91</load_address>
         <run_address>0x1a91</run_address>
         <size>0x38</size>
         <input_file_ref idref="fl-25"/>
      </object_component>
      <object_component id="oc-c8">
         <name>.debug_abbrev</name>
         <load_address>0x1ac9</load_address>
         <run_address>0x1ac9</run_address>
         <size>0x38</size>
         <input_file_ref idref="fl-26"/>
      </object_component>
      <object_component id="oc-cf">
         <name>.debug_abbrev</name>
         <load_address>0x1b01</load_address>
         <run_address>0x1b01</run_address>
         <size>0x46</size>
         <input_file_ref idref="fl-37"/>
      </object_component>
      <object_component id="oc-d4">
         <name>.debug_abbrev</name>
         <load_address>0x1b47</load_address>
         <run_address>0x1b47</run_address>
         <size>0xfe</size>
         <input_file_ref idref="fl-38"/>
      </object_component>
      <object_component id="oc-d9">
         <name>.debug_abbrev</name>
         <load_address>0x1c45</load_address>
         <run_address>0x1c45</run_address>
         <size>0x66</size>
         <input_file_ref idref="fl-39"/>
      </object_component>
      <object_component id="oc-de">
         <name>.debug_abbrev</name>
         <load_address>0x1cab</load_address>
         <run_address>0x1cab</run_address>
         <size>0x68</size>
         <input_file_ref idref="fl-3a"/>
      </object_component>
      <object_component id="oc-e4">
         <name>.debug_abbrev</name>
         <load_address>0x1d13</load_address>
         <run_address>0x1d13</run_address>
         <size>0xc6</size>
         <input_file_ref idref="fl-3b"/>
      </object_component>
      <object_component id="oc-e9">
         <name>.debug_abbrev</name>
         <load_address>0x1dd9</load_address>
         <run_address>0x1dd9</run_address>
         <size>0x38</size>
         <input_file_ref idref="fl-3c"/>
      </object_component>
      <object_component id="oc-ee">
         <name>.debug_abbrev</name>
         <load_address>0x1e11</load_address>
         <run_address>0x1e11</run_address>
         <size>0x38</size>
         <input_file_ref idref="fl-3d"/>
      </object_component>
      <object_component id="oc-f3">
         <name>.debug_abbrev</name>
         <load_address>0x1e49</load_address>
         <run_address>0x1e49</run_address>
         <size>0xfa</size>
         <input_file_ref idref="fl-3e"/>
      </object_component>
      <object_component id="oc-f8">
         <name>.debug_abbrev</name>
         <load_address>0x1f43</load_address>
         <run_address>0x1f43</run_address>
         <size>0x32</size>
         <input_file_ref idref="fl-3f"/>
      </object_component>
      <object_component id="oc-ff">
         <name>.debug_abbrev</name>
         <load_address>0x1f75</load_address>
         <run_address>0x1f75</run_address>
         <size>0x142</size>
         <input_file_ref idref="fl-40"/>
      </object_component>
      <object_component id="oc-104">
         <name>.debug_abbrev</name>
         <load_address>0x20b7</load_address>
         <run_address>0x20b7</run_address>
         <size>0xb2</size>
         <input_file_ref idref="fl-41"/>
      </object_component>
      <object_component id="oc-10a">
         <name>.debug_abbrev</name>
         <load_address>0x2169</load_address>
         <run_address>0x2169</run_address>
         <size>0xd6</size>
         <input_file_ref idref="fl-42"/>
      </object_component>
      <object_component id="oc-10f">
         <name>.debug_abbrev</name>
         <load_address>0x223f</load_address>
         <run_address>0x223f</run_address>
         <size>0x38</size>
         <input_file_ref idref="fl-43"/>
      </object_component>
      <object_component id="oc-114">
         <name>.debug_abbrev</name>
         <load_address>0x2277</load_address>
         <run_address>0x2277</run_address>
         <size>0x31</size>
         <input_file_ref idref="fl-44"/>
      </object_component>
      <object_component id="oc-119">
         <name>.debug_abbrev</name>
         <load_address>0x22a8</load_address>
         <run_address>0x22a8</run_address>
         <size>0xea</size>
         <input_file_ref idref="fl-45"/>
      </object_component>
      <object_component id="oc-11f">
         <name>.debug_abbrev</name>
         <load_address>0x2392</load_address>
         <run_address>0x2392</run_address>
         <size>0xd6</size>
         <input_file_ref idref="fl-46"/>
      </object_component>
      <object_component id="oc-124">
         <name>.debug_abbrev</name>
         <load_address>0x2468</load_address>
         <run_address>0x2468</run_address>
         <size>0xa8</size>
         <input_file_ref idref="fl-47"/>
      </object_component>
      <object_component id="oc-12a">
         <name>.debug_abbrev</name>
         <load_address>0x2510</load_address>
         <run_address>0x2510</run_address>
         <size>0xd6</size>
         <input_file_ref idref="fl-48"/>
      </object_component>
      <object_component id="oc-171">
         <name>.debug_abbrev</name>
         <load_address>0x25e6</load_address>
         <run_address>0x25e6</run_address>
         <size>0xf</size>
      </object_component>
      <object_component id="oc-29">
         <name>.debug_aranges</name>
         <load_address>0x0</load_address>
         <run_address>0x0</run_address>
         <size>0x28</size>
         <input_file_ref idref="fl-5"/>
      </object_component>
      <object_component id="oc-2e">
         <name>.debug_aranges</name>
         <load_address>0x28</load_address>
         <run_address>0x28</run_address>
         <size>0x118</size>
         <input_file_ref idref="fl-6"/>
      </object_component>
      <object_component id="oc-33">
         <name>.debug_aranges</name>
         <load_address>0x140</load_address>
         <run_address>0x140</run_address>
         <size>0x1f0</size>
         <input_file_ref idref="fl-7"/>
      </object_component>
      <object_component id="oc-39">
         <name>.debug_aranges</name>
         <load_address>0x330</load_address>
         <run_address>0x330</run_address>
         <size>0x70</size>
         <input_file_ref idref="fl-8"/>
      </object_component>
      <object_component id="oc-40">
         <name>.debug_aranges</name>
         <load_address>0x3a0</load_address>
         <run_address>0x3a0</run_address>
         <size>0x110</size>
         <input_file_ref idref="fl-9"/>
      </object_component>
      <object_component id="oc-45">
         <name>.debug_aranges</name>
         <load_address>0x4b0</load_address>
         <run_address>0x4b0</run_address>
         <size>0x98</size>
         <input_file_ref idref="fl-a"/>
      </object_component>
      <object_component id="oc-4a">
         <name>.debug_aranges</name>
         <load_address>0x548</load_address>
         <run_address>0x548</run_address>
         <size>0x90</size>
         <input_file_ref idref="fl-b"/>
      </object_component>
      <object_component id="oc-51">
         <name>.debug_aranges</name>
         <load_address>0x5d8</load_address>
         <run_address>0x5d8</run_address>
         <size>0x138</size>
         <input_file_ref idref="fl-c"/>
      </object_component>
      <object_component id="oc-56">
         <name>.debug_aranges</name>
         <load_address>0x710</load_address>
         <run_address>0x710</run_address>
         <size>0x38</size>
         <input_file_ref idref="fl-d"/>
      </object_component>
      <object_component id="oc-5c">
         <name>.debug_aranges</name>
         <load_address>0x748</load_address>
         <run_address>0x748</run_address>
         <size>0xf0</size>
         <input_file_ref idref="fl-e"/>
      </object_component>
      <object_component id="oc-61">
         <name>.debug_aranges</name>
         <load_address>0x838</load_address>
         <run_address>0x838</run_address>
         <size>0xa0</size>
         <input_file_ref idref="fl-f"/>
      </object_component>
      <object_component id="oc-69">
         <name>.debug_aranges</name>
         <load_address>0x8d8</load_address>
         <run_address>0x8d8</run_address>
         <size>0x28</size>
         <input_file_ref idref="fl-10"/>
      </object_component>
      <object_component id="oc-6e">
         <name>.debug_aranges</name>
         <load_address>0x900</load_address>
         <run_address>0x900</run_address>
         <size>0x370</size>
         <input_file_ref idref="fl-11"/>
      </object_component>
      <object_component id="oc-73">
         <name>.debug_aranges</name>
         <load_address>0xc70</load_address>
         <run_address>0xc70</run_address>
         <size>0x50</size>
         <input_file_ref idref="fl-12"/>
      </object_component>
      <object_component id="oc-78">
         <name>.debug_aranges</name>
         <load_address>0xcc0</load_address>
         <run_address>0xcc0</run_address>
         <size>0x168</size>
         <input_file_ref idref="fl-13"/>
      </object_component>
      <object_component id="oc-7d">
         <name>.debug_aranges</name>
         <load_address>0xe28</load_address>
         <run_address>0xe28</run_address>
         <size>0x58</size>
         <input_file_ref idref="fl-14"/>
      </object_component>
      <object_component id="oc-82">
         <name>.debug_aranges</name>
         <load_address>0xe80</load_address>
         <run_address>0xe80</run_address>
         <size>0x20</size>
         <input_file_ref idref="fl-15"/>
      </object_component>
      <object_component id="oc-88">
         <name>.debug_aranges</name>
         <load_address>0xea0</load_address>
         <run_address>0xea0</run_address>
         <size>0x80</size>
         <input_file_ref idref="fl-16"/>
      </object_component>
      <object_component id="oc-8d">
         <name>.debug_aranges</name>
         <load_address>0xf20</load_address>
         <run_address>0xf20</run_address>
         <size>0x70</size>
         <input_file_ref idref="fl-17"/>
      </object_component>
      <object_component id="oc-92">
         <name>.debug_aranges</name>
         <load_address>0xf90</load_address>
         <run_address>0xf90</run_address>
         <size>0x20</size>
         <input_file_ref idref="fl-1b"/>
      </object_component>
      <object_component id="oc-97">
         <name>.debug_aranges</name>
         <load_address>0xfb0</load_address>
         <run_address>0xfb0</run_address>
         <size>0x20</size>
         <input_file_ref idref="fl-1c"/>
      </object_component>
      <object_component id="oc-9c">
         <name>.debug_aranges</name>
         <load_address>0xfd0</load_address>
         <run_address>0xfd0</run_address>
         <size>0x20</size>
         <input_file_ref idref="fl-1d"/>
      </object_component>
      <object_component id="oc-a1">
         <name>.debug_aranges</name>
         <load_address>0xff0</load_address>
         <run_address>0xff0</run_address>
         <size>0x20</size>
         <input_file_ref idref="fl-1e"/>
      </object_component>
      <object_component id="oc-a6">
         <name>.debug_aranges</name>
         <load_address>0x1010</load_address>
         <run_address>0x1010</run_address>
         <size>0x20</size>
         <input_file_ref idref="fl-1f"/>
      </object_component>
      <object_component id="oc-ab">
         <name>.debug_aranges</name>
         <load_address>0x1030</load_address>
         <run_address>0x1030</run_address>
         <size>0x20</size>
         <input_file_ref idref="fl-20"/>
      </object_component>
      <object_component id="oc-b0">
         <name>.debug_aranges</name>
         <load_address>0x1050</load_address>
         <run_address>0x1050</run_address>
         <size>0x20</size>
         <input_file_ref idref="fl-21"/>
      </object_component>
      <object_component id="oc-b5">
         <name>.debug_aranges</name>
         <load_address>0x1070</load_address>
         <run_address>0x1070</run_address>
         <size>0x20</size>
         <input_file_ref idref="fl-22"/>
      </object_component>
      <object_component id="oc-ba">
         <name>.debug_aranges</name>
         <load_address>0x1090</load_address>
         <run_address>0x1090</run_address>
         <size>0x20</size>
         <input_file_ref idref="fl-23"/>
      </object_component>
[...]
         <name>_SPI_setCharLength</name>
         <value>0xa166</value>
         <object_component_ref idref="oc-13b"/>
      </symbol>
      <symbol id="sm-314">
         <name>_SPI_disableTxFifoInt</name>
         <value>0xa1b6</value>
         <object_component_ref idref="oc-13b"/>
      </symbol>
      <symbol id="sm-315">
         <name>_SPI_enableTxFifoInt</name>
         <value>0xa18f</value>
         <object_component_ref idref="oc-13b"/>
      </symbol>
      <symbol id="sm-316">
         <name>_SPI_enableTxFifoEnh</name>
         <value>0xa193</value>
         <object_component_ref idref="oc-13b"/>
      </symbol>
      <symbol id="sm-317">
         <name>_SPI_disableRxFifoInt</name>
         <value>0xa1c1</value>
         <object_component_ref idref="oc-13b"/>
      </symbol>
      <symbol id="sm-318">
         <name>_SPI_init</name>
         <value>0xa17b</value>
         <object_component_ref idref="oc-13b"/>
      </symbol>
      <symbol id="sm-319">
         <name>_SPI_clearRxFifoInt</name>
         <value>0xa1d6</value>
         <object_component_ref idref="oc-13b"/>
      </symbol>
      <symbol id="sm-31a">
         <name>_SPI_resetChannels</name>
         <value>0xa174</value>
         <object_component_ref idref="oc-13b"/>
      </symbol>
      <symbol id="sm-31b">
         <name>_SPI_disableTx</name>
         <value>0xa1be</value>
         <object_component_ref idref="oc-13b"/>
      </symbol>
      <symbol id="sm-31c">
         <name>_SPI_setRxFifoIntLevel</name>
         <value>0xa150</value>
         <object_component_ref idref="oc-13b"/>
      </symbol>
      <symbol id="sm-31d">
         <name>_SPI_setTxDelay</name>
         <value>0xa138</value>
         <object_component_ref idref="oc-13b"/>
      </symbol>
      <symbol id="sm-31e">
         <name>_SPI_setMode</name>
         <value>0xa15e</value>
         <object_component_ref idref="oc-13b"/>
      </symbol>
      <symbol id="sm-31f">
         <name>_SPI_setTxFifoIntLevel</name>
         <value>0xa131</value>
         <object_component_ref idref="oc-13b"/>
      </symbol>
      <symbol id="sm-320">
         <name>_SPI_setBaudRate</name>
         <value>0xa16a</value>
         <object_component_ref idref="oc-13b"/>
      </symbol>
      <symbol id="sm-321">
         <name>_SPI_reset</name>
         <value>0xa178</value>
         <object_component_ref idref="oc-13b"/>
      </symbol>
      <symbol id="sm-322">
         <name>_SPI_setSuspend</name>
         <value>0xa142</value>
         <object_component_ref idref="oc-13b"/>
      </symbol>
      <symbol id="sm-323">
         <name>_SPI_setClkPolarity</name>
         <value>0xa160</value>
         <object_component_ref idref="oc-13b"/>
      </symbol>
      <symbol id="sm-324">
         <name>_SPI_enableTx</name>
         <value>0xa19b</value>
         <object_component_ref idref="oc-13b"/>
      </symbol>
      <symbol id="sm-325">
         <name>_SPI_enableLoopBack</name>
         <value>0xa1a9</value>
         <object_component_ref idref="oc-13b"/>
      </symbol>
      <symbol id="sm-326">
         <name>_SPI_clearRxFifoOvf</name>
         <value>0xa1d2</value>
         <object_component_ref idref="oc-13b"/>
      </symbol>
      <symbol id="sm-327">
         <name>_SPI_clearTxFifoInt</name>
         <value>0xa1ce</value>
         <object_component_ref idref="oc-13b"/>
      </symbol>
      <symbol id="sm-328">
         <name>_SPI_setSteInv</name>
         <value>0xa149</value>
         <object_component_ref idref="oc-13b"/>
      </symbol>
      <symbol id="sm-329">
         <name>_SPI_enableRxFifoInt</name>
         <value>0xa19e</value>
         <object_component_ref idref="oc-13b"/>
      </symbol>
      <symbol id="sm-32a">
         <name>_SPI_getTxFifoStatus</name>
         <value>0xa181</value>
         <object_component_ref idref="oc-13b"/>
      </symbol>
      <symbol id="sm-32b">
         <name>_SPI_setTriWire</name>
         <value>0xa13b</value>
         <object_component_ref idref="oc-13b"/>
      </symbol>
      <symbol id="sm-32c">
         <name>_SPI_disableInt</name>
         <value>0xa1cb</value>
         <object_component_ref idref="oc-13b"/>
      </symbol>
      <symbol id="sm-32d">
         <name>_SPI_enableTxFifo</name>
         <value>0xa197</value>
         <object_component_ref idref="oc-13b"/>
      </symbol>
      <symbol id="sm-32e">
         <name>_SPI_enableRxFifo</name>
         <value>0xa1a2</value>
         <object_component_ref idref="oc-13b"/>
      </symbol>
      <symbol id="sm-32f">
         <name>_SPI_enableInt</name>
         <value>0xa1ac</value>
         <object_component_ref idref="oc-13b"/>
      </symbol>
      <symbol id="sm-33d">
         <name>_TIMER_setEmulationMode</name>
         <value>0xa6eb</value>
         <object_component_ref idref="oc-13a"/>
      </symbol>
      <symbol id="sm-33e">
         <name>_TIMER_disableInt</name>
         <value>0xa709</value>
         <object_component_ref idref="oc-13a"/>
      </symbol>
      <symbol id="sm-33f">
         <name>_TIMER_setPreScaler</name>
         <value>0xa6dd</value>
         <object_component_ref idref="oc-13a"/>
      </symbol>
      <symbol id="sm-340">
         <name>_TIMER_setDecimationFactor</name>
         <value>0xa6ef</value>
         <object_component_ref idref="oc-13a"/>
      </symbol>
      <symbol id="sm-341">
         <name>_TIMER_getStatus</name>
         <value>0xa703</value>
         <object_component_ref idref="oc-13a"/>
      </symbol>
      <symbol id="sm-342">
         <name>_TIMER_init</name>
         <value>0xa6fd</value>
         <object_component_ref idref="oc-13a"/>
      </symbol>
      <symbol id="sm-343">
         <name>_TIMER_clearFlag</name>
         <value>0xa70c</value>
         <object_component_ref idref="oc-13a"/>
      </symbol>
      <symbol id="sm-344">
         <name>_TIMER_enableInt</name>
         <value>0xa706</value>
         <object_component_ref idref="oc-13a"/>
      </symbol>
      <symbol id="sm-350">
         <name>_usDelay</name>
         <value>0x13e</value>
         <object_component_ref idref="oc-7e"/>
      </symbol>
      <symbol id="sm-361">
         <name>_USER_computeFlux_pu_to_VpHz_sf</name>
         <value>0x921f</value>
         <object_component_ref idref="oc-136"/>
      </symbol>
      <symbol id="sm-362">
         <name>_USER_calcPIgains</name>
         <value>0x926d</value>
         <object_component_ref idref="oc-136"/>
      </symbol>
      <symbol id="sm-363">
         <name>_USER_computeTorque_Ls_Id_Iq_pu_to_Nm_sf</name>
         <value>0x916d</value>
         <object_component_ref idref="oc-136"/>
      </symbol>
      <symbol id="sm-364">
         <name>_USER_computeTorque_lbin</name>
         <value>0x90c8</value>
         <object_component_ref idref="oc-136"/>
      </symbol>
      <symbol id="sm-365">
         <name>_USER_getErrorCode</name>
         <value>0x90c5</value>
         <object_component_ref idref="oc-136"/>
      </symbol>
      <symbol id="sm-366">
         <name>_USER_computeFlux</name>
         <value>0x925b</value>
         <object_component_ref idref="oc-136"/>
      </symbol>
      <symbol id="sm-367">
         <name>_USER_checkForErrors</name>
         <value>0x9269</value>
         <object_component_ref idref="oc-136"/>
      </symbol>
      <symbol id="sm-368">
         <name>_USER_computeFlux_pu_to_Wb_sf</name>
         <value>0x91e3</value>
         <object_component_ref idref="oc-136"/>
      </symbol>
      <symbol id="sm-369">
         <name>_USER_computeTorque_Flux_Iq_pu_to_Nm_sf</name>
         <value>0x91a7</value>
         <object_component_ref idref="oc-136"/>
      </symbol>
      <symbol id="sm-36a">
         <name>_USER_softwareUpdate1p6</name>
         <value>0x8f01</value>
         <object_component_ref idref="oc-136"/>
      </symbol>
      <symbol id="sm-36b">
         <name>_USER_setErrorCode</name>
         <value>0x90c2</value>
         <object_component_ref idref="oc-136"/>
      </symbol>
      <symbol id="sm-36c">
         <name>_USER_setParams</name>
         <value>0x8f84</value>
         <object_component_ref idref="oc-136"/>
      </symbol>
      <symbol id="sm-36d">
         <name>_USER_computeTorque_Nm</name>
         <value>0x9120</value>
         <object_component_ref idref="oc-136"/>
      </symbol>
      <symbol id="sm-37b">
         <name>_WDOG_disableInt</name>
         <value>0xa683</value>
         <object_component_ref idref="oc-144"/>
      </symbol>
      <symbol id="sm-37c">
         <name>_WDOG_setPreScaler</name>
         <value>0xa653</value>
         <object_component_ref idref="oc-144"/>
      </symbol>
      <symbol id="sm-37d">
         <name>_WDOG_enableInt</name>
         <value>0xa66e</value>
         <object_component_ref idref="oc-144"/>
      </symbol>
      <symbol id="sm-37e">
         <name>_WDOG_enable</name>
         <value>0xa674</value>
         <object_component_ref idref="oc-144"/>
      </symbol>
      <symbol id="sm-37f">
         <name>_WDOG_setCount</name>
         <value>0xa65d</value>
         <object_component_ref idref="oc-144"/>
      </symbol>
      <symbol id="sm-380">
         <name>_WDOG_init</name>
         <value>0xa65f</value>
         <object_component_ref idref="oc-144"/>
      </symbol>
      <symbol id="sm-381">
         <name>_WDOG_getIntStatus</name>
         <value>0xa665</value>
         <object_component_ref idref="oc-144"/>
      </symbol>
      <symbol id="sm-382">
         <name>_WDOG_disable</name>
         <value>0xa689</value>
         <object_component_ref idref="oc-144"/>
      </symbol>
      <symbol id="sm-383">
         <name>_WDOG_enableOverRide</name>
         <value>0xa668</value>
         <object_component_ref idref="oc-144"/>
      </symbol>
      <symbol id="sm-384">
         <name>_WDOG_disableOverRide</name>
         <value>0xa67d</value>
         <object_component_ref idref="oc-144"/>
      </symbol>
      <symbol id="sm-385">
         <name>_WDOG_clearCounter</name>
         <value>0xa691</value>
         <object_component_ref idref="oc-144"/>
      </symbol>
      <symbol id="sm-399">
         <name>FD$$MPY</name>
         <value>0xa1da</value>
         <object_component_ref idref="oc-8e"/>
      </symbol>
      <symbol id="sm-3a8">
         <name>FD$$TOL</name>
         <value>0xa7f0</value>
         <object_component_ref idref="oc-93"/>
      </symbol>
      <symbol id="sm-3b9">
         <name>FS$$DIV</name>
         <value>0xa25d</value>
         <object_component_ref idref="oc-98"/>
      </symbol>
      <symbol id="sm-3ca">
         <name>FS$$MPY</name>
         <value>0xa55f</value>
         <object_component_ref idref="oc-9d"/>
      </symbol>
      <symbol id="sm-3d7">
         <name>FS$$NEG</name>
         <value>0xa908</value>
         <object_component_ref idref="oc-a2"/>
      </symbol>
      <symbol id="sm-3e7">
         <name>FS$$TOFD</name>
         <value>0xa82c</value>
         <object_component_ref idref="oc-a7"/>
      </symbol>
      <symbol id="sm-3f8">
         <name>FS$$TOI</name>
         <value>0xa78a</value>
         <object_component_ref idref="oc-ac"/>
      </symbol>
      <symbol id="sm-409">
         <name>FS$$TOU</name>
         <value>0xa80f</value>
         <object_component_ref idref="oc-b1"/>
      </symbol>
      <symbol id="sm-41a">
         <name>FS$$TOUL</name>
         <value>0xa7af</value>
         <object_component_ref idref="oc-b6"/>
      </symbol>
      <symbol id="sm-429">
         <name>I$$TOFS</name>
         <value>0xa862</value>
         <object_component_ref idref="oc-bb"/>
      </symbol>
      <symbol id="sm-437">
         <name>U$$TOFS</name>
         <value>0xa8d9</value>
         <object_component_ref idref="oc-c0"/>
      </symbol>
      <symbol id="sm-447">
         <name>UL$$TOFS</name>
         <value>0xa8c6</value>
         <object_component_ref idref="oc-c5"/>
      </symbol>
      <symbol id="sm-449">
         <name>_CTRL_setGains</name>
         <value>0x3fa83e</value>
      </symbol>
      <symbol id="sm-44b">
         <name>_EST_getFlux_pu</name>
         <value>0x3f96ab</value>
      </symbol>
      <symbol id="sm-44d">
         <name>_EST_getLs_coarse_max_pu</name>
         <value>0x3f95ff</value>
      </symbol>
      <symbol id="sm-44f">
         <name>_EST_getLs_d_H</name>
         <value>0x3f95f5</value>
      </symbol>
      <symbol id="sm-451">
         <name>_EST_getLs_d_pu</name>
         <value>0x3f95f0</value>
      </symbol>
      <symbol id="sm-453">
         <name>_EST_getLs_q_H</name>
         <value>0x3f95ce</value>
      </symbol>
      <symbol id="sm-455">
         <name>_EST_getLs_q_pu</name>
         <value>0x3f95c9</value>
      </symbol>
      <symbol id="sm-457">
         <name>_EST_getRs_Ohm</name>
         <value>0x3f9513</value>
      </symbol>
      <symbol id="sm-459">
         <name>_EST_setLs_d_pu</name>
         <value>0x3f8b45</value>
      </symbol>
      <symbol id="sm-45b">
         <name>_EST_setLs_qFmt</name>
         <value>0x3f8af1</value>
      </symbol>
      <symbol id="sm-45d">
         <name>_EST_setLs_q_pu</name>
         <value>0x3f8ae7</value>
      </symbol>
      <symbol id="sm-45f">
         <name>_OFFSET_init</name>
         <value>0x3fb4dc</value>
      </symbol>
      <symbol id="sm-461">
         <name>_OFFSET_setBeta</name>
         <value>0x3fb4c6</value>
      </symbol>
      <symbol id="sm-463">
         <name>_OFFSET_setInitCond</name>
         <value>0x3fb4bd</value>
      </symbol>
      <symbol id="sm-465">
         <name>_OFFSET_setOffset</name>
         <value>0x3fb4bb</value>
      </symbol>
      <symbol id="sm-46f">
         <name>__IQ30toF</name>
         <value>0xabce</value>
         <object_component_ref idref="oc-ca"/>
      </symbol>
      <symbol id="sm-48a">
         <name>_c_int00</name>
         <value>0xa5b9</value>
         <object_component_ref idref="oc-14"/>
      </symbol>
      <symbol id="sm-48b">
         <name>__stack</name>
         <value>0x400</value>
         <object_component_ref idref="oc-cb"/>
      </symbol>
      <symbol id="sm-49b">
         <name>__args_main</name>
         <value>0xa896</value>
         <object_component_ref idref="oc-12f"/>
      </symbol>
      <symbol id="sm-4a8">
         <name>__system_post_cinit</name>
         <value>0xa90f</value>
         <object_component_ref idref="oc-12e"/>
      </symbol>
      <symbol id="sm-4b5">
         <name>__system_pre_init</name>
         <value>0xa90d</value>
         <object_component_ref idref="oc-12c"/>
      </symbol>
      <symbol id="sm-4ce">
         <name>_ceilf</name>
         <value>0xa3cb</value>
         <object_component_ref idref="oc-148"/>
      </symbol>
      <symbol id="sm-4cf">
         <name>_ceil</name>
         <value>0xa3cb</value>
         <object_component_ref idref="oc-148"/>
      </symbol>
      <symbol id="sm-4e9">
         <name>FS$$ADD</name>
         <value>0xa2e5</value>
         <object_component_ref idref="oc-e6"/>
      </symbol>
      <symbol id="sm-4ea">
         <name>FS$$SUB</name>
         <value>0xa2e0</value>
         <object_component_ref idref="oc-e6"/>
      </symbol>
      <symbol id="sm-4fc">
         <name>FS$$CMP</name>
         <value>0xa8af</value>
         <object_component_ref idref="oc-eb"/>
      </symbol>
      <symbol id="sm-512">
         <name>_copy_in</name>
         <value>0xa60d</value>
         <object_component_ref idref="oc-12d"/>
      </symbol>
      <symbol id="sm-521">
         <name>_ppcopy</name>
         <value>0xa848</value>
         <object_component_ref idref="oc-f5"/>
      </symbol>
      <symbol id="sm-522">
         <name>_dpcopy</name>
         <value>0xa848</value>
         <object_component_ref idref="oc-f5"/>
      </symbol>
      <symbol id="sm-523">
         <name>_pdcopy</name>
         <value>0xa848</value>
         <object_component_ref idref="oc-f5"/>
      </symbol>
      <symbol id="sm-524">
         <name>_ddcopy</name>
         <value>0xa848</value>
         <object_component_ref idref="oc-f5"/>
      </symbol>
      <symbol id="sm-539">
         <name>C$$EXIT</name>
         <value>0xa73c</value>
         <object_component_ref idref="oc-130"/>
      </symbol>
      <symbol id="sm-53a">
         <name>_exit</name>
         <value>0xa73e</value>
         <object_component_ref idref="oc-130"/>
      </symbol>
      <symbol id="sm-53b">
         <name>___TI_cleanup_ptr</name>
         <value>0xa912</value>
         <object_component_ref idref="oc-fc"/>
      </symbol>
      <symbol id="sm-53c">
         <name>___TI_enable_exit_profile_output</name>
         <value>0xa910</value>
         <object_component_ref idref="oc-fc"/>
      </symbol>
      <symbol id="sm-53d">
         <name>_abort</name>
         <value>0xa73c</value>
         <object_component_ref idref="oc-130"/>
      </symbol>
      <symbol id="sm-53e">
         <name>___TI_dtors_ptr</name>
         <value>0xa914</value>
         <object_component_ref idref="oc-fc"/>
      </symbol>
      <symbol id="sm-553">
         <name>__unlock</name>
         <value>0xa918</value>
         <object_component_ref idref="oc-14a"/>
      </symbol>
      <symbol id="sm-554">
         <name>__lock</name>
         <value>0xa916</value>
         <object_component_ref idref="oc-133"/>
      </symbol>
      <symbol id="sm-555">
         <name>__register_lock</name>
         <value>0xa8ed</value>
         <object_component_ref idref="oc-137"/>
      </symbol>
      <symbol id="sm-556">
         <name>__nop</name>
         <value>0xa8f1</value>
         <object_component_ref idref="oc-137"/>
      </symbol>
      <symbol id="sm-557">
         <name>__register_unlock</name>
         <value>0xa8e9</value>
         <object_component_ref idref="oc-137"/>
      </symbol>
      <symbol id="sm-581">
         <name>_logf</name>
         <value>0x9c77</value>
         <object_component_ref idref="oc-147"/>
      </symbol>
      <symbol id="sm-582">
         <name>_log</name>
         <value>0x9c77</value>
         <object_component_ref idref="oc-147"/>
      </symbol>
      <symbol id="sm-591">
         <name>L$$TOFS</name>
         <value>0xa87c</value>
         <object_component_ref idref="oc-10c"/>
      </symbol>
      <symbol id="sm-59c">
         <name>_errno</name>
         <value>0xa91d</value>
         <object_component_ref idref="oc-113"/>
      </symbol>
      <symbol id="sm-5f9">
         <name>_powf</name>
         <value>0x8acf</value>
         <object_component_ref idref="oc-149"/>
      </symbol>
      <symbol id="sm-5fa">
         <name>_pow</name>
         <value>0x8acf</value>
         <object_component_ref idref="oc-149"/>
      </symbol>
      <symbol id="sm-614">
         <name>_scalbn</name>
         <value>0xa436</value>
         <object_component_ref idref="oc-14f"/>
      </symbol>
      <symbol id="sm-615">
         <name>_ldexp</name>
         <value>0xa436</value>
         <object_component_ref idref="oc-14f"/>
      </symbol>
      <symbol id="sm-616">
         <name>_scalbnf</name>
         <value>0xa436</value>
         <object_component_ref idref="oc-14f"/>
      </symbol>
      <symbol id="sm-617">
         <name>_ldexpf</name>
         <value>0xa436</value>
         <object_component_ref idref="oc-14f"/>
      </symbol>
      <symbol id="sm-624">
         <name>_copysignf</name>
         <value>0xa8f2</value>
         <object_component_ref idref="oc-150"/>
      </symbol>
      <symbol id="sm-625">
         <name>_copysign</name>
         <value>0xa8f2</value>
         <object_component_ref idref="oc-150"/>
      </symbol>
      <symbol id="sm-641">
         <name>_sqrtf</name>
         <value>0xa358</value>
         <object_component_ref idref="oc-14b"/>
      </symbol>
      <symbol id="sm-642">
         <name>_sqrt</name>
         <value>0xa358</value>
         <object_component_ref idref="oc-14b"/>
      </symbol>
   </symbol_table>
   <title>Link successful</title>
</link_info>
