******************************************************************************
             TMS320C2000 Linker Unix v15.12.3                  
******************************************************************************
>> Linked Fri Nov  4 11:29:13 2016

OUTPUT FILE NAME:   <proj_lab01.out>
ENTRY POINT SYMBOL: "_c_int00"  address: 0000a5b9


MEMORY CONFIGURATION

         name            origin    length      used     unused   attr    fill
----------------------  --------  ---------  --------  --------  ----  --------
PAGE 0:
  BEGIN                 00000000   00000002  00000002  00000000  RWIX
  RAMM0                 00000050   000003b0  000000f2  000002be  RWIX
  RAML0_L8              00008000   0000b800  00002be2  00008c1e  RWIX
  FPUTABLES             003fd590   000006a0  00000000  000006a0  RWIX
  IQTABLES              003fdc30   00000b50  00000000  00000b50  RWIX
  IQTABLES2             003fe780   0000008c  00000000  0000008c  RWIX
  IQTABLES3             003fe80c   000000aa  00000000  000000aa  RWIX
  BOOTROM               003ff3b0   00000c10  00000000  00000c10  RWIX
  RESET                 003fffc0   00000002  00000000  00000002  RWIX

PAGE 1:
  BOOT_RSVD             00000002   0000004e  00000000  0000004e  RWIX
  RAMM1                 00000400   00000400  000003b0  00000050  RWIX
  USB_RAM               00040000   00000800  00000000  00000800  RWIX


SECTION ALLOCATION MAP

 output                                  attributes/
section   page    origin      length       input sections
--------  ----  ----------  ----------   ----------------
codestart 
*          0    00000000    00000002     
                  00000000    00000002     CodeStartBranch.obj (codestart)

.cinit     0    00000050    000000bc     
                  00000050    0000009a     proj_lab01.obj (.cinit)
                  000000ea    0000000e     rts2800_ml.lib : exit.obj (.cinit)
                  000000f8    00000005                    : _lock.obj (.cinit:__lock)
                  000000fd    00000005                    : _lock.obj (.cinit:__unlock)
                  00000102    00000004     drv8301.obj (.cinit)
                  00000106    00000004     rts2800_ml.lib : errno.obj (.cinit)
                  0000010a    00000002     --HOLE-- [fill = 0]

ramfuncs   0    0000010c    00000036     
                  0000010c    00000032     flash.obj (ramfuncs)
                  0000013e    00000004     usDelay.obj (ramfuncs)

.text      0    00008000    00002910     
                  00008000    00000acf     hal.obj (.text)
                  00008acf    00000432     rts2800_ml.lib : e_powf.obj (.text)
                  00008f01    0000042d     user.obj (.text)
                  0000932e    000002f6     pwm.obj (.text)
                  00009624    000002d1     drv8301.obj (.text)
                  000098f5    000001f8     adc.obj (.text)
                  00009aed    0000018a     clk.obj (.text)
                  00009c77    00000188     rts2800_ml.lib : e_logf.obj (.text)
                  00009dff    00000181     gpio.obj (.text)
                  00009f80    000000ff     pie.obj (.text)
                  0000a07f    000000b2     proj_lab01.obj (.text:retain)
                  0000a131    000000a9     spi.obj (.text)
                  0000a1da    00000083     rts2800_ml.lib : fd_mpy.obj (.text)
                  0000a25d    00000083                    : fs_div.obj (.text)
                  0000a2e0    00000078                    : fs_add.obj (.text)
                  0000a358    00000073                    : e_sqrtf.obj (.text)
                  0000a3cb    0000006b                    : s_ceilf.obj (.text)
                  0000a436    00000069                    : s_scalbnf.obj (.text)
                  0000a49f    00000065     proj_lab01.obj (.text)
                  0000a504    0000005b     pll.obj (.text)
                  0000a55f    0000005a     rts2800_ml.lib : fs_mpy.obj (.text)
                  0000a5b9    00000054                    : boot.obj (.text)
                  0000a60d    00000046                    : cpy_tbl.obj (.text)
                  0000a653    00000046     wdog.obj (.text)
                  0000a699    00000044     pwr.obj (.text)
                  0000a6dd    00000032     timer.obj (.text)
                  0000a70f    0000002d     osc.obj (.text)
                  0000a73c    00000029     rts2800_ml.lib : exit.obj (.text)
                  0000a765    00000025     cpu.obj (.text)
                  0000a78a    00000025     rts2800_ml.lib : fs_toi.obj (.text)
                  0000a7af    00000021                    : fs_toul.obj (.text)
                  0000a7d0    00000020     flash.obj (.text)
                  0000a7f0    0000001f     rts2800_ml.lib : fd_tol.obj (.text)
                  0000a80f    0000001d                    : fs_tou.obj (.text)
                  0000a82c    0000001c                    : fs_tofd.obj (.text)
                  0000a848    0000001a                    : cpy_utils.obj (.text)
                  0000a862    0000001a                    : i_tofs.obj (.text)
                  0000a87c    0000001a                    : l_tofs.obj (.text)
                  0000a896    00000019                    : args_main.obj (.text)
                  0000a8af    00000017                    : fs_cmp.obj (.text)
                  0000a8c6    00000013                    : ul_tofs.obj (.text)
                  0000a8d9    00000010                    : u_tofs.obj (.text)
                  0000a8e9    00000009                    : _lock.obj (.text)
                  0000a8f2    00000009                    : s_copysignf.obj (.text)
                  0000a8fb    00000008     CodeStartBranch.obj (.text)
                  0000a903    00000005     pie.obj (.text:retain)
                  0000a908    00000005     rts2800_ml.lib : fs_neg.obj (.text)
                  0000a90d    00000002                    : pre_init.obj (.text)
                  0000a90f    00000001                    : startup.obj (.text)

.pinit     0    00000050    00000000     UNINITIALIZED

.reset     0    003fffc0    00000002     DSECT
                  003fffc0    00000002     rts2800_ml.lib : boot.obj (.reset)

.ebss      0    0000a910    00000258     UNINITIALIZED
                  0000a910    00000006     rts2800_ml.lib : exit.obj (.ebss)
                  0000a916    00000002                    : _lock.obj (.ebss:__lock)
                  0000a918    00000002                    : _lock.obj (.ebss:__unlock)
                  0000a91a    00000002     drv8301.obj (.ebss)
                  0000a91c    00000001     cpu.obj (.ebss)
                  0000a91d    00000001     rts2800_ml.lib : errno.obj (.ebss)
                  0000a91e    00000022     --HOLE--
                  0000a940    0000016c     proj_lab01.obj (.ebss)
                  0000aaac    00000014     --HOLE--
                  0000aac0    000000a8     hal.obj (.ebss)

.econst    0    0000ab68    00000066     
                  0000ab68    00000032     rts2800_ml.lib : e_powf.obj (.econst)
                  0000ab9a    00000010                    : e_logf.obj (.econst)
                  0000abaa    00000008     user.obj (.econst)
                  0000abb2    00000006     rts2800_ml.lib : s_scalbnf.obj (.econst)
                  0000abb8    00000004                    : e_powf.obj (.econst:_bp)
                  0000abbc    00000004                    : e_powf.obj (.econst:_dp_h)
                  0000abc0    00000004                    : e_powf.obj (.econst:_dp_l)
                  0000abc4    00000004     hal.obj (.econst)
                  0000abc8    00000004     rts2800_ml.lib : e_sqrtf.obj (.econst)
                  0000abcc    00000002                    : s_ceilf.obj (.econst)

.stack     1    00000400    000003b0     UNINITIALIZED
                  00000400    000003b0     --HOLE--

IQmath     0    0000abce    00000014     
                  0000abce    00000014     IQmath.lib : IQ30toF.obj (IQmath)

MODULE SUMMARY

       Module                code    ro data   rw data
       ------                ----    -------   -------
    ./
       hal.obj               2767    0         172    
       user.obj              1069    0         8      
       proj_lab01.obj        279     0         518    
       pwm.obj               758     0         0      
       drv8301.obj           721     0         6      
       adc.obj               504     0         0      
       clk.obj               394     0         0      
       gpio.obj              385     0         0      
       pie.obj               260     0         0      
       spi.obj               169     0         0      
       pll.obj               91      0         0      
       flash.obj             82      0         0      
       wdog.obj              70      0         0      
       pwr.obj               68      0         0      
       timer.obj             50      0         0      
       osc.obj               45      0         0      
       cpu.obj               37      0         1      
       CodeStartBranch.obj   10      0         0      
       usDelay.obj           4       0         0      
    +--+---------------------+-------+---------+---------+
       Total:                7763    0         705    
                                                      
    /home/scottm/Projects/instaspin/MotorWare_1_01_00_17/sw/modules/iqmath/lib/f28x/32b/IQmath.lib
       IQ30toF.obj           0       0         20     
    +--+---------------------+-------+---------+---------+
       Total:                0       0         20     
                                                      
    /home/scottm/ti/ccsv6/tools/compiler/c2000_15.12.3.LTS/lib/rts2800_ml.lib
       e_powf.obj            1074    0         62     
       e_logf.obj            392     0         16     
       fd_mpy.obj            131     0         0      
       fs_div.obj            131     0         0      
       fs_add.obj            120     0         0      
       e_sqrtf.obj           115     0         4      
       s_scalbnf.obj         105     0         6      
       s_ceilf.obj           107     0         2      
       fs_mpy.obj            90      0         0      
       boot.obj              84      0         0      
       cpy_tbl.obj           70      0         0      
       exit.obj              41      0         20     
       fs_toi.obj            37      0         0      
       fs_toul.obj           33      0         0      
       fd_tol.obj            31      0         0      
       fs_tou.obj            29      0         0      
       fs_tofd.obj           28      0         0      
       cpy_utils.obj         26      0         0      
       i_tofs.obj            26      0         0      
       l_tofs.obj            26      0         0      
       args_main.obj         25      0         0      
       _lock.obj             9       0         14     
       fs_cmp.obj            23      0         0      
       ul_tofs.obj           19      0         0      
       u_tofs.obj            16      0         0      
       s_copysignf.obj       9       0         0      
       errno.obj             0       0         5      
       fs_neg.obj            5       0         0      
       pre_init.obj          2       0         0      
       startup.obj           1       0         0      
    +--+---------------------+-------+---------+---------+
       Total:                2805    0         129    
                                                      
       Stack:                0       0         944    
    +--+---------------------+-------+---------+---------+
       Grand Total:          10568   0         1798   


GLOBAL DATA SYMBOLS: SORTED BY DATA PAGE

address     data page           name
--------    ----------------    ----
00000400      10 (00000400)     __stack

0000a910     2a4 (0000a900)     ___TI_enable_exit_profile_output
0000a912     2a4 (0000a900)     ___TI_cleanup_ptr
0000a914     2a4 (0000a900)     ___TI_dtors_ptr
0000a916     2a4 (0000a900)     __lock
0000a918     2a4 (0000a900)     __unlock
0000a91c     2a4 (0000a900)     _cpu
0000a91d     2a4 (0000a900)     _errno

0000a940     2a5 (0000a940)     _halHandle
0000a942     2a5 (0000a940)     _gLEDcnt
0000a944     2a5 (0000a940)     _gPwmData
0000a94a     2a5 (0000a940)     _gAdcData
0000a958     2a5 (0000a940)     _gDrvSpi8301Vars

0000a980     2a6 (0000a980)     _gMotorVars

0000aa00     2a8 (0000aa00)     _gUserParams

0000aac0     2ab (0000aac0)     _hal

0000abce     2af (0000abc0)     __IQ30toF


GLOBAL SYMBOLS: SORTED ALPHABETICALLY BY Name 

page  address   name                                             
----  -------   ----                                             
0     00008000  .text                                            
0     0000a73c  C$$EXIT                                          
0     0000a1da  FD$$MPY                                          
0     0000a7f0  FD$$TOL                                          
0     0000a2e5  FS$$ADD                                          
0     0000a8af  FS$$CMP                                          
0     0000a25d  FS$$DIV                                          
0     0000a55f  FS$$MPY                                          
0     0000a908  FS$$NEG                                          
0     0000a2e0  FS$$SUB                                          
0     0000a82c  FS$$TOFD                                         
0     0000a78a  FS$$TOI                                          
0     0000a80f  FS$$TOU                                          
0     0000a7af  FS$$TOUL                                         
0     0000a862  I$$TOFS                                          
0     0000a87c  L$$TOFS                                          
0     0000a8d9  U$$TOFS                                          
0     0000a8c6  UL$$TOFS                                         
0     00009ae3  _ADC_disable                                     
0     00009ad9  _ADC_disableBandGap                              
0     00009ac2  _ADC_disableInt                                  
0     00009ab8  _ADC_disableNoOverlapMode                        
0     00009aae  _ADC_disableRefBuffers                           
0     00009aa4  _ADC_disableVoltRefLoConv                        
0     00009a9a  _ADC_enable                                      
0     00009a90  _ADC_enableBandGap                               
0     00009a7a  _ADC_enableInt                                   
0     00009a70  _ADC_enableNoOverlapMode                         
0     00009a66  _ADC_enableRefBuffers                            
0     00009a5c  _ADC_enableVoltRefLoConv                         
0     00009a52  _ADC_getDivideSelect                             
0     00009a4a  _ADC_init                                        
0     00009a40  _ADC_powerDown                                   
0     00009a36  _ADC_powerUp                                     
0     00009a2c  _ADC_reset                                       
0     00009a1b  _ADC_setDivideSelect                             
0     000099fa  _ADC_setIntMode                                  
0     000099e9  _ADC_setIntPulseGenMode                          
0     000099c8  _ADC_setIntSrc                                   
0     000099be  _ADC_setOffTrim                                  
0     000099a7  _ADC_setSampleMode                               
0     00009994  _ADC_setSampleOverlapMode                        
0     00009980  _ADC_setSocChanNumber                            
0     00009973  _ADC_setSocFrc                                   
0     00009969  _ADC_setSocFrcWord                               
0     00009955  _ADC_setSocSampleDelay                           
0     00009941  _ADC_setSocTrigSrc                               
0     00009930  _ADC_setTempSensorSrc                            
0     0000991f  _ADC_setVoltRefSrc                               
0     000098f5  _ADC_setupSocTrigSrc                             
0     00009c70  _CLK_disableAdcClock                             
0     00009c69  _CLK_disableClaClock                             
0     00009c63  _CLK_disableClkIn                                
0     00009c5f  _CLK_disableCompClock                            
0     00009c58  _CLK_disableCpuTimerClock                        
0     00009c52  _CLK_disableCrystalOsc                           
0     00009c4b  _CLK_disableEcanaClock                           
0     00009c44  _CLK_disableEcap1Clock                           
0     00009c3d  _CLK_disableEqep1Clock                           
0     00009c36  _CLK_disableEqep2Clock                           
0     00009c2f  _CLK_disableGpioInputClock                       
0     00009c28  _CLK_disableHrPwmClock                           
0     00009c21  _CLK_disableI2cClock                             
0     00009c1a  _CLK_disableLinAClock                            
0     00009c14  _CLK_disableOsc1                                 
0     00009c0e  _CLK_disableOsc1HaltMode                         
0     00009c08  _CLK_disableOsc2                                 
0     00009c02  _CLK_disableOsc2HaltMode                         
0     00009bf8  _CLK_disablePwmClock                             
0     00009bf1  _CLK_disableSciaClock                            
0     00009bea  _CLK_disableScibClock                            
0     00009be3  _CLK_disableSpiaClock                            
0     00009bdf  _CLK_disableSpibClock                            
0     00009bd8  _CLK_disableTbClockSync                          
0     00009bd2  _CLK_disableWatchDogHaltMode                     
0     00009bcb  _CLK_enableAdcClock                              
0     00009bc4  _CLK_enableClaClock                              
0     00009bbe  _CLK_enableClkIn                                 
0     00009bb8  _CLK_enableCompClock                             
0     00009bb2  _CLK_enableCpuTimerClock                         
0     00009bac  _CLK_enableCrystalOsc                            
0     00009ba5  _CLK_enableEcanaClock                            
0     00009b9e  _CLK_enableEcap1Clock                            
0     00009b97  _CLK_enableEqep1Clock                            
0     00009b90  _CLK_enableEqep2Clock                            
0     00009b89  _CLK_enableGpioInputClock                        
0     00009b82  _CLK_enableHrPwmClock                            
0     00009b7b  _CLK_enableI2cClock                              
0     00009b74  _CLK_enableLinAClock                             
0     00009b6e  _CLK_enableOsc1                                  
0     00009b68  _CLK_enableOsc1HaltMode                          
0     00009b62  _CLK_enableOsc2                                  
0     00009b5c  _CLK_enableOsc2HaltMode                          
0     00009b53  _CLK_enablePwmClock                              
0     00009b4c  _CLK_enableSciaClock                             
0     00009b45  _CLK_enableScibClock                             
0     00009b3e  _CLK_enableSpiaClock                             
0     00009b37  _CLK_enableSpibClock                             
0     00009b30  _CLK_enableTbClockSync                           
0     00009b2a  _CLK_enableWatchDogHaltMode                      
0     00009b24  _CLK_init                                        
0     00009b1d  _CLK_setClkOutPreScaler                          
0     00009b17  _CLK_setLowSpdPreScaler                          
0     00009b10  _CLK_setOsc2Src                                  
0     00009b09  _CLK_setOscSrc                                   
0     00009b02  _CLK_setTimer2PreScale                           
0     00009afb  _CLK_setTimer2Src                                
0     00009af4  _CLK_setWatchDogSrc                              
0     00009aed  _CLK_setXClkInSrc                                
0     0000a787  _CPU_clearIntFlags                               
0     0000a784  _CPU_disableDebugInt                             
0     0000a781  _CPU_disableGlobalInts                           
0     0000a77c  _CPU_disableInt                                  
0     0000a779  _CPU_disableInts                                 
0     0000a776  _CPU_disableProtectedRegisterWrite               
0     0000a773  _CPU_enableDebugInt                              
0     0000a770  _CPU_enableGlobalInts                            
0     0000a76c  _CPU_enableInt                                   
0     0000a769  _CPU_enableProtectedRegisterWrite                
0     0000a765  _CPU_init                                        
abs   003fa83e  _CTRL_setGains                                   
0     000098d3  _DRV8301_enable                                  
0     000098c1  _DRV8301_getDcCalMode                            
0     000098a6  _DRV8301_getFaultType                            
0     000098a0  _DRV8301_getId                                   
0     00009899  _DRV8301_getOcLevel                              
0     00009892  _DRV8301_getOcMode                               
0     0000988b  _DRV8301_getOcOffTimeMode                        
0     00009884  _DRV8301_getOcTwMode                             
0     0000987d  _DRV8301_getPeakCurrent                          
0     00009876  _DRV8301_getPwmMode                              
0     0000986f  _DRV8301_getShuntAmpGain                         
0     00009866  _DRV8301_init                                    
0     00009860  _DRV8301_isFault                                 
0     00009859  _DRV8301_isReset                                 
0     000097e3  _DRV8301_readData                                
0     00009664  _DRV8301_readSpi                                 
0     000097d4  _DRV8301_reset                                   
0     000097b5  _DRV8301_setDcCalMode                            
0     000097b3  _DRV8301_setGpioHandle                           
0     000097b1  _DRV8301_setGpioNumber                           
0     0000979d  _DRV8301_setOcLevel                              
0     00009789  _DRV8301_setOcMode                               
0     00009775  _DRV8301_setOcOffTimeMode                        
0     00009761  _DRV8301_setOcTwMode                             
0     0000974d  _DRV8301_setPeakCurrent                          
0     00009739  _DRV8301_setPwmMode                              
0     00009725  _DRV8301_setShuntAmpGain                         
0     00009723  _DRV8301_setSpiHandle                            
0     0000969c  _DRV8301_setupSpi                                
0     0000963b  _DRV8301_writeData                               
0     00009624  _DRV8301_writeSpi                                
abs   003f96ab  _EST_getFlux_pu                                  
abs   003f95ff  _EST_getLs_coarse_max_pu                         
abs   003f95f5  _EST_getLs_d_H                                   
abs   003f95f0  _EST_getLs_d_pu                                  
abs   003f95ce  _EST_getLs_q_H                                   
abs   003f95c9  _EST_getLs_q_pu                                  
abs   003f9513  _EST_getRs_Ohm                                   
abs   003f8b45  _EST_setLs_d_pu                                  
abs   003f8af1  _EST_setLs_qFmt                                  
abs   003f8ae7  _EST_setLs_q_pu                                  
0     0000a7ea  _FLASH_clear3VStatus                             
0     00000138  _FLASH_disablePipelineMode                       
0     00000132  _FLASH_enablePipelineMode                        
0     0000a7e7  _FLASH_get3VStatus                               
0     0000a7e4  _FLASH_getActiveWaitCount                        
0     0000a7e0  _FLASH_getActiveWaitStatus                       
0     0000a7dd  _FLASH_getPowerMode                              
0     0000a7da  _FLASH_getStandbyWaitCount                       
0     0000a7d6  _FLASH_getStandbyWaitStatus                      
0     0000a7d0  _FLASH_init                                      
0     0000012d  _FLASH_setActiveWaitCount                        
0     00000126  _FLASH_setNumPagedReadWaitStates                 
0     0000011f  _FLASH_setNumRandomReadWaitStates                
0     00000118  _FLASH_setOtpWaitStates                          
0     00000111  _FLASH_setPowerMode                              
0     0000010c  _FLASH_setStandbyWaitCount                       
0     00009f72  _GPIO_getData                                    
0     00009f67  _GPIO_getPortData                                
0     00009f61  _GPIO_init                                       
0     00009f57  _GPIO_lpmSelect                                  
0     00009f38  _GPIO_read                                       
0     00009f1e  _GPIO_setDirection                               
0     00009f13  _GPIO_setExtInt                                  
0     00009f03  _GPIO_setHigh                                    
0     00009ef3  _GPIO_setLow                                     
0     00009ebb  _GPIO_setMode                                    
0     00009ead  _GPIO_setPortData                                
0     00009e93  _GPIO_setPullup                                  
0     00009e56  _GPIO_setQualification                           
0     00009e0f  _GPIO_setQualificationPeriod                     
0     00009dff  _GPIO_toggle                                     
0     00008597  _HAL_AdcCalChanSelect                            
0     000085ee  _HAL_AdcCalConversion                            
0     00008750  _HAL_AdcOffsetSelfCal                            
0     00008816  _HAL_OscTempComp                                 
0     0000886f  _HAL_cal                                         
0     00008acb  _HAL_disableGlobalInts                           
0     000089bf  _HAL_disableWdog                                 
0     00008ab9  _HAL_enableAdcInts                               
0     00008ab5  _HAL_enableDebugInt                              
0     00008ab0  _HAL_enableDrv                                   
0     00008aac  _HAL_enableGlobalInts                            
0     00008a9b  _HAL_enablePwmInt                                
0     00008a8b  _HAL_enableTimer0Int                             
0     00008783  _HAL_getOscTrimValue                             
0     000089c4  _HAL_init                                        
0     00008796  _HAL_osc1Comp                                    
0     000087d6  _HAL_osc2Comp                                    
0     000089ba  _HAL_readDrvData                                 
0     000089a0  _HAL_setDacParameters                            
0     00008886  _HAL_setParams                                   
0     000084e2  _HAL_setupAdcs                                   
0     000084c6  _HAL_setupClks                                   
0     000084c1  _HAL_setupDrvSpi                                 
0     000084a3  _HAL_setupFaults                                 
0     00008485  _HAL_setupFlash                                  
0     00008470  _HAL_setupGate                                   
0     000082d4  _HAL_setupGpios                                  
0     00008280  _HAL_setupPeripheralClks                         
0     00008264  _HAL_setupPie                                    
0     00008225  _HAL_setupPll                                    
0     000081a2  _HAL_setupPwmDacs                                
0     000080ca  _HAL_setupPwms                                   
0     00008094  _HAL_setupSpiA                                   
0     0000805e  _HAL_setupSpiB                                   
0     00008005  _HAL_setupTimers                                 
0     00008000  _HAL_writeDrvData                                
abs   003fb4dc  _OFFSET_init                                     
abs   003fb4c6  _OFFSET_setBeta                                  
abs   003fb4bd  _OFFSET_setInitCond                              
abs   003fb4bb  _OFFSET_setOffset                                
0     0000a736  _OSC_init                                        
0     0000a729  _OSC_setCoarseTrim                               
0     0000a718  _OSC_setFineTrim                                 
0     0000a70f  _OSC_setTrim                                     
0     0000a078  _PIE_clearAllFlags                               
0     0000a075  _PIE_clearAllInts                                
0     0000a072  _PIE_disable                                     
0     0000a06b  _PIE_disableAllInts                              
0     0000a067  _PIE_disableCaptureInt                           
0     0000a05e  _PIE_disableExtInt                               
0     0000a054  _PIE_disableInt                                  
0     0000a051  _PIE_enable                                      
0     0000a035  _PIE_enableAdcInt                                
0     0000a031  _PIE_enableCaptureInt                            
0     0000a015  _PIE_enableExtInt                                
0     0000a00c  _PIE_enableInt                                   
0     0000a007  _PIE_enablePwmInt                                
0     0000a002  _PIE_enablePwmTzInt                              
0     00009fff  _PIE_enableTimer0Int                             
0     00009ff6  _PIE_forceInt                                    
0     00009fee  _PIE_getExtIntCount                              
0     00009fe7  _PIE_getIntEnables                               
0     00009fe0  _PIE_getIntFlags                                 
0     0000a903  _PIE_illegalIsr                                  
0     00009fd8  _PIE_init                                        
0     00009fc7  _PIE_registerPieIntHandler                       
0     00009fbc  _PIE_registerSystemIntHandler                    
0     00009fb1  _PIE_setDefaultIntVectorTable                    
0     00009fa0  _PIE_setExtIntPolarity                           
0     00009f8d  _PIE_unregisterPieIntHandler                     
0     00009f80  _PIE_unregisterSystemIntHandler                  
0     0000a559  _PLL_disable                                     
0     0000a553  _PLL_disableClkDetect                            
0     0000a54d  _PLL_disableNormRdy                              
0     0000a547  _PLL_disableOsc                                  
0     0000a541  _PLL_enable                                      
0     0000a53b  _PLL_enableClkDetect                             
0     0000a535  _PLL_enableNormRdy                               
0     0000a52f  _PLL_enableOsc                                   
0     0000a52b  _PLL_getClkFreq                                  
0     0000a528  _PLL_getClkStatus                                
0     0000a525  _PLL_getDivideSelect                             
0     0000a522  _PLL_getLockStatus                               
0     0000a51c  _PLL_init                                        
0     0000a516  _PLL_resetClkDetect                              
0     0000a510  _PLL_setClkFreq                                  
0     0000a509  _PLL_setDivideSelect                             
0     0000a504  _PLL_setLockPeriod                               
0     0000961e  _PWM_clearTripZone                               
0     0000961b  _PWM_decrementDeadBandFallingEdgeDelay           
0     00009618  _PWM_decrementDeadBandRisingEdgeDelay            
0     00009611  _PWM_disableAutoConvert                          
0     0000960d  _PWM_disableChopping                             
0     0000960a  _PWM_disableCounterLoad                          
0     00009607  _PWM_disableDeadBand                             
0     00009603  _PWM_disableDeadBandHalfCycle                    
0     000095fc  _PWM_disableDigitalCompareBlankingWindow         
0     000095f5  _PWM_disableDigitalCompareBlankingWindowInversion
0     000095ee  _PWM_disableHrPeriod                             
0     000095e7  _PWM_disableHrPhaseSync                          
0     000095e3  _PWM_disableInt                                  
0     000095df  _PWM_disableSocAPulse                            
0     000095db  _PWM_disableSocBPulse                            
0     000095d4  _PWM_disableTripZoneInt                          
0     000095cd  _PWM_disableTripZoneSrc                          
0     000095c7  _PWM_disableTripZones                            
0     000095c0  _PWM_enableAutoConvert                           
0     000095bc  _PWM_enableChopping                              
0     000095b9  _PWM_enableCounterLoad                           
0     000095b5  _PWM_enableDeadBandHalfCycle                     
0     000095ae  _PWM_enableDigitalCompareBlankingWindow          
0     000095a7  _PWM_enableDigitalCompareBlankingWindowInversion 
0     000095a0  _PWM_enableHrPeriod                              
0     00009599  _PWM_enableHrPhaseSync                           
0     00009595  _PWM_enableInt                                   
0     00009591  _PWM_enableSocAPulse                             
0     0000958d  _PWM_enableSocBPulse                             
0     00009587  _PWM_enableTripZoneInt                           
0     00009581  _PWM_enableTripZoneSrc                           
0     0000957e  _PWM_getDeadBandFallingEdgeDelay                 
0     0000957b  _PWM_getDeadBandRisingEdgeDelay                  
0     00009577  _PWM_getIntCount                                 
0     00009573  _PWM_getShadowStatus_CmpA                        
0     0000956f  _PWM_getShadowStatus_CmpB                        
0     0000956a  _PWM_getSocACount                                
0     00009565  _PWM_getSocBCount                                
0     00009562  _PWM_incrementDeadBandFallingEdgeDelay           
0     0000955f  _PWM_incrementDeadBandRisingEdgeDelay            
0     00009559  _PWM_init                                        
0     00009552  _PWM_setActionQualContSWForce_PwmA               
0     00009549  _PWM_setActionQualContSWForce_PwmB               
0     00009540  _PWM_setActionQual_CntDown_CmpA_PwmA             
0     00009537  _PWM_setActionQual_CntDown_CmpA_PwmB             
0     0000952e  _PWM_setActionQual_CntDown_CmpB_PwmA             
0     00009525  _PWM_setActionQual_CntDown_CmpB_PwmB             
0     0000951c  _PWM_setActionQual_CntUp_CmpA_PwmA               
0     00009513  _PWM_setActionQual_CntUp_CmpA_PwmB               
0     0000950a  _PWM_setActionQual_CntUp_CmpB_PwmA               
0     00009501  _PWM_setActionQual_CntUp_CmpB_PwmB               
0     000094f8  _PWM_setActionQual_Period_PwmA                   
0     000094ef  _PWM_setActionQual_Period_PwmB                   
0     000094e8  _PWM_setActionQual_Zero_PwmA                     
0     000094e1  _PWM_setActionQual_Zero_PwmB                     
0     000094da  _PWM_setChoppingClkFreq                          
0     000094d3  _PWM_setChoppingDutyCycle                        
0     000094cc  _PWM_setChoppingPulseWidth                       
0     000094c8  _PWM_setClkDiv                                   
0     000094c6  _PWM_setCount                                    
0     000094c2  _PWM_setCounterMode                              
0     000094bf  _PWM_setDeadBandFallingEdgeDelay                 
0     000094b8  _PWM_setDeadBandInputMode                        
0     000094b1  _PWM_setDeadBandOutputMode                       
0     000094aa  _PWM_setDeadBandPolarity                         
0     000094a7  _PWM_setDeadBandRisingEdgeDelay                  
0     0000948d  _PWM_setDigitalCompareAEvent1                    
0     0000947d  _PWM_setDigitalCompareAEvent2                    
0     00009463  _PWM_setDigitalCompareBEvent1                    
0     00009453  _PWM_setDigitalCompareBEvent2                    
0     00009447  _PWM_setDigitalCompareBlankingPulse              
0     00009444  _PWM_setDigitalCompareFilterOffset               
0     0000943a  _PWM_setDigitalCompareFilterSource               
0     00009437  _PWM_setDigitalCompareFilterWindow               
0     00009428  _PWM_setDigitalCompareInput                      
0     00009424  _PWM_setHighSpeedClkDiv                          
0     0000941a  _PWM_setHrControlMode                            
0     00009410  _PWM_setHrEdgeMode                               
0     00009406  _PWM_setHrShadowMode                             
0     000093ff  _PWM_setIntMode                                  
0     000093f8  _PWM_setIntPeriod                                
0     000093f4  _PWM_setLoadMode_CmpA                            
0     000093ee  _PWM_setLoadMode_CmpB                            
0     000093ec  _PWM_setPeriod                                   
0     000093e7  _PWM_setPeriodHr                                 
0     000093e3  _PWM_setPeriodLoad                               
0     000093e1  _PWM_setPhase                                    
0     000093dd  _PWM_setPhaseDir                                 
0     000093d9  _PWM_setRunMode                                  
0     000093d3  _PWM_setShadowMode_CmpA                          
0     000093cd  _PWM_setShadowMode_CmpB                          
0     000093c4  _PWM_setSocAPeriod                               
0     000093bb  _PWM_setSocAPulseSrc                             
0     000093b2  _PWM_setSocBPeriod                               
0     000093a9  _PWM_setSocBPulseSrc                             
0     000093a6  _PWM_setSwSync                                   
0     000093a2  _PWM_setSyncMode                                 
0     00009398  _PWM_setTripZoneDCEventSelect_DCAEVT1            
0     0000938c  _PWM_setTripZoneDCEventSelect_DCAEVT2            
0     00009380  _PWM_setTripZoneDCEventSelect_DCBEVT1            
0     00009374  _PWM_setTripZoneDCEventSelect_DCBEVT2            
0     00009368  _PWM_setTripZoneState_DCAEVT1                    
0     0000935c  _PWM_setTripZoneState_DCAEVT2                    
0     00009350  _PWM_setTripZoneState_DCBEVT1                    
0     00009344  _PWM_setTripZoneState_DCBEVT2                    
0     0000933a  _PWM_setTripZoneState_TZA                        
0     0000932e  _PWM_setTripZoneState_TZB                        
0     0000a6da  _PWR_disableBrownOutReset                        
0     0000a6d0  _PWR_disableWatchDogInt                          
0     0000a6cd  _PWR_enableBrownOutReset                         
0     0000a6c3  _PWR_enableWatchDogInt                           
0     0000a6bb  _PWR_init                                        
0     0000a6aa  _PWR_setLowPowerMode                             
0     0000a699  _PWR_setNumStandByClocks                         
0     00000142  _RamfuncsLoadEnd                                 
abs   00000036  _RamfuncsLoadSize                                
0     0000010c  _RamfuncsLoadStart                               
0     0000010c  _RamfuncsRunStart                                
0     0000a1d6  _SPI_clearRxFifoInt                              
0     0000a1d2  _SPI_clearRxFifoOvf                              
0     0000a1ce  _SPI_clearTxFifoInt                              
0     0000a1cb  _SPI_disableInt                                  
0     0000a1c8  _SPI_disableLoopBack                             
0     0000a1c5  _SPI_disableOverRunInt                           
0     0000a1c1  _SPI_disableRxFifoInt                            
0     0000a1be  _SPI_disableTx                                   
0     0000a1ba  _SPI_disableTxFifoEnh                            
0     0000a1b6  _SPI_disableTxFifoInt                            
0     0000a1b3  _SPI_enable                                      
0     0000a1af  _SPI_enableChannels                              
0     0000a1ac  _SPI_enableInt                                   
0     0000a1a9  _SPI_enableLoopBack                              
0     0000a1a6  _SPI_enableOverRunInt                            
0     0000a1a2  _SPI_enableRxFifo                                
0     0000a19e  _SPI_enableRxFifoInt                             
0     0000a19b  _SPI_enableTx                                    
0     0000a197  _SPI_enableTxFifo                                
0     0000a193  _SPI_enableTxFifoEnh                             
0     0000a18f  _SPI_enableTxFifoInt                             
0     0000a18c  _SPI_getIntFlagStatus                            
0     0000a188  _SPI_getRxFifoStatus                             
0     0000a185  _SPI_getTxBufferStatus                           
0     0000a181  _SPI_getTxFifoStatus                             
0     0000a17b  _SPI_init                                        
0     0000a178  _SPI_reset                                       
0     0000a174  _SPI_resetChannels                               
0     0000a170  _SPI_resetRxFifo                                 
0     0000a16c  _SPI_resetTxFifo                                 
0     0000a16a  _SPI_setBaudRate                                 
0     0000a166  _SPI_setCharLength                               
0     0000a164  _SPI_setClkPhase                                 
0     0000a160  _SPI_setClkPolarity                              
0     0000a15e  _SPI_setMode                                     
0     0000a157  _SPI_setPriority                                 
0     0000a150  _SPI_setRxFifoIntLevel                           
0     0000a149  _SPI_setSteInv                                   
0     0000a142  _SPI_setSuspend                                  
0     0000a13b  _SPI_setTriWire                                  
0     0000a138  _SPI_setTxDelay                                  
0     0000a131  _SPI_setTxFifoIntLevel                           
0     0000a70c  _TIMER_clearFlag                                 
0     0000a709  _TIMER_disableInt                                
0     0000a706  _TIMER_enableInt                                 
0     0000a703  _TIMER_getStatus                                 
0     0000a6fd  _TIMER_init                                      
0     0000a6ef  _TIMER_setDecimationFactor                       
0     0000a6eb  _TIMER_setEmulationMode                          
0     0000a6dd  _TIMER_setPreScaler                              
0     0000926d  _USER_calcPIgains                                
0     00009269  _USER_checkForErrors                             
0     0000925b  _USER_computeFlux                                
0     0000921f  _USER_computeFlux_pu_to_VpHz_sf                  
0     000091e3  _USER_computeFlux_pu_to_Wb_sf                    
0     000091a7  _USER_computeTorque_Flux_Iq_pu_to_Nm_sf          
0     0000916d  _USER_computeTorque_Ls_Id_Iq_pu_to_Nm_sf         
0     00009120  _USER_computeTorque_Nm                           
0     000090c8  _USER_computeTorque_lbin                         
0     000090c5  _USER_getErrorCode                               
0     000090c2  _USER_setErrorCode                               
0     00008f84  _USER_setParams                                  
0     00008f01  _USER_softwareUpdate1p6                          
0     0000a691  _WDOG_clearCounter                               
0     0000a689  _WDOG_disable                                    
0     0000a683  _WDOG_disableInt                                 
0     0000a67d  _WDOG_disableOverRide                            
0     0000a674  _WDOG_enable                                     
0     0000a66e  _WDOG_enableInt                                  
0     0000a668  _WDOG_enableOverRide                             
0     0000a665  _WDOG_getIntStatus                               
0     0000a65f  _WDOG_init                                       
0     0000a65d  _WDOG_setCount                                   
0     0000a653  _WDOG_setPreScaler                               
0     0000abce  __IQ30toF                                        
1     000007b0  __STACK_END                                      
abs   000003b0  __STACK_SIZE                                     
0     0000a912  ___TI_cleanup_ptr                                
0     0000a914  ___TI_dtors_ptr                                  
0     0000a910  ___TI_enable_exit_profile_output                 
abs   ffffffff  ___TI_pprof_out_hndl                             
abs   ffffffff  ___TI_prof_data_size                             
abs   ffffffff  ___TI_prof_data_start                            
abs   ffffffff  ___binit__                                       
abs   ffffffff  ___c_args__                                      
0     00000050  ___cinit__                                       
0     0000a910  ___etext__                                       
abs   ffffffff  ___pinit__                                       
0     00008000  ___text__                                        
0     0000a896  __args_main                                      
0     0000a916  __lock                                           
0     0000a8f1  __nop                                            
0     0000a8ed  __register_lock                                  
0     0000a8e9  __register_unlock                                
1     00000400  __stack                                          
0     0000a90f  __system_post_cinit                              
0     0000a90d  __system_pre_init                                
0     0000a918  __unlock                                         
0     0000a73c  _abort                                           
0     0000a5b9  _c_int00                                         
0     0000a3cb  _ceil                                            
0     0000a3cb  _ceilf                                           
0     0000a60d  _copy_in                                         
0     0000a8f2  _copysign                                        
0     0000a8f2  _copysignf                                       
0     0000a91c  _cpu                                             
0     0000a848  _ddcopy                                          
0     0000a848  _dpcopy                                          
0     0000a91d  _errno                                           
0     0000a73e  _exit                                            
0     0000a94a  _gAdcData                                        
0     0000a958  _gDrvSpi8301Vars                                 
0     0000a942  _gLEDcnt                                         
0     0000a980  _gMotorVars                                      
0     0000a944  _gPwmData                                        
0     0000aa00  _gUserParams                                     
0     0000aac0  _hal                                             
0     0000a940  _halHandle                                       
0     0000a436  _ldexp                                           
0     0000a436  _ldexpf                                          
0     00009c77  _log                                             
0     00009c77  _logf                                            
0     0000a49f  _main                                            
0     0000a07f  _mainISR                                         
0     0000a848  _pdcopy                                          
0     00008acf  _pow                                             
0     00008acf  _powf                                            
0     0000a848  _ppcopy                                          
0     0000a436  _scalbn                                          
0     0000a436  _scalbnf                                         
0     0000a358  _sqrt                                            
0     0000a358  _sqrtf                                           
0     0000013e  _usDelay                                         
abs   ffffffff  binit                                            
0     00000050  cinit                                            
0     00000000  code_start                                       
0     0000a910  etext                                            
abs   ffffffff  pinit                                            


GLOBAL SYMBOLS: SORTED BY Symbol Address 

page  address   name                                             
----  -------   ----                                             
0     00000000  code_start                                       
0     00000050  ___cinit__                                       
0     00000050  cinit                                            
0     0000010c  _FLASH_setStandbyWaitCount                       
0     0000010c  _RamfuncsLoadStart                               
0     0000010c  _RamfuncsRunStart                                
0     00000111  _FLASH_setPowerMode                              
0     00000118  _FLASH_setOtpWaitStates                          
0     0000011f  _FLASH_setNumRandomReadWaitStates                
0     00000126  _FLASH_setNumPagedReadWaitStates                 
0     0000012d  _FLASH_setActiveWaitCount                        
0     00000132  _FLASH_enablePipelineMode                        
0     00000138  _FLASH_disablePipelineMode                       
0     0000013e  _usDelay                                         
0     00000142  _RamfuncsLoadEnd                                 
0     00008000  .text                                            
0     00008000  _HAL_writeDrvData                                
0     00008000  ___text__                                        
0     00008005  _HAL_setupTimers                                 
0     0000805e  _HAL_setupSpiB                                   
0     00008094  _HAL_setupSpiA                                   
0     000080ca  _HAL_setupPwms                                   
0     000081a2  _HAL_setupPwmDacs                                
0     00008225  _HAL_setupPll                                    
0     00008264  _HAL_setupPie                                    
0     00008280  _HAL_setupPeripheralClks                         
0     000082d4  _HAL_setupGpios                                  
0     00008470  _HAL_setupGate                                   
0     00008485  _HAL_setupFlash                                  
0     000084a3  _HAL_setupFaults                                 
0     000084c1  _HAL_setupDrvSpi                                 
0     000084c6  _HAL_setupClks                                   
0     000084e2  _HAL_setupAdcs                                   
0     00008597  _HAL_AdcCalChanSelect                            
0     000085ee  _HAL_AdcCalConversion                            
0     00008750  _HAL_AdcOffsetSelfCal                            
0     00008783  _HAL_getOscTrimValue                             
0     00008796  _HAL_osc1Comp                                    
0     000087d6  _HAL_osc2Comp                                    
0     00008816  _HAL_OscTempComp                                 
0     0000886f  _HAL_cal                                         
0     00008886  _HAL_setParams                                   
0     000089a0  _HAL_setDacParameters                            
0     000089ba  _HAL_readDrvData                                 
0     000089bf  _HAL_disableWdog                                 
0     000089c4  _HAL_init                                        
0     00008a8b  _HAL_enableTimer0Int                             
0     00008a9b  _HAL_enablePwmInt                                
0     00008aac  _HAL_enableGlobalInts                            
0     00008ab0  _HAL_enableDrv                                   
0     00008ab5  _HAL_enableDebugInt                              
0     00008ab9  _HAL_enableAdcInts                               
0     00008acb  _HAL_disableGlobalInts                           
0     00008acf  _pow                                             
0     00008acf  _powf                                            
0     00008f01  _USER_softwareUpdate1p6                          
0     00008f84  _USER_setParams                                  
0     000090c2  _USER_setErrorCode                               
0     000090c5  _USER_getErrorCode                               
0     000090c8  _USER_computeTorque_lbin                         
0     00009120  _USER_computeTorque_Nm                           
0     0000916d  _USER_computeTorque_Ls_Id_Iq_pu_to_Nm_sf         
0     000091a7  _USER_computeTorque_Flux_Iq_pu_to_Nm_sf          
0     000091e3  _USER_computeFlux_pu_to_Wb_sf                    
0     0000921f  _USER_computeFlux_pu_to_VpHz_sf                  
0     0000925b  _USER_computeFlux                                
0     00009269  _USER_checkForErrors                             
0     0000926d  _USER_calcPIgains                                
0     0000932e  _PWM_setTripZoneState_TZB                        
0     0000933a  _PWM_setTripZoneState_TZA                        
0     00009344  _PWM_setTripZoneState_DCBEVT2                    
0     00009350  _PWM_setTripZoneState_DCBEVT1                    
0     0000935c  _PWM_setTripZoneState_DCAEVT2                    
0     00009368  _PWM_setTripZoneState_DCAEVT1                    
0     00009374  _PWM_setTripZoneDCEventSelect_DCBEVT2            
0     00009380  _PWM_setTripZoneDCEventSelect_DCBEVT1            
0     0000938c  _PWM_setTripZoneDCEventSelect_DCAEVT2            
0     00009398  _PWM_setTripZoneDCEventSelect_DCAEVT1            
0     000093a2  _PWM_setSyncMode                                 
0     000093a6  _PWM_setSwSync                                   
0     000093a9  _PWM_setSocBPulseSrc                             
0     000093b2  _PWM_setSocBPeriod                               
0     000093bb  _PWM_setSocAPulseSrc                             
0     000093c4  _PWM_setSocAPeriod                               
0     000093cd  _PWM_setShadowMode_CmpB                          
0     000093d3  _PWM_setShadowMode_CmpA                          
0     000093d9  _PWM_setRunMode                                  
0     000093dd  _PWM_setPhaseDir                                 
0     000093e1  _PWM_setPhase                                    
0     000093e3  _PWM_setPeriodLoad                               
0     000093e7  _PWM_setPeriodHr                                 
0     000093ec  _PWM_setPeriod                                   
0     000093ee  _PWM_setLoadMode_CmpB                            
0     000093f4  _PWM_setLoadMode_CmpA                            
0     000093f8  _PWM_setIntPeriod                                
0     000093ff  _PWM_setIntMode                                  
0     00009406  _PWM_setHrShadowMode                             
0     00009410  _PWM_setHrEdgeMode                               
0     0000941a  _PWM_setHrControlMode                            
0     00009424  _PWM_setHighSpeedClkDiv                          
0     00009428  _PWM_setDigitalCompareInput                      
0     00009437  _PWM_setDigitalCompareFilterWindow               
0     0000943a  _PWM_setDigitalCompareFilterSource               
0     00009444  _PWM_setDigitalCompareFilterOffset               
0     00009447  _PWM_setDigitalCompareBlankingPulse              
0     00009453  _PWM_setDigitalCompareBEvent2                    
0     00009463  _PWM_setDigitalCompareBEvent1                    
0     0000947d  _PWM_setDigitalCompareAEvent2                    
0     0000948d  _PWM_setDigitalCompareAEvent1                    
0     000094a7  _PWM_setDeadBandRisingEdgeDelay                  
0     000094aa  _PWM_setDeadBandPolarity                         
0     000094b1  _PWM_setDeadBandOutputMode                       
0     000094b8  _PWM_setDeadBandInputMode                        
0     000094bf  _PWM_setDeadBandFallingEdgeDelay                 
0     000094c2  _PWM_setCounterMode                              
0     000094c6  _PWM_setCount                                    
0     000094c8  _PWM_setClkDiv                                   
0     000094cc  _PWM_setChoppingPulseWidth                       
0     000094d3  _PWM_setChoppingDutyCycle                        
0     000094da  _PWM_setChoppingClkFreq                          
0     000094e1  _PWM_setActionQual_Zero_PwmB                     
0     000094e8  _PWM_setActionQual_Zero_PwmA                     
0     000094ef  _PWM_setActionQual_Period_PwmB                   
0     000094f8  _PWM_setActionQual_Period_PwmA                   
0     00009501  _PWM_setActionQual_CntUp_CmpB_PwmB               
0     0000950a  _PWM_setActionQual_CntUp_CmpB_PwmA               
0     00009513  _PWM_setActionQual_CntUp_CmpA_PwmB               
0     0000951c  _PWM_setActionQual_CntUp_CmpA_PwmA               
0     00009525  _PWM_setActionQual_CntDown_CmpB_PwmB             
0     0000952e  _PWM_setActionQual_CntDown_CmpB_PwmA             
0     00009537  _PWM_setActionQual_CntDown_CmpA_PwmB             
0     00009540  _PWM_setActionQual_CntDown_CmpA_PwmA             
0     00009549  _PWM_setActionQualContSWForce_PwmB               
0     00009552  _PWM_setActionQualContSWForce_PwmA               
0     00009559  _PWM_init                                        
0     0000955f  _PWM_incrementDeadBandRisingEdgeDelay            
0     00009562  _PWM_incrementDeadBandFallingEdgeDelay           
0     00009565  _PWM_getSocBCount                                
0     0000956a  _PWM_getSocACount                                
0     0000956f  _PWM_getShadowStatus_CmpB                        
0     00009573  _PWM_getShadowStatus_CmpA                        
0     00009577  _PWM_getIntCount                                 
0     0000957b  _PWM_getDeadBandRisingEdgeDelay                  
0     0000957e  _PWM_getDeadBandFallingEdgeDelay                 
0     00009581  _PWM_enableTripZoneSrc                           
0     00009587  _PWM_enableTripZoneInt                           
0     0000958d  _PWM_enableSocBPulse                             
0     00009591  _PWM_enableSocAPulse                             
0     00009595  _PWM_enableInt                                   
0     00009599  _PWM_enableHrPhaseSync                           
0     000095a0  _PWM_enableHrPeriod                              
0     000095a7  _PWM_enableDigitalCompareBlankingWindowInversion 
0     000095ae  _PWM_enableDigitalCompareBlankingWindow          
0     000095b5  _PWM_enableDeadBandHalfCycle                     
0     000095b9  _PWM_enableCounterLoad                           
0     000095bc  _PWM_enableChopping                              
0     000095c0  _PWM_enableAutoConvert                           
0     000095c7  _PWM_disableTripZones                            
0     000095cd  _PWM_disableTripZoneSrc                          
0     000095d4  _PWM_disableTripZoneInt                          
0     000095db  _PWM_disableSocBPulse                            
0     000095df  _PWM_disableSocAPulse                            
0     000095e3  _PWM_disableInt                                  
0     000095e7  _PWM_disableHrPhaseSync                          
0     000095ee  _PWM_disableHrPeriod                             
0     000095f5  _PWM_disableDigitalCompareBlankingWindowInversion
0     000095fc  _PWM_disableDigitalCompareBlankingWindow         
0     00009603  _PWM_disableDeadBandHalfCycle                    
0     00009607  _PWM_disableDeadBand                             
0     0000960a  _PWM_disableCounterLoad                          
0     0000960d  _PWM_disableChopping                             
0     00009611  _PWM_disableAutoConvert                          
0     00009618  _PWM_decrementDeadBandRisingEdgeDelay            
0     0000961b  _PWM_decrementDeadBandFallingEdgeDelay           
0     0000961e  _PWM_clearTripZone                               
0     00009624  _DRV8301_writeSpi                                
0     0000963b  _DRV8301_writeData                               
0     00009664  _DRV8301_readSpi                                 
0     0000969c  _DRV8301_setupSpi                                
0     00009723  _DRV8301_setSpiHandle                            
0     00009725  _DRV8301_setShuntAmpGain                         
0     00009739  _DRV8301_setPwmMode                              
0     0000974d  _DRV8301_setPeakCurrent                          
0     00009761  _DRV8301_setOcTwMode                             
0     00009775  _DRV8301_setOcOffTimeMode                        
0     00009789  _DRV8301_setOcMode                               
0     0000979d  _DRV8301_setOcLevel                              
0     000097b1  _DRV8301_setGpioNumber                           
0     000097b3  _DRV8301_setGpioHandle                           
0     000097b5  _DRV8301_setDcCalMode                            
0     000097d4  _DRV8301_reset                                   
0     000097e3  _DRV8301_readData                                
0     00009859  _DRV8301_isReset                                 
0     00009860  _DRV8301_isFault                                 
0     00009866  _DRV8301_init                                    
0     0000986f  _DRV8301_getShuntAmpGain                         
0     00009876  _DRV8301_getPwmMode                              
0     0000987d  _DRV8301_getPeakCurrent                          
0     00009884  _DRV8301_getOcTwMode                             
0     0000988b  _DRV8301_getOcOffTimeMode                        
0     00009892  _DRV8301_getOcMode                               
0     00009899  _DRV8301_getOcLevel                              
0     000098a0  _DRV8301_getId                                   
0     000098a6  _DRV8301_getFaultType                            
0     000098c1  _DRV8301_getDcCalMode                            
0     000098d3  _DRV8301_enable                                  
0     000098f5  _ADC_setupSocTrigSrc                             
0     0000991f  _ADC_setVoltRefSrc                               
0     00009930  _ADC_setTempSensorSrc                            
0     00009941  _ADC_setSocTrigSrc                               
0     00009955  _ADC_setSocSampleDelay                           
0     00009969  _ADC_setSocFrcWord                               
0     00009973  _ADC_setSocFrc                                   
0     00009980  _ADC_setSocChanNumber                            
0     00009994  _ADC_setSampleOverlapMode                        
0     000099a7  _ADC_setSampleMode                               
0     000099be  _ADC_setOffTrim                                  
0     000099c8  _ADC_setIntSrc                                   
0     000099e9  _ADC_setIntPulseGenMode                          
0     000099fa  _ADC_setIntMode                                  
0     00009a1b  _ADC_setDivideSelect                             
0     00009a2c  _ADC_reset                                       
0     00009a36  _ADC_powerUp                                     
0     00009a40  _ADC_powerDown                                   
0     00009a4a  _ADC_init                                        
0     00009a52  _ADC_getDivideSelect                             
0     00009a5c  _ADC_enableVoltRefLoConv                         
0     00009a66  _ADC_enableRefBuffers                            
0     00009a70  _ADC_enableNoOverlapMode                         
0     00009a7a  _ADC_enableInt                                   
0     00009a90  _ADC_enableBandGap                               
0     00009a9a  _ADC_enable                                      
0     00009aa4  _ADC_disableVoltRefLoConv                        
0     00009aae  _ADC_disableRefBuffers                           
0     00009ab8  _ADC_disableNoOverlapMode                        
0     00009ac2  _ADC_disableInt                                  
0     00009ad9  _ADC_disableBandGap                              
0     00009ae3  _ADC_disable                                     
0     00009aed  _CLK_setXClkInSrc                                
0     00009af4  _CLK_setWatchDogSrc                              
0     00009afb  _CLK_setTimer2Src                                
0     00009b02  _CLK_setTimer2PreScale                           
0     00009b09  _CLK_setOscSrc                                   
0     00009b10  _CLK_setOsc2Src                                  
0     00009b17  _CLK_setLowSpdPreScaler                          
0     00009b1d  _CLK_setClkOutPreScaler                          
0     00009b24  _CLK_init                                        
0     00009b2a  _CLK_enableWatchDogHaltMode                      
0     00009b30  _CLK_enableTbClockSync                           
0     00009b37  _CLK_enableSpibClock                             
0     00009b3e  _CLK_enableSpiaClock                             
0     00009b45  _CLK_enableScibClock                             
0     00009b4c  _CLK_enableSciaClock                             
0     00009b53  _CLK_enablePwmClock                              
0     00009b5c  _CLK_enableOsc2HaltMode                          
0     00009b62  _CLK_enableOsc2                                  
0     00009b68  _CLK_enableOsc1HaltMode                          
0     00009b6e  _CLK_enableOsc1                                  
0     00009b74  _CLK_enableLinAClock                             
0     00009b7b  _CLK_enableI2cClock                              
0     00009b82  _CLK_enableHrPwmClock                            
0     00009b89  _CLK_enableGpioInputClock                        
0     00009b90  _CLK_enableEqep2Clock                            
0     00009b97  _CLK_enableEqep1Clock                            
0     00009b9e  _CLK_enableEcap1Clock                            
0     00009ba5  _CLK_enableEcanaClock                            
0     00009bac  _CLK_enableCrystalOsc                            
0     00009bb2  _CLK_enableCpuTimerClock                         
0     00009bb8  _CLK_enableCompClock                             
0     00009bbe  _CLK_enableClkIn                                 
0     00009bc4  _CLK_enableClaClock                              
0     00009bcb  _CLK_enableAdcClock                              
0     00009bd2  _CLK_disableWatchDogHaltMode                     
0     00009bd8  _CLK_disableTbClockSync                          
0     00009bdf  _CLK_disableSpibClock                            
0     00009be3  _CLK_disableSpiaClock                            
0     00009bea  _CLK_disableScibClock                            
0     00009bf1  _CLK_disableSciaClock                            
0     00009bf8  _CLK_disablePwmClock                             
0     00009c02  _CLK_disableOsc2HaltMode                         
0     00009c08  _CLK_disableOsc2                                 
0     00009c0e  _CLK_disableOsc1HaltMode                         
0     00009c14  _CLK_disableOsc1                                 
0     00009c1a  _CLK_disableLinAClock                            
0     00009c21  _CLK_disableI2cClock                             
0     00009c28  _CLK_disableHrPwmClock                           
0     00009c2f  _CLK_disableGpioInputClock                       
0     00009c36  _CLK_disableEqep2Clock                           
0     00009c3d  _CLK_disableEqep1Clock                           
0     00009c44  _CLK_disableEcap1Clock                           
0     00009c4b  _CLK_disableEcanaClock                           
0     00009c52  _CLK_disableCrystalOsc                           
0     00009c58  _CLK_disableCpuTimerClock                        
0     00009c5f  _CLK_disableCompClock                            
0     00009c63  _CLK_disableClkIn                                
0     00009c69  _CLK_disableClaClock                             
0     00009c70  _CLK_disableAdcClock                             
0     00009c77  _log                                             
0     00009c77  _logf                                            
0     00009dff  _GPIO_toggle                                     
0     00009e0f  _GPIO_setQualificationPeriod                     
0     00009e56  _GPIO_setQualification                           
0     00009e93  _GPIO_setPullup                                  
0     00009ead  _GPIO_setPortData                                
0     00009ebb  _GPIO_setMode                                    
0     00009ef3  _GPIO_setLow                                     
0     00009f03  _GPIO_setHigh                                    
0     00009f13  _GPIO_setExtInt                                  
0     00009f1e  _GPIO_setDirection                               
0     00009f38  _GPIO_read                                       
0     00009f57  _GPIO_lpmSelect                                  
0     00009f61  _GPIO_init                                       
0     00009f67  _GPIO_getPortData                                
0     00009f72  _GPIO_getData                                    
0     00009f80  _PIE_unregisterSystemIntHandler                  
0     00009f8d  _PIE_unregisterPieIntHandler                     
0     00009fa0  _PIE_setExtIntPolarity                           
0     00009fb1  _PIE_setDefaultIntVectorTable                    
0     00009fbc  _PIE_registerSystemIntHandler                    
0     00009fc7  _PIE_registerPieIntHandler                       
0     00009fd8  _PIE_init                                        
0     00009fe0  _PIE_getIntFlags                                 
0     00009fe7  _PIE_getIntEnables                               
0     00009fee  _PIE_getExtIntCount                              
0     00009ff6  _PIE_forceInt                                    
0     00009fff  _PIE_enableTimer0Int                             
0     0000a002  _PIE_enablePwmTzInt                              
0     0000a007  _PIE_enablePwmInt                                
0     0000a00c  _PIE_enableInt                                   
0     0000a015  _PIE_enableExtInt                                
0     0000a031  _PIE_enableCaptureInt                            
0     0000a035  _PIE_enableAdcInt                                
0     0000a051  _PIE_enable                                      
0     0000a054  _PIE_disableInt                                  
0     0000a05e  _PIE_disableExtInt                               
0     0000a067  _PIE_disableCaptureInt                           
0     0000a06b  _PIE_disableAllInts                              
0     0000a072  _PIE_disable                                     
0     0000a075  _PIE_clearAllInts                                
0     0000a078  _PIE_clearAllFlags                               
0     0000a07f  _mainISR                                         
0     0000a131  _SPI_setTxFifoIntLevel                           
0     0000a138  _SPI_setTxDelay                                  
0     0000a13b  _SPI_setTriWire                                  
0     0000a142  _SPI_setSuspend                                  
0     0000a149  _SPI_setSteInv                                   
0     0000a150  _SPI_setRxFifoIntLevel                           
0     0000a157  _SPI_setPriority                                 
0     0000a15e  _SPI_setMode                                     
0     0000a160  _SPI_setClkPolarity                              
0     0000a164  _SPI_setClkPhase                                 
0     0000a166  _SPI_setCharLength                               
0     0000a16a  _SPI_setBaudRate                                 
0     0000a16c  _SPI_resetTxFifo                                 
0     0000a170  _SPI_resetRxFifo                                 
0     0000a174  _SPI_resetChannels                               
0     0000a178  _SPI_reset                                       
0     0000a17b  _SPI_init                                        
0     0000a181  _SPI_getTxFifoStatus                             
0     0000a185  _SPI_getTxBufferStatus                           
0     0000a188  _SPI_getRxFifoStatus                             
0     0000a18c  _SPI_getIntFlagStatus                            
0     0000a18f  _SPI_enableTxFifoInt                             
0     0000a193  _SPI_enableTxFifoEnh                             
0     0000a197  _SPI_enableTxFifo                                
0     0000a19b  _SPI_enableTx                                    
0     0000a19e  _SPI_enableRxFifoInt                             
0     0000a1a2  _SPI_enableRxFifo                                
0     0000a1a6  _SPI_enableOverRunInt                            
0     0000a1a9  _SPI_enableLoopBack                              
0     0000a1ac  _SPI_enableInt                                   
0     0000a1af  _SPI_enableChannels                              
0     0000a1b3  _SPI_enable                                      
0     0000a1b6  _SPI_disableTxFifoInt                            
0     0000a1ba  _SPI_disableTxFifoEnh                            
0     0000a1be  _SPI_disableTx                                   
0     0000a1c1  _SPI_disableRxFifoInt                            
0     0000a1c5  _SPI_disableOverRunInt                           
0     0000a1c8  _SPI_disableLoopBack                             
0     0000a1cb  _SPI_disableInt                                  
0     0000a1ce  _SPI_clearTxFifoInt                              
0     0000a1d2  _SPI_clearRxFifoOvf                              
0     0000a1d6  _SPI_clearRxFifoInt                              
0     0000a1da  FD$$MPY                                          
0     0000a25d  FS$$DIV                                          
0     0000a2e0  FS$$SUB                                          
0     0000a2e5  FS$$ADD                                          
0     0000a358  _sqrt                                            
0     0000a358  _sqrtf                                           
0     0000a3cb  _ceil                                            
0     0000a3cb  _ceilf                                           
0     0000a436  _ldexp                                           
0     0000a436  _ldexpf                                          
0     0000a436  _scalbn                                          
0     0000a436  _scalbnf                                         
0     0000a49f  _main                                            
0     0000a504  _PLL_setLockPeriod                               
0     0000a509  _PLL_setDivideSelect                             
0     0000a510  _PLL_setClkFreq                                  
0     0000a516  _PLL_resetClkDetect                              
0     0000a51c  _PLL_init                                        
0     0000a522  _PLL_getLockStatus                               
0     0000a525  _PLL_getDivideSelect                             
0     0000a528  _PLL_getClkStatus                                
0     0000a52b  _PLL_getClkFreq                                  
0     0000a52f  _PLL_enableOsc                                   
0     0000a535  _PLL_enableNormRdy                               
0     0000a53b  _PLL_enableClkDetect                             
0     0000a541  _PLL_enable                                      
0     0000a547  _PLL_disableOsc                                  
0     0000a54d  _PLL_disableNormRdy                              
0     0000a553  _PLL_disableClkDetect                            
0     0000a559  _PLL_disable                                     
0     0000a55f  FS$$MPY                                          
0     0000a5b9  _c_int00                                         
0     0000a60d  _copy_in                                         
0     0000a653  _WDOG_setPreScaler                               
0     0000a65d  _WDOG_setCount                                   
0     0000a65f  _WDOG_init                                       
0     0000a665  _WDOG_getIntStatus                               
0     0000a668  _WDOG_enableOverRide                             
0     0000a66e  _WDOG_enableInt                                  
0     0000a674  _WDOG_enable                                     
0     0000a67d  _WDOG_disableOverRide                            
0     0000a683  _WDOG_disableInt                                 
0     0000a689  _WDOG_disable                                    
0     0000a691  _WDOG_clearCounter                               
0     0000a699  _PWR_setNumStandByClocks                         
0     0000a6aa  _PWR_setLowPowerMode                             
0     0000a6bb  _PWR_init                                        
0     0000a6c3  _PWR_enableWatchDogInt                           
0     0000a6cd  _PWR_enableBrownOutReset                         
0     0000a6d0  _PWR_disableWatchDogInt                          
0     0000a6da  _PWR_disableBrownOutReset                        
0     0000a6dd  _TIMER_setPreScaler                              
0     0000a6eb  _TIMER_setEmulationMode                          
0     0000a6ef  _TIMER_setDecimationFactor                       
0     0000a6fd  _TIMER_init                                      
0     0000a703  _TIMER_getStatus                                 
0     0000a706  _TIMER_enableInt                                 
0     0000a709  _TIMER_disableInt                                
0     0000a70c  _TIMER_clearFlag                                 
0     0000a70f  _OSC_setTrim                                     
0     0000a718  _OSC_setFineTrim                                 
0     0000a729  _OSC_setCoarseTrim                               
0     0000a736  _OSC_init                                        
0     0000a73c  C$$EXIT                                          
0     0000a73c  _abort                                           
0     0000a73e  _exit                                            
0     0000a765  _CPU_init                                        
0     0000a769  _CPU_enableProtectedRegisterWrite                
0     0000a76c  _CPU_enableInt                                   
0     0000a770  _CPU_enableGlobalInts                            
0     0000a773  _CPU_enableDebugInt                              
0     0000a776  _CPU_disableProtectedRegisterWrite               
0     0000a779  _CPU_disableInts                                 
0     0000a77c  _CPU_disableInt                                  
0     0000a781  _CPU_disableGlobalInts                           
0     0000a784  _CPU_disableDebugInt                             
0     0000a787  _CPU_clearIntFlags                               
0     0000a78a  FS$$TOI                                          
0     0000a7af  FS$$TOUL                                         
0     0000a7d0  _FLASH_init                                      
0     0000a7d6  _FLASH_getStandbyWaitStatus                      
0     0000a7da  _FLASH_getStandbyWaitCount                       
0     0000a7dd  _FLASH_getPowerMode                              
0     0000a7e0  _FLASH_getActiveWaitStatus                       
0     0000a7e4  _FLASH_getActiveWaitCount                        
0     0000a7e7  _FLASH_get3VStatus                               
0     0000a7ea  _FLASH_clear3VStatus                             
0     0000a7f0  FD$$TOL                                          
0     0000a80f  FS$$TOU                                          
0     0000a82c  FS$$TOFD                                         
0     0000a848  _ddcopy                                          
0     0000a848  _dpcopy                                          
0     0000a848  _pdcopy                                          
0     0000a848  _ppcopy                                          
0     0000a862  I$$TOFS                                          
0     0000a87c  L$$TOFS                                          
0     0000a896  __args_main                                      
0     0000a8af  FS$$CMP                                          
0     0000a8c6  UL$$TOFS                                         
0     0000a8d9  U$$TOFS                                          
0     0000a8e9  __register_unlock                                
0     0000a8ed  __register_lock                                  
0     0000a8f1  __nop                                            
0     0000a8f2  _copysign                                        
0     0000a8f2  _copysignf                                       
0     0000a903  _PIE_illegalIsr                                  
0     0000a908  FS$$NEG                                          
0     0000a90d  __system_pre_init                                
0     0000a90f  __system_post_cinit                              
0     0000a910  ___TI_enable_exit_profile_output                 
0     0000a910  ___etext__                                       
0     0000a910  etext                                            
0     0000a912  ___TI_cleanup_ptr                                
0     0000a914  ___TI_dtors_ptr                                  
0     0000a916  __lock                                           
0     0000a918  __unlock                                         
0     0000a91c  _cpu                                             
0     0000a91d  _errno                                           
0     0000a940  _halHandle                                       
0     0000a942  _gLEDcnt                                         
0     0000a944  _gPwmData                                        
0     0000a94a  _gAdcData                                        
0     0000a958  _gDrvSpi8301Vars                                 
0     0000a980  _gMotorVars                                      
0     0000aa00  _gUserParams                                     
0     0000aac0  _hal                                             
0     0000abce  __IQ30toF                                        
1     00000400  __stack                                          
1     000007b0  __STACK_END                                      
abs   00000036  _RamfuncsLoadSize                                
abs   000003b0  __STACK_SIZE                                     
abs   003f8ae7  _EST_setLs_q_pu                                  
abs   003f8af1  _EST_setLs_qFmt                                  
abs   003f8b45  _EST_setLs_d_pu                                  
abs   003f9513  _EST_getRs_Ohm                                   
abs   003f95c9  _EST_getLs_q_pu                                  
abs   003f95ce  _EST_getLs_q_H                                   
abs   003f95f0  _EST_getLs_d_pu                                  
abs   003f95f5  _EST_getLs_d_H                                   
abs   003f95ff  _EST_getLs_coarse_max_pu                         
abs   003f96ab  _EST_getFlux_pu                                  
abs   003fa83e  _CTRL_setGains                                   
abs   003fb4bb  _OFFSET_setOffset                                
abs   003fb4bd  _OFFSET_setInitCond                              
abs   003fb4c6  _OFFSET_setBeta                                  
abs   003fb4dc  _OFFSET_init                                     
abs   ffffffff  ___TI_pprof_out_hndl                             
abs   ffffffff  ___TI_prof_data_size                             
abs   ffffffff  ___TI_prof_data_start                            
abs   ffffffff  ___binit__                                       
abs   ffffffff  ___c_args__                                      
abs   ffffffff  ___pinit__                                       
abs   ffffffff  binit                                            
abs   ffffffff  pinit                                            

[537 symbols]
